--------- beginning of main
09-09 12:07:16.335   392   494 I DTVKIT_LOG: FdWriteTask:148 no file is read
09-09 12:07:16.407  1256  4752 W adbd    : timed out while waiting for FUNCTIONFS_BIND, trying again
09-09 12:07:16.408  1256  4752 I adbd    : UsbFfs: connection terminated: monitor thread finished
09-09 12:07:16.408  1256  1256 I adbd    : UsbFfs: already offline
09-09 12:07:16.409  1256  1256 I adbd    : destroying transport UsbFfs
09-09 12:07:16.409  1256  1256 I adbd    : UsbFfsConnection being destroyed
09-09 12:07:16.461  1256  1270 I adbd    : opening control endpoint /dev/usb-ffs/adb/ep0
09-09 12:07:16.463  1256  1270 I adbd    : UsbFfsConnection constructed
09-09 12:07:16.464  1256  4754 I adbd    : UsbFfs-monitor thread spawned
--------- beginning of kernel
09-09 12:07:16.466     0     0 I         : [  658.253153@1]  read descriptors
09-09 12:07:16.466     0     0 I         : [  658.253248@1]  read strings
09-09 12:07:17.465  1256  4754 W adbd    : timed out while waiting for FUNCTIONFS_BIND, trying again
09-09 12:07:17.465  1256  4754 I adbd    : UsbFfs: connection terminated: monitor thread finished
09-09 12:07:17.465  1256  1256 I adbd    : UsbFfs: already offline
09-09 12:07:17.465  1256  1256 I adbd    : destroying transport UsbFfs
09-09 12:07:17.466  1256  1256 I adbd    : UsbFfsConnection being destroyed
09-09 12:07:17.515  3523  3546 D MCSP_VOD.VodRemoeteService: linkedList's size=0
09-09 12:07:17.515  1256  1270 I adbd    : opening control endpoint /dev/usb-ffs/adb/ep0
09-09 12:07:17.517  1256  1270 I adbd    : UsbFfsConnection constructed
09-09 12:07:17.518     0     0 I         : [  659.306851@1]  read descriptors
09-09 12:07:17.518     0     0 I         : [  659.306914@2]  read strings
09-09 12:07:17.518  1256  4755 I adbd    : UsbFfs-monitor thread spawned
09-09 12:07:18.244  3523  3618 I MCSP_VOD.VOD-STAT: lost_rate 0, recv_rate 0kbps, coding_rate 0kbps, jitter_ 0ms, time_delay 0ms, system_cpu_percent 50%
09-09 12:07:18.519  1256  4755 W adbd    : timed out while waiting for FUNCTIONFS_BIND, trying again
09-09 12:07:18.519  1256  4755 I adbd    : UsbFfs: connection terminated: monitor thread finished
09-09 12:07:18.520  1256  1256 I adbd    : UsbFfs: already offline
09-09 12:07:18.522  1256  1256 I adbd    : destroying transport UsbFfs
09-09 12:07:18.522  1256  1256 I adbd    : UsbFfsConnection being destroyed
09-09 12:07:18.578  1256  1270 I adbd    : opening control endpoint /dev/usb-ffs/adb/ep0
09-09 12:07:18.580  1256  1270 I adbd    : UsbFfsConnection constructed
09-09 12:07:18.582     0     0 I         : [  660.369630@2]  read descriptors
09-09 12:07:18.582     0     0 I         : [  660.369653@2]  read strings
09-09 12:07:18.583  1256  4758 I adbd    : UsbFfs-monitor thread spawned
09-09 12:07:18.835   392   494 I DTVKIT_LOG: FdWriteTask:148 no file is read
09-09 12:07:19.584  1256  4758 W adbd    : timed out while waiting for FUNCTIONFS_BIND, trying again
09-09 12:07:19.584  1256  4758 I adbd    : UsbFfs: connection terminated: monitor thread finished
09-09 12:07:19.585  1256  1256 I adbd    : UsbFfs: already offline
09-09 12:07:19.585  1256  1256 I adbd    : destroying transport UsbFfs
09-09 12:07:19.585  1256  1256 I adbd    : UsbFfsConnection being destroyed
09-09 12:07:19.638  1256  1270 I adbd    : opening control endpoint /dev/usb-ffs/adb/ep0
09-09 12:07:19.642     0     0 I         : [  661.430206@2]  read descriptors
09-09 12:07:19.642     0     0 I         : [  661.430306@1]  read strings
09-09 12:07:19.641  1256  1270 I adbd    : UsbFfsConnection constructed
09-09 12:07:19.644  1256  4759 I adbd    : UsbFfs-monitor thread spawned
09-09 12:07:20.645  1256  4759 W adbd    : timed out while waiting for FUNCTIONFS_BIND, trying again
09-09 12:07:20.646  1256  4759 I adbd    : UsbFfs: connection terminated: monitor thread finished
09-09 12:07:20.647  1256  1256 I adbd    : UsbFfs: already offline
09-09 12:07:20.647  1256  1256 I adbd    : destroying transport UsbFfs
09-09 12:07:20.648  1256  1256 I adbd    : UsbFfsConnection being destroyed
09-09 12:07:20.716     0     0 I         : [  662.506334@1]  read descriptors
09-09 12:07:20.715  1256  1270 I adbd    : opening control endpoint /dev/usb-ffs/adb/ep0
09-09 12:07:20.717     0     0 I         : [  662.506434@0]  read strings
09-09 12:07:20.718  1256  1270 I adbd    : UsbFfsConnection constructed
09-09 12:07:20.719  1256  4760 I adbd    : UsbFfs-monitor thread spawned
09-09 12:07:21.336   392   494 I DTVKIT_LOG: FdWriteTask:148 no file is read
09-09 12:07:21.720  1256  4760 W adbd    : timed out while waiting for FUNCTIONFS_BIND, trying again
09-09 12:07:21.720  1256  4760 I adbd    : UsbFfs: connection terminated: monitor thread finished
09-09 12:07:21.720  1256  1256 I adbd    : UsbFfs: already offline
09-09 12:07:21.721  1256  1256 I adbd    : destroying transport UsbFfs
09-09 12:07:21.721  1256  1256 I adbd    : UsbFfsConnection being destroyed
09-09 12:07:21.771  1256  1270 I adbd    : opening control endpoint /dev/usb-ffs/adb/ep0
09-09 12:07:21.773  1256  1270 I adbd    : UsbFfsConnection constructed
09-09 12:07:21.774     0     0 I         : [  663.562349@0]  read descriptors
09-09 12:07:21.774     0     0 I         : [  663.562414@2]  read strings
09-09 12:07:21.775  1256  4761 I adbd    : UsbFfs-monitor thread spawned
09-09 12:07:22.776  1256  4761 W adbd    : timed out while waiting for FUNCTIONFS_BIND, trying again
09-09 12:07:22.776  1256  4761 I adbd    : UsbFfs: connection terminated: monitor thread finished
09-09 12:07:22.777  1256  1256 I adbd    : UsbFfs: already offline
09-09 12:07:22.777  1256  1256 I adbd    : destroying transport UsbFfs
09-09 12:07:22.778  1256  1256 I adbd    : UsbFfsConnection being destroyed
09-09 12:07:22.830  1256  1270 I adbd    : opening control endpoint /dev/usb-ffs/adb/ep0
09-09 12:07:22.831  1256  1270 I adbd    : UsbFfsConnection constructed
09-09 12:07:22.832  1256  4762 I adbd    : UsbFfs-monitor thread spawned
09-09 12:07:22.834     0     0 I         : [  664.621544@2]  read descriptors
09-09 12:07:22.834     0     0 I         : [  664.621606@2]  read strings
09-09 12:07:23.833  1256  4762 W adbd    : timed out while waiting for FUNCTIONFS_BIND, trying again
09-09 12:07:23.833  1256  4762 I adbd    : UsbFfs: connection terminated: monitor thread finished
09-09 12:07:23.834  1256  1256 I adbd    : UsbFfs: already offline
09-09 12:07:23.834  1256  1256 I adbd    : destroying transport UsbFfs
09-09 12:07:23.835  1256  1256 I adbd    : UsbFfsConnection being destroyed
09-09 12:07:23.836   392   494 I DTVKIT_LOG: FdWriteTask:148 no file is read
09-09 12:07:23.884  1256  1270 I adbd    : opening control endpoint /dev/usb-ffs/adb/ep0
09-09 12:07:23.886     0     0 I         : [  665.674970@2]  read descriptors
09-09 12:07:23.886     0     0 I         : [  665.675032@3]  read strings
09-09 12:07:23.886  1256  1270 I adbd    : UsbFfsConnection constructed
09-09 12:07:23.887  1256  4763 I adbd    : UsbFfs-monitor thread spawned
09-09 12:07:24.888  1256  4763 W adbd    : timed out while waiting for FUNCTIONFS_BIND, trying again
09-09 12:07:24.888  1256  4763 I adbd    : UsbFfs: connection terminated: monitor thread finished
09-09 12:07:24.888  1256  1256 I adbd    : UsbFfs: already offline
09-09 12:07:24.889  1256  1256 I adbd    : destroying transport UsbFfs
09-09 12:07:24.889  1256  1256 I adbd    : UsbFfsConnection being destroyed
09-09 12:07:24.920  1256  1270 I adbd    : opening control endpoint /dev/usb-ffs/adb/ep0
09-09 12:07:24.921  1256  1270 I adbd    : UsbFfsConnection constructed
09-09 12:07:24.922     0     0 I         : [  666.711203@3]  read descriptors
09-09 12:07:24.922     0     0 I         : [  666.711363@3]  read strings
09-09 12:07:24.922  1256  4764 I adbd    : UsbFfs-monitor thread spawned
09-09 12:07:25.923  1256  4764 W adbd    : timed out while waiting for FUNCTIONFS_BIND, trying again
09-09 12:07:25.924  1256  4764 I adbd    : UsbFfs: connection terminated: monitor thread finished
09-09 12:07:25.924  1256  1256 I adbd    : UsbFfs: already offline
09-09 12:07:25.924  1256  1256 I adbd    : destroying transport UsbFfs
09-09 12:07:25.925  1256  1256 I adbd    : UsbFfsConnection being destroyed
09-09 12:07:25.962  1256  1270 I adbd    : opening control endpoint /dev/usb-ffs/adb/ep0
09-09 12:07:25.963  1256  1270 I adbd    : UsbFfsConnection constructed
09-09 12:07:25.964  1256  4765 I adbd    : UsbFfs-monitor thread spawned
09-09 12:07:25.966     0     0 I         : [  667.753281@3]  read descriptors
09-09 12:07:25.966     0     0 I         : [  667.753314@0]  read strings
09-09 12:07:26.337   392   494 I DTVKIT_LOG: FdWriteTask:148 no file is read
09-09 12:07:26.965  1256  4765 W adbd    : timed out while waiting for FUNCTIONFS_BIND, trying again
09-09 12:07:26.965  1256  4765 I adbd    : UsbFfs: connection terminated: monitor thread finished
09-09 12:07:26.965  1256  1256 I adbd    : UsbFfs: already offline
09-09 12:07:26.966  1256  1256 I adbd    : destroying transport UsbFfs
09-09 12:07:26.966  1256  1256 I adbd    : UsbFfsConnection being destroyed
09-09 12:07:27.008  1256  1270 I adbd    : opening control endpoint /dev/usb-ffs/adb/ep0
09-09 12:07:27.010     0     0 I         : [  668.799138@0]  read descriptors
09-09 12:07:27.010     0     0 I         : [  668.799198@3]  read strings
09-09 12:07:27.010  1256  1270 I adbd    : UsbFfsConnection constructed
09-09 12:07:27.012  1256  4766 I adbd    : UsbFfs-monitor thread spawned
09-09 12:07:27.525  3523  3546 D MCSP_VOD.VodRemoeteService: linkedList's size=0
09-09 12:07:28.014  1256  4766 W adbd    : timed out while waiting for FUNCTIONFS_BIND, trying again
09-09 12:07:28.014  1256  4766 I adbd    : UsbFfs: connection terminated: monitor thread finished
09-09 12:07:28.015  1256  1256 I adbd    : UsbFfs: already offline
09-09 12:07:28.015  1256  1256 I adbd    : destroying transport UsbFfs
09-09 12:07:28.015  1256  1256 I adbd    : UsbFfsConnection being destroyed
09-09 12:07:28.058  1256  1270 I adbd    : opening control endpoint /dev/usb-ffs/adb/ep0
09-09 12:07:28.059  1256  1270 I adbd    : UsbFfsConnection constructed
09-09 12:07:28.059  1256  4767 I adbd    : UsbFfs-monitor thread spawned
09-09 12:07:28.062     0     0 I         : [  669.848937@3]  read descriptors
09-09 12:07:28.062     0     0 I         : [  669.848962@2]  read strings
09-09 12:07:28.258  3523  3618 I MCSP_VOD.VOD-STAT: lost_rate 0, recv_rate 0kbps, coding_rate 0kbps, jitter_ 0ms, time_delay 0ms, system_cpu_percent 50%
09-09 12:07:28.837   392   494 I DTVKIT_LOG: FdWriteTask:148 no file is read
09-09 12:07:29.061  1256  4767 W adbd    : timed out while waiting for FUNCTIONFS_BIND, trying again
09-09 12:07:29.061  1256  4767 I adbd    : UsbFfs: connection terminated: monitor thread finished
09-09 12:07:29.062  1256  1256 I adbd    : UsbFfs: already offline
09-09 12:07:29.062  1256  1256 I adbd    : destroying transport UsbFfs
09-09 12:07:29.062  1256  1256 I adbd    : UsbFfsConnection being destroyed
09-09 12:07:29.106  1256  1270 I adbd    : opening control endpoint /dev/usb-ffs/adb/ep0
09-09 12:07:29.109  1256  1270 I adbd    : UsbFfsConnection constructed
09-09 12:07:29.110     0     0 I         : [  670.897907@2]  read descriptors
09-09 12:07:29.110     0     0 I         : [  670.897970@0]  read strings
09-09 12:07:29.110  1256  4768 I adbd    : UsbFfs-monitor thread spawned
09-09 12:07:30.112  1256  4768 W adbd    : timed out while waiting for FUNCTIONFS_BIND, trying again
09-09 12:07:30.112  1256  4768 I adbd    : UsbFfs: connection terminated: monitor thread finished
09-09 12:07:30.113  1256  1256 I adbd    : UsbFfs: already offline
09-09 12:07:30.113  1256  1256 I adbd    : destroying transport UsbFfs
09-09 12:07:30.113  1256  1256 I adbd    : UsbFfsConnection being destroyed
09-09 12:07:30.162  1256  1270 I adbd    : opening control endpoint /dev/usb-ffs/adb/ep0
09-09 12:07:30.163  1256  1270 I adbd    : UsbFfsConnection constructed
09-09 12:07:30.163  1256  4769 I adbd    : UsbFfs-monitor thread spawned
09-09 12:07:30.166     0     0 I         : [  671.952966@0]  read descriptors
09-09 12:07:30.166     0     0 I         : [  671.952998@3]  read strings
09-09 12:07:31.164  1256  4769 W adbd    : timed out while waiting for FUNCTIONFS_BIND, trying again
09-09 12:07:31.164  1256  4769 I adbd    : UsbFfs: connection terminated: monitor thread finished
09-09 12:07:31.164  1256  1256 I adbd    : UsbFfs: already offline
09-09 12:07:31.164  1256  1256 I adbd    : destroying transport UsbFfs
09-09 12:07:31.164  1256  1256 I adbd    : UsbFfsConnection being destroyed
09-09 12:07:31.208  1256  1270 I adbd    : opening control endpoint /dev/usb-ffs/adb/ep0
09-09 12:07:31.209  1256  1270 I adbd    : UsbFfsConnection constructed
09-09 12:07:31.209  1256  4770 I adbd    : UsbFfs-monitor thread spawned
09-09 12:07:31.210     0     0 I         : [  672.998988@3]  read descriptors
09-09 12:07:31.210     0     0 I         : [  672.999028@1]  read strings
09-09 12:07:31.337   392   494 I DTVKIT_LOG: FdWriteTask:148 no file is read
09-09 12:07:32.210  1256  4770 W adbd    : timed out while waiting for FUNCTIONFS_BIND, trying again
09-09 12:07:32.210  1256  4770 I adbd    : UsbFfs: connection terminated: monitor thread finished
09-09 12:07:32.210  1256  1256 I adbd    : UsbFfs: already offline
09-09 12:07:32.210  1256  1256 I adbd    : destroying transport UsbFfs
09-09 12:07:32.211  1256  1256 I adbd    : UsbFfsConnection being destroyed
09-09 12:07:32.252  1256  1270 I adbd    : opening control endpoint /dev/usb-ffs/adb/ep0
09-09 12:07:32.255     0     0 I         : [  674.043755@1]  read descriptors
09-09 12:07:32.257     0     0 I         : [  674.043871@1]  read strings
09-09 12:07:32.257  1256  1270 I adbd    : UsbFfsConnection constructed
09-09 12:07:32.259  1256  4771 I adbd    : UsbFfs-monitor thread spawned
09-09 12:07:33.260  1256  4771 W adbd    : timed out while waiting for FUNCTIONFS_BIND, trying again
09-09 12:07:33.261  1256  4771 I adbd    : UsbFfs: connection terminated: monitor thread finished
09-09 12:07:33.261  1256  1256 I adbd    : UsbFfs: already offline
09-09 12:07:33.262  1256  1256 I adbd    : destroying transport UsbFfs
09-09 12:07:33.262  1256  1256 I adbd    : UsbFfsConnection being destroyed
09-09 12:07:33.310  1256  1270 I adbd    : opening control endpoint /dev/usb-ffs/adb/ep0
09-09 12:07:33.313  1256  1270 I adbd    : UsbFfsConnection constructed
09-09 12:07:33.314     0     0 I         : [  675.101771@1]  read descriptors
09-09 12:07:33.314     0     0 I         : [  675.101836@2]  read strings
09-09 12:07:33.315  1256  4772 I adbd    : UsbFfs-monitor thread spawned
09-09 12:07:33.838   392   494 I DTVKIT_LOG: FdWriteTask:148 no file is read
09-09 12:07:34.317  1256  4772 W adbd    : timed out while waiting for FUNCTIONFS_BIND, trying again
09-09 12:07:34.317  1256  4772 I adbd    : UsbFfs: connection terminated: monitor thread finished
09-09 12:07:34.317  1256  1256 I adbd    : UsbFfs: already offline
09-09 12:07:34.317  1256  1256 I adbd    : destroying transport UsbFfs
09-09 12:07:34.317  1256  1256 I adbd    : UsbFfsConnection being destroyed
09-09 12:07:34.382  1256  1270 I adbd    : opening control endpoint /dev/usb-ffs/adb/ep0
09-09 12:07:34.384  1256  1270 I adbd    : UsbFfsConnection constructed
09-09 12:07:34.385  1256  4774 I adbd    : UsbFfs-monitor thread spawned
09-09 12:07:34.386     0     0 I         : [  676.173190@2]  read descriptors
09-09 12:07:34.386     0     0 I         : [  676.173248@0]  read strings
09-09 12:07:35.386  1256  4774 W adbd    : timed out while waiting for FUNCTIONFS_BIND, trying again
09-09 12:07:35.386  1256  4774 I adbd    : UsbFfs: connection terminated: monitor thread finished
09-09 12:07:35.386  1256  1256 I adbd    : UsbFfs: already offline
09-09 12:07:35.386  1256  1256 I adbd    : destroying transport UsbFfs
09-09 12:07:35.386  1256  1256 I adbd    : UsbFfsConnection being destroyed
09-09 12:07:35.448  1256  1270 I adbd    : opening control endpoint /dev/usb-ffs/adb/ep0
09-09 12:07:35.450     0     0 I         : [  677.239400@0]  read descriptors
09-09 12:07:35.450     0     0 I         : [  677.239507@3]  read strings
09-09 12:07:35.450  1256  1270 I adbd    : UsbFfsConnection constructed
09-09 12:07:35.451  1256  4779 I adbd    : UsbFfs-monitor thread spawned
09-09 12:07:36.338   392   494 I DTVKIT_LOG: FdWriteTask:148 no file is read
09-09 12:07:36.452  1256  4779 W adbd    : timed out while waiting for FUNCTIONFS_BIND, trying again
09-09 12:07:36.452  1256  4779 I adbd    : UsbFfs: connection terminated: monitor thread finished
09-09 12:07:36.453  1256  1256 I adbd    : UsbFfs: already offline
09-09 12:07:36.453  1256  1256 I adbd    : destroying transport UsbFfs
09-09 12:07:36.454  1256  1256 I adbd    : UsbFfsConnection being destroyed
09-09 12:07:36.503  1256  1270 I adbd    : opening control endpoint /dev/usb-ffs/adb/ep0
09-09 12:07:36.506     0     0 I         : [  678.294159@3]  read descriptors
09-09 12:07:36.506     0     0 I         : [  678.294219@3]  read strings
09-09 12:07:36.505  1256  1270 I adbd    : UsbFfsConnection constructed
09-09 12:07:36.507  1256  4782 I adbd    : UsbFfs-monitor thread spawned
09-09 12:07:37.508  1256  4782 W adbd    : timed out while waiting for FUNCTIONFS_BIND, trying again
09-09 12:07:37.508  1256  4782 I adbd    : UsbFfs: connection terminated: monitor thread finished
09-09 12:07:37.508  1256  1256 I adbd    : UsbFfs: already offline
09-09 12:07:37.509  1256  1256 I adbd    : destroying transport UsbFfs
09-09 12:07:37.509  1256  1256 I adbd    : UsbFfsConnection being destroyed
09-09 12:07:37.534  3523  3546 D MCSP_VOD.VodRemoeteService: linkedList's size=0
09-09 12:07:37.559  1256  1270 I adbd    : opening control endpoint /dev/usb-ffs/adb/ep0
09-09 12:07:37.562     0     0 I         : [  679.350815@3]  read descriptors
09-09 12:07:37.562     0     0 I         : [  679.350875@2]  read strings
09-09 12:07:37.562  1256  1270 I adbd    : UsbFfsConnection constructed
09-09 12:07:37.563  1256  4783 I adbd    : UsbFfs-monitor thread spawned
09-09 12:07:38.264  3523  3618 I MCSP_VOD.VOD-STAT: lost_rate 0, recv_rate 0kbps, coding_rate 0kbps, jitter_ 0ms, time_delay 0ms, system_cpu_percent 50%
09-09 12:07:38.563  1256  4783 W adbd    : timed out while waiting for FUNCTIONFS_BIND, trying again
09-09 12:07:38.563  1256  4783 I adbd    : UsbFfs: connection terminated: monitor thread finished
09-09 12:07:38.564  1256  1256 I adbd    : UsbFfs: already offline
09-09 12:07:38.564  1256  1256 I adbd    : destroying transport UsbFfs
09-09 12:07:38.565  1256  1256 I adbd    : UsbFfsConnection being destroyed
09-09 12:07:38.615  1256  1270 I adbd    : opening control endpoint /dev/usb-ffs/adb/ep0
09-09 12:07:38.618     0     0 I         : [  680.406340@2]  read descriptors
09-09 12:07:38.618     0     0 I         : [  680.406580@1]  read strings
09-09 12:07:38.618  1256  1270 I adbd    : UsbFfsConnection constructed
09-09 12:07:38.618  1256  4784 I adbd    : UsbFfs-monitor thread spawned
09-09 12:07:38.839   392   494 I DTVKIT_LOG: FdWriteTask:148 no file is read
09-09 12:07:38.962     0     0 D [  680.750133@1]  logd: logdr: UID=2000 GID=2000 PID=4785 b tail=0 logMask=99 pid=0 start=0ns timeout=0ns
09-09 12:07:39.619  1256  4784 W adbd    : timed out while waiting for FUNCTIONFS_BIND, trying again
09-09 12:07:39.620  1256  4784 I adbd    : UsbFfs: connection terminated: monitor thread finished
09-09 12:07:39.620  1256  1256 I adbd    : UsbFfs: already offline
09-09 12:07:39.620  1256  1256 I adbd    : destroying transport UsbFfs
09-09 12:07:39.620  1256  1256 I adbd    : UsbFfsConnection being destroyed
09-09 12:07:39.658  1256  1270 I adbd    : opening control endpoint /dev/usb-ffs/adb/ep0
09-09 12:07:39.661  1256  1270 I adbd    : UsbFfsConnection constructed
09-09 12:07:39.661  1256  4788 I adbd    : UsbFfs-monitor thread spawned
09-09 12:07:39.662     0     0 I         : [  681.449787@3]  read descriptors
09-09 12:07:39.662     0     0 I         : [  681.449853@2]  read strings
09-09 12:07:40.663  1256  4788 W adbd    : timed out while waiting for FUNCTIONFS_BIND, trying again
09-09 12:07:40.663  1256  4788 I adbd    : UsbFfs: connection terminated: monitor thread finished
09-09 12:07:40.663  1256  1256 I adbd    : UsbFfs: already offline
09-09 12:07:40.663  1256  1256 I adbd    : destroying transport UsbFfs
09-09 12:07:40.664  1256  1256 I adbd    : UsbFfsConnection being destroyed
09-09 12:07:40.717  1256  1270 I adbd    : opening control endpoint /dev/usb-ffs/adb/ep0
09-09 12:07:40.720  1256  1270 I adbd    : UsbFfsConnection constructed
09-09 12:07:40.721  1256  4789 I adbd    : UsbFfs-monitor thread spawned
09-09 12:07:40.722     0     0 I         : [  682.508667@2]  read descriptors
09-09 12:07:40.722     0     0 I         : [  682.508730@0]  read strings
09-09 12:07:41.339   392   494 I DTVKIT_LOG: FdWriteTask:148 no file is read
09-09 12:07:41.722  1256  4789 W adbd    : timed out while waiting for FUNCTIONFS_BIND, trying again
09-09 12:07:41.722  1256  4789 I adbd    : UsbFfs: connection terminated: monitor thread finished
09-09 12:07:41.723  1256  1256 I adbd    : UsbFfs: already offline
09-09 12:07:41.723  1256  1256 I adbd    : destroying transport UsbFfs
09-09 12:07:41.724  1256  1256 I adbd    : UsbFfsConnection being destroyed
09-09 12:07:41.767  1256  1270 I adbd    : opening control endpoint /dev/usb-ffs/adb/ep0
09-09 12:07:41.770     0     0 I         : [  683.558475@0]  read descriptors
09-09 12:07:41.770     0     0 I         : [  683.558537@1]  read strings
09-09 12:07:41.769  1256  1270 I adbd    : UsbFfsConnection constructed
09-09 12:07:41.772  1256  4790 I adbd    : UsbFfs-monitor thread spawned
09-09 12:07:42.773  1256  4790 W adbd    : timed out while waiting for FUNCTIONFS_BIND, trying again
09-09 12:07:42.774  1256  4790 I adbd    : UsbFfs: connection terminated: monitor thread finished
09-09 12:07:42.774  1256  1256 I adbd    : UsbFfs: already offline
09-09 12:07:42.774  1256  1256 I adbd    : destroying transport UsbFfs
09-09 12:07:42.775  1256  1256 I adbd    : UsbFfsConnection being destroyed
09-09 12:07:42.815  1256  1270 I adbd    : opening control endpoint /dev/usb-ffs/adb/ep0
09-09 12:07:42.817  1256  1270 I adbd    : UsbFfsConnection constructed
09-09 12:07:42.818     0     0 I         : [  684.606075@1]  read descriptors
09-09 12:07:42.818     0     0 I         : [  684.606137@1]  read strings
09-09 12:07:42.819  1256  4791 I adbd    : UsbFfs-monitor thread spawned
--------- beginning of system
09-09 12:07:43.269   622  4515 I ActivityManager: Force stopping com.netgem.multicastsampleapp appid=10032 user=0: from pid 4794
09-09 12:07:43.272  4794  4796 I cmd     : oneway function results will be dropped but finished with status OK and parcel size 4
09-09 12:07:43.277   361   361 D memtrack_aml: debugfs path
09-09 12:07:43.292   361   361 I chatty  : uid=1000(system) memtrack@1.0-se identical 1 line
09-09 12:07:43.305   361   361 D memtrack_aml: debugfs path
09-09 12:07:43.309  3893  3893 E studio.deploy: Could not remove dir '/data/data/com.netgem.multicastsampleapp/code_cache/.ll/': No such file or directory
09-09 12:07:43.315   361   361 D memtrack_aml: debugfs path
09-09 12:07:43.316   361   361 D memtrack_aml: get task_name m.zte.zteplayer
09-09 12:07:43.327   361   361 D memtrack_aml: debugfs path
09-09 12:07:43.327   361   361 D memtrack_aml: get task_name ztestb.basecomp
09-09 12:07:43.336   361   361 D memtrack_aml: debugfs path
09-09 12:07:43.369   361   361 I chatty  : uid=1000(system) memtrack@1.0-se identical 4 lines
09-09 12:07:43.375   361   361 D memtrack_aml: debugfs path
09-09 12:07:43.375   361   361 D memtrack_aml: get task_name licauth.android
09-09 12:07:43.383   361   361 D memtrack_aml: debugfs path
09-09 12:07:43.409   361   361 I chatty  : uid=1000(system) memtrack@1.0-se identical 2 lines
09-09 12:07:43.422   361   361 D memtrack_aml: debugfs path
09-09 12:07:43.422   361   361 D memtrack_aml: get task_name factorytesttool
09-09 12:07:43.429   361   361 D memtrack_aml: debugfs path
09-09 12:07:43.446   361   361 I chatty  : uid=1000(system) memtrack@1.0-se identical 1 line
09-09 12:07:43.452   361   361 D memtrack_aml: debugfs path
09-09 12:07:43.453   361   361 D memtrack_aml: get task_name com.droidlogic
09-09 12:07:43.460   361   361 D memtrack_aml: debugfs path
09-09 12:07:43.599   622  4515 I ActivityManager: Force stopping com.netgem.multicastsampleapp appid=10032 user=0: from pid 4805
09-09 12:07:43.676   622  4515 I ActivityTaskManager: START u0 {act=android.intent.action.MAIN cat=[android.intent.category.LAUNCHER] flg=0x10000000 cmp=com.netgem.multicastsampleapp/.MulticastActivity} from uid 2000
09-09 12:07:43.689   622   642 D CompatibilityChangeReporter: Compat change id reported: 135634846; UID 10032; state: DISABLED
09-09 12:07:43.691   622   649 D CompatibilityChangeReporter: Compat change id reported: 143937733; UID 10032; state: ENABLED
09-09 12:07:43.711   622   643 W WindowManager: [addWindow] title:Splash Screen com.netgem.multicastsampleapp
09-09 12:07:43.468   361   361 I chatty  : uid=1000(system) memtrack@1.0-se identical 1 line
09-09 12:07:43.476   361   361 D memtrack_aml: debugfs path
09-09 12:07:43.714   322   322 D Zygote  : Forked child process 4814
09-09 12:07:43.717   622   649 I ActivityManager: Start proc 4814:com.netgem.multicastsampleapp/u0a32 for pre-top-activity {com.netgem.multicastsampleapp/com.netgem.multicastsampleapp.MulticastActivity}
09-09 12:07:43.735  4814  4814 I ticastsampleap: Late-enabling -Xcheck:jni
09-09 12:07:43.767  4814  4814 I ticastsampleap: Unquickening 12 vdex files!
09-09 12:07:43.776  1256  1275 I adbd    : jdwp connection from 4814
09-09 12:07:43.814   363   363 I android.hardware.power-service.libperfmgr: Power setBoost: INTERACTION duration: 0
09-09 12:07:43.814   363   363 I libperfmgr: Do Powerhint: INTERACTION
09-09 12:07:43.820  1256  4791 W adbd    : timed out while waiting for FUNCTIONFS_BIND, trying again
09-09 12:07:43.820  1256  4791 I adbd    : UsbFfs: connection terminated: monitor thread finished
09-09 12:07:43.820  1256  1256 I adbd    : UsbFfs: already offline
09-09 12:07:43.820  1256  1256 I adbd    : destroying transport UsbFfs
09-09 12:07:43.820  1256  1256 I adbd    : UsbFfsConnection being destroyed
09-09 12:07:43.837  4814  4814 W re-initialized>: type=1400 audit(0.0:209): avc: granted { execute } for path="/data/data/com.netgem.multicastsampleapp/code_cache/startup_agents/4ba71210-agent.so" dev="dm-13" ino=179690 scontext=u:r:untrusted_app:s0:c32,c256,c512,c768 tcontext=u:object_r:app_data_file:s0:c32,c256,c512,c768 tclass=file app=com.netgem.multicastsampleapp
09-09 12:07:43.839   392   494 I DTVKIT_LOG: FdWriteTask:148 no file is read
09-09 12:07:43.841  4814  4814 V studio.deploy: Startup agent attached to VM
09-09 12:07:43.841  4814  4814 V studio.deploy: No existing instrumentation found. Loading instrumentation from instruments-1f2f27f8.jar
09-09 12:07:43.863  4814  4814 W ticastsampleap: DexFile /data/data/com.netgem.multicastsampleapp/code_cache/.studio/instruments-1f2f27f8.jar is in boot class path but is not in a known location
09-09 12:07:43.867  1256  1270 I adbd    : opening control endpoint /dev/usb-ffs/adb/ep0
09-09 12:07:43.869  1256  1270 I adbd    : UsbFfsConnection constructed
09-09 12:07:43.869  1256  4835 I adbd    : UsbFfs-monitor thread spawned
09-09 12:07:43.870     0     0 I         : [  685.658028@2]  read descriptors
09-09 12:07:43.870     0     0 I         : [  685.658333@0]  read strings
09-09 12:07:43.870  4814  4814 V studio.deploy: Applying transforms with cached classes
09-09 12:07:43.874  4814  4814 W ticastsampleap: Accessing hidden method Landroid/app/ApplicationLoaders;-><clinit>()V (blacklist, linking, denied)
09-09 12:07:43.874  4814  4814 W ticastsampleap: Accessing hidden method Landroid/app/ApplicationLoaders;-><init>()V (greylist-max-o, linking, denied)
09-09 12:07:43.875  4814  4814 W ticastsampleap: Accessing hidden method Landroid/app/ApplicationLoaders;-><init>()V (greylist-max-o, linking, denied)
09-09 12:07:43.875  4814  4814 W ticastsampleap: Accessing hidden field Landroid/app/ApplicationLoaders;->mLoaders:Landroid/util/ArrayMap; (greylist, linking, allowed)
09-09 12:07:43.875  4814  4814 W ticastsampleap: Accessing hidden field Landroid/app/ApplicationLoaders;->mSystemLibsCacheMap:Ljava/util/Map; (blacklist, linking, denied)
09-09 12:07:43.876  4814  4814 W ticastsampleap: Accessing hidden method Landroid/app/ApplicationLoaders;->createAndCacheNonBootclasspathSystemClassLoader(Landroid/content/pm/SharedLibraryInfo;)V (blacklist, linking, denied)
09-09 12:07:43.876  4814  4814 W ticastsampleap: Accessing hidden method Landroid/content/pm/SharedLibraryInfo;->getPath()Ljava/lang/String; (blacklist, linking, denied)
09-09 12:07:43.876  4814  4814 W ticastsampleap: Accessing hidden method Landroid/app/ApplicationLoaders;->getClassLoader(Ljava/lang/String;IZLjava/lang/String;Ljava/lang/String;Ljava/lang/ClassLoader;Ljava/lang/String;Ljava/lang/String;Ljava/util/List;)Ljava/lang/ClassLoader; (blacklist, linking, denied)
09-09 12:07:43.877  4814  4814 W ticastsampleap: Accessing hidden method Landroid/os/Trace;->traceBegin(JLjava/lang/String;)V (greylist, linking, allowed)
09-09 12:07:43.877  4814  4814 W ticastsampleap: Accessing hidden method Lcom/android/internal/os/ClassLoaderFactory;->createClassLoader(Ljava/lang/String;Ljava/lang/String;Ljava/lang/String;Ljava/lang/ClassLoader;IZLjava/lang/String;Ljava/util/List;)Ljava/lang/ClassLoader; (blacklist, linking, denied)
09-09 12:07:43.877  4814  4814 W ticastsampleap: Accessing hidden method Lcom/android/internal/os/ClassLoaderFactory;->createClassLoader(Ljava/lang/String;Ljava/lang/String;Ljava/lang/ClassLoader;Ljava/lang/String;Ljava/util/List;)Ljava/lang/ClassLoader; (blacklist, linking, denied)
09-09 12:07:43.877  4814  4814 W ticastsampleap: Accessing hidden method Landroid/app/ApplicationLoaders;->getDefault()Landroid/app/ApplicationLoaders; (greylist, linking, allowed)
09-09 12:07:43.877  4814  4814 W ticastsampleap: Accessing hidden field Landroid/app/ApplicationLoaders;->gApplicationLoaders:Landroid/app/ApplicationLoaders; (greylist-max-o, linking, denied)
09-09 12:07:43.878  4814  4814 W ticastsampleap: Accessing hidden method Landroid/app/ApplicationLoaders;->sharedLibrariesEquals(Ljava/util/List;Ljava/util/List;)Z (blacklist, linking, denied)
09-09 12:07:43.878  4814  4814 W ticastsampleap: Accessing hidden method Landroid/app/ApplicationLoaders;->addNative(Ljava/lang/ClassLoader;Ljava/util/Collection;)V (greylist-max-o, linking, denied)
09-09 12:07:43.879  4814  4814 W ticastsampleap: Accessing hidden method Ldalvik/system/BaseDexClassLoader;->addNativePath(Ljava/util/Collection;)V (greylist-max-o,core-platform-api, linking, denied)
09-09 12:07:43.880  4814  4814 W ticastsampleap: Accessing hidden method Landroid/app/ApplicationLoaders;->addPath(Ljava/lang/ClassLoader;Ljava/lang/String;)V (greylist-max-o, linking, denied)
09-09 12:07:43.881  4814  4814 W ticastsampleap: Accessing hidden method Ldalvik/system/BaseDexClassLoader;->addDexPath(Ljava/lang/String;)V (greylist,core-platform-api, linking, allowed)
09-09 12:07:43.881  4814  4814 W ticastsampleap: Accessing hidden method Landroid/app/ApplicationLoaders;->createAndCacheNonBootclasspathSystemClassLoaders([Landroid/content/pm/SharedLibraryInfo;)V (blacklist, linking, denied)
09-09 12:07:43.881  4814  4814 W ticastsampleap: Accessing hidden field Landroid/app/ApplicationLoaders;->mSystemLibsCacheMap:Ljava/util/Map; (blacklist, linking, denied)
09-09 12:07:43.882  4814  4814 W ticastsampleap: Accessing hidden field Landroid/app/ApplicationLoaders;->mSystemLibsCacheMap:Ljava/util/Map; (blacklist, linking, denied)
09-09 12:07:43.882  4814  4814 W ticastsampleap: Accessing hidden method Landroid/app/ApplicationLoaders;->createAndCacheNonBootclasspathSystemClassLoader(Landroid/content/pm/SharedLibraryInfo;)V (blacklist, linking, denied)
09-09 12:07:43.883  4814  4814 W ticastsampleap: Accessing hidden method Landroid/app/ApplicationLoaders;->createAndCacheWebViewClassLoader(Ljava/lang/String;Ljava/lang/String;Ljava/lang/String;)Ljava/lang/ClassLoader; (greylist-max-o, linking, denied)
09-09 12:07:43.883  4814  4814 W ticastsampleap: Accessing hidden method Landroid/app/ApplicationLoaders;->getClassLoader(Ljava/lang/String;IZLjava/lang/String;Ljava/lang/String;Ljava/lang/ClassLoader;Ljava/lang/String;Ljava/lang/String;Ljava/util/List;)Ljava/lang/ClassLoader; (blacklist, linking, denied)
09-09 12:07:43.884  4814  4814 W ticastsampleap: Accessing hidden method Landroid/app/ApplicationLoaders;->getCachedNonBootclasspathSystemLib(Ljava/lang/String;Ljava/lang/ClassLoader;Ljava/lang/String;Ljava/util/List;)Ljava/lang/ClassLoader; (blacklist, linking, denied)
09-09 12:07:43.884  4814  4814 W ticastsampleap: Accessing hidden field Landroid/app/ApplicationLoaders;->mSystemLibsCacheMap:Ljava/util/Map; (blacklist, linking, denied)
09-09 12:07:43.885  4814  4814 W ticastsampleap: Accessing hidden field Landroid/app/ApplicationLoaders$CachedClassLoader;->sharedLibraries:Ljava/util/List; (blacklist, linking, denied)
09-09 12:07:43.885  4814  4814 W ticastsampleap: Accessing hidden method Landroid/app/ApplicationLoaders;->sharedLibrariesEquals(Ljava/util/List;Ljava/util/List;)Z (blacklist, linking, denied)
09-09 12:07:43.885  4814  4814 W ticastsampleap: Accessing hidden method Landroid/app/ApplicationLoaders;->getClassLoader(Ljava/lang/String;IZLjava/lang/String;Ljava/lang/String;Ljava/lang/ClassLoader;Ljava/lang/String;)Ljava/lang/ClassLoader; (greylist-max-o, linking, denied)
09-09 12:07:43.885  4814  4814 W ticastsampleap: Accessing hidden method Landroid/app/ApplicationLoaders;->getClassLoaderWithSharedLibraries(Ljava/lang/String;IZLjava/lang/String;Ljava/lang/String;Ljava/lang/ClassLoader;Ljava/lang/String;Ljava/util/List;)Ljava/lang/ClassLoader; (blacklist, linking, denied)
09-09 12:07:43.886  4814  4814 W ticastsampleap: Accessing hidden method Landroid/app/ApplicationLoaders;->getClassLoaderWithSharedLibraries(Ljava/lang/String;IZLjava/lang/String;Ljava/lang/String;Ljava/lang/ClassLoader;Ljava/lang/String;Ljava/util/List;)Ljava/lang/ClassLoader; (blacklist, linking, denied)
09-09 12:07:43.886  4814  4814 W ticastsampleap: Accessing hidden method Landroid/app/ApplicationLoaders;->getClassLoader(Ljava/lang/String;IZLjava/lang/String;Ljava/lang/String;Ljava/lang/ClassLoader;Ljava/lang/String;Ljava/lang/String;Ljava/util/List;)Ljava/lang/ClassLoader; (blacklist, linking, denied)
09-09 12:07:43.886  4814  4814 W ticastsampleap: Accessing hidden method Landroid/app/ApplicationLoaders;->getSharedLibraryClassLoaderWithSharedLibraries(Ljava/lang/String;IZLjava/lang/String;Ljava/lang/String;Ljava/lang/ClassLoader;Ljava/lang/String;Ljava/util/List;)Ljava/lang/ClassLoader; (blacklist, linking, denied)
09-09 12:07:43.886  4814  4814 W ticastsampleap: Accessing hidden method Landroid/app/ApplicationLoaders;->getCachedNonBootclasspathSystemLib(Ljava/lang/String;Ljava/lang/ClassLoader;Ljava/lang/String;Ljava/util/List;)Ljava/lang/ClassLoader; (blacklist, linking, denied)
09-09 12:07:43.886  4814  4814 W ticastsampleap: Accessing hidden method Ljava/lang/Thread;-><clinit>()V (blacklist, linking, denied)
09-09 12:07:43.887  4814  4814 W ticastsampleap: Accessing hidden field Ljava/lang/Thread;->EMPTY_STACK_TRACE:[Ljava/lang/StackTraceElement; (greylist-max-o, linking, denied)
09-09 12:07:43.887  4814  4814 W ticastsampleap: Accessing hidden field Ljava/lang/Thread;->SUBCLASS_IMPLEMENTATION_PERMISSION:Ljava/lang/RuntimePermission; (greylist-max-o, linking, denied)
09-09 12:07:43.887  4814  4814 W ticastsampleap: Accessing hidden field Ljava/lang/Thread;->lock:Ljava/lang/Object; (greylist, linking, allowed)
09-09 12:07:43.887  4814  4814 W ticastsampleap: Accessing hidden field Ljava/lang/Thread;->daemon:Z (greylist, linking, allowed)
09-09 12:07:43.887  4814  4814 W ticastsampleap: Accessing hidden field Ljava/lang/Thread;->stillborn:Z (greylist-max-o, linking, denied)
09-09 12:07:43.888  4814  4814 W ticastsampleap: Accessing hidden field Ljava/lang/Thread;->threadLocals:Ljava/lang/ThreadLocal$ThreadLocalMap; (greylist, linking, allowed)
09-09 12:07:43.888  4814  4814 W ticastsampleap: Accessing hidden field Ljava/lang/Thread;->inheritableThreadLocals:Ljava/lang/ThreadLocal$ThreadLocalMap; (greylist, linking, allowed)
09-09 12:07:43.888  4814  4814 W ticastsampleap: Accessing hidden field Ljava/lang/Thread;->systemDaemon:Z (blacklist, linking, denied)
09-09 12:07:43.888  4814  4814 W ticastsampleap: Accessing hidden field Ljava/lang/Thread;->started:Z (greylist-max-o, linking, denied)
09-09 12:07:43.888  4814  4814 W ticastsampleap: Accessing hidden field Ljava/lang/Thread;->blockerLock:Ljava/lang/Object; (greylist-max-o, linking, denied)
09-09 12:07:43.888  4814  4814 W ticastsampleap: Accessing hidden method Ljava/lang/Thread;->nextThreadNum()I (greylist-max-o, linking, denied)
09-09 12:07:43.888  4814  4814 W ticastsampleap: Accessing hidden field Ljava/lang/Thread;->stillborn:Z (greylist-max-o, linking, denied)
09-09 12:07:43.889  4814  4814 W ticastsampleap: Accessing hidden field Ljava/lang/Thread;->systemDaemon:Z (blacklist, linking, denied)
09-09 12:07:43.889  4814  4814 W ticastsampleap: Accessing hidden field Ljava/lang/Thread;->started:Z (greylist-max-o, linking, denied)
09-09 12:07:43.889  4814  4814 W ticastsampleap: Accessing hidden field Ljava/lang/Thread;->blockerLock:Ljava/lang/Object; (greylist-max-o, linking, denied)
09-09 12:07:43.889  4814  4814 W ticastsampleap: Accessing hidden method Ljava/lang/Thread;->nextThreadNum()I (greylist-max-o, linking, denied)
09-09 12:07:43.889  4814  4814 W ticastsampleap: Accessing hidden field Ljava/lang/Thread;->stillborn:Z (greylist-max-o, linking, denied)
09-09 12:07:43.890  4814  4814 W ticastsampleap: Accessing hidden field Ljava/lang/Thread;->systemDaemon:Z (blacklist, linking, denied)
09-09 12:07:43.890  4814  4814 W ticastsampleap: Accessing hidden field Ljava/lang/Thread;->started:Z (greylist-max-o, linking, denied)
09-09 12:07:43.890  4814  4814 W ticastsampleap: Accessing hidden field Ljava/lang/Thread;->blockerLock:Ljava/lang/Object; (greylist-max-o, linking, denied)
09-09 12:07:43.890  4814  4814 W ticastsampleap: Accessing hidden method Ljava/lang/Thread;->init(Ljava/lang/ThreadGroup;Ljava/lang/Runnable;Ljava/lang/String;J)V (greylist-max-o, linking, denied)
09-09 12:07:43.890  4814  4814 W ticastsampleap: Accessing hidden method Ljava/lang/Thread;-><init>(Ljava/lang/Runnable;Ljava/security/AccessControlContext;)V (blacklist, linking, denied)
09-09 12:07:43.891  4814  4814 W ticastsampleap: Accessing hidden field Ljava/lang/Thread;->stillborn:Z (greylist-max-o, linking, denied)
09-09 12:07:43.891  4814  4814 W ticastsampleap: Accessing hidden field Ljava/lang/Thread;->systemDaemon:Z (blacklist, linking, denied)
09-09 12:07:43.891  4814  4814 W ticastsampleap: Accessing hidden field Ljava/lang/Thread;->started:Z (greylist-max-o, linking, denied)
09-09 12:07:43.891  4814  4814 W ticastsampleap: Accessing hidden field Ljava/lang/Thread;->blockerLock:Ljava/lang/Object; (greylist-max-o, linking, denied)
09-09 12:07:43.891  4814  4814 W ticastsampleap: Accessing hidden method Ljava/lang/Thread;->nextThreadNum()I (greylist-max-o, linking, denied)
09-09 12:07:43.892  4814  4814 W ticastsampleap: Accessing hidden field Ljava/lang/Thread;->stillborn:Z (greylist-max-o, linking, denied)
09-09 12:07:43.892  4814  4814 W ticastsampleap: Accessing hidden field Ljava/lang/Thread;->systemDaemon:Z (blacklist, linking, denied)
09-09 12:07:43.892  4814  4814 W ticastsampleap: Accessing hidden field Ljava/lang/Thread;->started:Z (greylist-max-o, linking, denied)
09-09 12:07:43.892  4814  4814 W ticastsampleap: Accessing hidden field Ljava/lang/Thread;->blockerLock:Ljava/lang/Object; (greylist-max-o, linking, denied)
09-09 12:07:43.892  4814  4814 W ticastsampleap: Accessing hidden method Ljava/lang/Thread;->init(Ljava/lang/ThreadGroup;Ljava/lang/Runnable;Ljava/lang/String;J)V (greylist-max-o, linking, denied)
09-09 12:07:43.893  4814  4814 W ticastsampleap: Accessing hidden field Ljava/lang/Thread;->stillborn:Z (greylist-max-o, linking, denied)
09-09 12:07:43.893  4814  4814 W ticastsampleap: Accessing hidden field Ljava/lang/Thread;->systemDaemon:Z (blacklist, linking, denied)
09-09 12:07:43.893  4814  4814 W ticastsampleap: Accessing hidden field Ljava/lang/Thread;->started:Z (greylist-max-o, linking, denied)
09-09 12:07:43.893  4814  4814 W ticastsampleap: Accessing hidden field Ljava/lang/Thread;->blockerLock:Ljava/lang/Object; (greylist-max-o, linking, denied)
09-09 12:07:43.893  4814  4814 W ticastsampleap: Accessing hidden method Ljava/lang/Thread;->nextThreadNum()I (greylist-max-o, linking, denied)
09-09 12:07:43.893  4814  4814 W ticastsampleap: Accessing hidden field Ljava/lang/Thread;->stillborn:Z (greylist-max-o, linking, denied)
09-09 12:07:43.894  4814  4814 W ticastsampleap: Accessing hidden field Ljava/lang/Thread;->systemDaemon:Z (blacklist, linking, denied)
09-09 12:07:43.894  4814  4814 W ticastsampleap: Accessing hidden field Ljava/lang/Thread;->started:Z (greylist-max-o, linking, denied)
09-09 12:07:43.894  4814  4814 W ticastsampleap: Accessing hidden field Ljava/lang/Thread;->blockerLock:Ljava/lang/Object; (greylist-max-o, linking, denied)
09-09 12:07:43.894  4814  4814 W ticastsampleap: Accessing hidden method Ljava/lang/Thread;->init(Ljava/lang/ThreadGroup;Ljava/lang/Runnable;Ljava/lang/String;J)V (greylist-max-o, linking, denied)
09-09 12:07:43.894  4814  4814 W ticastsampleap: Accessing hidden field Ljava/lang/Thread;->stillborn:Z (greylist-max-o, linking, denied)
09-09 12:07:43.895  4814  4814 W ticastsampleap: Accessing hidden field Ljava/lang/Thread;->systemDaemon:Z (blacklist, linking, denied)
09-09 12:07:43.895  4814  4814 W ticastsampleap: Accessing hidden field Ljava/lang/Thread;->started:Z (greylist-max-o, linking, denied)
09-09 12:07:43.895  4814  4814 W ticastsampleap: Accessing hidden field Ljava/lang/Thread;->blockerLock:Ljava/lang/Object; (greylist-max-o, linking, denied)
09-09 12:07:43.897  4814  4814 W ticastsampleap: Accessing hidden method Ljava/lang/Thread;->init(Ljava/lang/ThreadGroup;Ljava/lang/Runnable;Ljava/lang/String;J)V (greylist-max-o, linking, denied)
09-09 12:07:43.897  4814  4814 W ticastsampleap: Accessing hidden field Ljava/lang/Thread;->stillborn:Z (greylist-max-o, linking, denied)
09-09 12:07:43.898  4814  4814 W ticastsampleap: Accessing hidden field Ljava/lang/Thread;->systemDaemon:Z (blacklist, linking, denied)
09-09 12:07:43.898  4814  4814 W ticastsampleap: Accessing hidden field Ljava/lang/Thread;->started:Z (greylist-max-o, linking, denied)
09-09 12:07:43.898  4814  4814 W ticastsampleap: Accessing hidden field Ljava/lang/Thread;->blockerLock:Ljava/lang/Object; (greylist-max-o, linking, denied)
09-09 12:07:43.899  4814  4814 W ticastsampleap: Accessing hidden method Ljava/lang/Thread;->init(Ljava/lang/ThreadGroup;Ljava/lang/Runnable;Ljava/lang/String;J)V (greylist-max-o, linking, denied)
09-09 12:07:43.899  4814  4814 W ticastsampleap: Accessing hidden method Ljava/lang/Thread;-><init>(Ljava/lang/ThreadGroup;Ljava/lang/String;IZ)V (greylist, linking, allowed)
09-09 12:07:43.899  4814  4814 W ticastsampleap: Accessing hidden field Ljava/lang/Thread;->stillborn:Z (greylist-max-o, linking, denied)
09-09 12:07:43.899  4814  4814 W ticastsampleap: Accessing hidden field Ljava/lang/Thread;->systemDaemon:Z (blacklist, linking, denied)
09-09 12:07:43.900  4814  4814 W ticastsampleap: Accessing hidden field Ljava/lang/Thread;->started:Z (greylist-max-o, linking, denied)
09-09 12:07:43.901  4814  4814 W ticastsampleap: Accessing hidden field Ljava/lang/Thread;->blockerLock:Ljava/lang/Object; (greylist-max-o, linking, denied)
09-09 12:07:43.901  4814  4814 W ticastsampleap: Accessing hidden field Ljava/lang/Thread;->group:Ljava/lang/ThreadGroup; (greylist, linking, allowed)
09-09 12:07:43.901  4814  4814 W ticastsampleap: Accessing hidden method Ljava/lang/ThreadGroup;->addUnstarted()V (greylist-max-o, linking, denied)
09-09 12:07:43.901  4814  4814 W ticastsampleap: Accessing hidden method Ljava/lang/Thread;->auditSubclass(Ljava/lang/Class;)Z (greylist-max-o, linking, denied)
09-09 12:07:43.901  4814  4814 W ticastsampleap: Accessing hidden method Ljava/lang/Thread$1;-><init>(Ljava/lang/Class;)V (blacklist, linking, denied)
09-09 12:07:43.901  4814  4814 W ticastsampleap: Accessing hidden method Ljava/lang/Thread;->exit()V (greylist-max-o, linking, denied)
09-09 12:07:43.902  4814  4814 W ticastsampleap: Accessing hidden method Ljava/lang/ThreadGroup;->threadTerminated(Ljava/lang/Thread;)V (greylist, linking, allowed)
09-09 12:07:43.902  4814  4814 W ticastsampleap: Accessing hidden field Ljava/lang/Thread;->target:Ljava/lang/Runnable; (greylist, linking, allowed)
09-09 12:07:43.902  4814  4814 W ticastsampleap: Accessing hidden field Ljava/lang/Thread;->inheritedAccessControlContext:Ljava/security/AccessControlContext; (greylist, linking, allowed)
09-09 12:07:43.902  4814  4814 W ticastsampleap: Accessing hidden field Ljava/lang/Thread;->blocker:Lsun/nio/ch/Interruptible; (greylist-max-o, linking, denied)
09-09 12:07:43.902  4814  4814 W ticastsampleap: Accessing hidden field Ljava/lang/Thread;->uncaughtExceptionHandler:Ljava/lang/Thread$UncaughtExceptionHandler; (greylist-max-o, linking, denied)
09-09 12:07:43.902  4814  4814 W ticastsampleap: Accessing hidden field Ljava/lang/ThreadGroup;->systemThreadGroup:Ljava/lang/ThreadGroup; (greylist, linking, allowed)
09-09 12:07:43.903  4814  4814 W ticastsampleap: Accessing hidden field Ljava/lang/Thread;->defaultUncaughtExceptionHandler:Ljava/lang/Thread$UncaughtExceptionHandler; (greylist-max-o, linking, denied)
09-09 12:07:43.903  4814  4814 W ticastsampleap: Accessing hidden method Ljava/lang/Thread;->getNativeTid()I (blacklist, linking, denied)
09-09 12:07:43.903  4814  4814 W ticastsampleap: Accessing hidden method Ljava/lang/Thread;->getUncaughtExceptionPreHandler()Ljava/lang/Thread$UncaughtExceptionHandler; (greylist,core-platform-api, linking, allowed)
09-09 12:07:43.903  4814  4814 W ticastsampleap: Accessing hidden field Ljava/lang/Thread;->uncaughtExceptionPreHandler:Ljava/lang/Thread$UncaughtExceptionHandler; (greylist, linking, allowed)
09-09 12:07:43.903  4814  4814 W ticastsampleap: Accessing hidden method Ljava/lang/Thread;->init(Ljava/lang/ThreadGroup;Ljava/lang/Runnable;Ljava/lang/String;J)V (greylist-max-o, linking, denied)
09-09 12:07:43.903  4814  4814 W ticastsampleap: Accessing hidden method Ljava/lang/Thread;->init(Ljava/lang/ThreadGroup;Ljava/lang/Runnable;Ljava/lang/String;JLjava/security/AccessControlContext;)V (blacklist, linking, denied)
09-09 12:07:43.904  4814  4814 W ticastsampleap: Accessing hidden method Ljava/lang/Thread;->init(Ljava/lang/ThreadGroup;Ljava/lang/Runnable;Ljava/lang/String;JLjava/security/AccessControlContext;)V (blacklist, linking, denied)
09-09 12:07:43.904  4814  4814 W ticastsampleap: Accessing hidden field Ljava/lang/Thread;->name:Ljava/lang/String; (greylist, linking, allowed)
09-09 12:07:43.904  4814  4814 W ticastsampleap: Accessing hidden method Ljava/lang/ThreadGroup;->addUnstarted()V (greylist-max-o, linking, denied)
09-09 12:07:43.904  4814  4814 W ticastsampleap: Accessing hidden method Ljava/lang/Thread;->init2(Ljava/lang/Thread;)V (greylist-max-o, linking, denied)
09-09 12:07:43.905  4814  4814 W ticastsampleap: Accessing hidden field Ljava/lang/Thread;->contextClassLoader:Ljava/lang/ClassLoader; (greylist, linking, allowed)
09-09 12:07:43.905  4814  4814 W ticastsampleap: Accessing hidden method Ljava/lang/ThreadLocal;->createInheritedMap(Ljava/lang/ThreadLocal$ThreadLocalMap;)Ljava/lang/ThreadLocal$ThreadLocalMap; (greylist-max-o, linking, denied)
09-09 12:07:43.905  4814  4814 W ticastsampleap: Accessing hidden method Ljava/lang/Thread;->interrupt0()V (blacklist, linking, denied)
09-09 12:07:43.905  4814  4814 W ticastsampleap: Accessing hidden method Ljava/lang/Thread;->isCCLOverridden(Ljava/lang/Class;)Z (greylist-max-o, linking, denied)
09-09 12:07:43.905  4814  4814 W ticastsampleap: Accessing hidden field Ljava/lang/Thread$Caches;->subclassAuditsQueue:Ljava/lang/ref/ReferenceQueue; (greylist-max-o, linking, denied)
09-09 12:07:43.905  4814  4814 W ticastsampleap: Accessing hidden field Ljava/lang/Thread$Caches;->subclassAudits:Ljava/util/concurrent/ConcurrentMap; (greylist-max-o, linking, denied)
09-09 12:07:43.906  4814  4814 W ticastsampleap: Accessing hidden method Ljava/lang/Thread;->processQueue(Ljava/lang/ref/ReferenceQueue;Ljava/util/concurrent/ConcurrentMap;)V (greylist-max-o, linking, denied)
09-09 12:07:43.906  4814  4814 W ticastsampleap: Accessing hidden method Ljava/lang/Thread;->nativeCreate(Ljava/lang/Thread;JZ)V (greylist-max-o, linking, denied)
09-09 12:07:43.906  4814  4814 W ticastsampleap: Accessing hidden method Ljava/lang/Thread;->nativeGetStatus(Z)I (greylist-max-o, linking, denied)
09-09 12:07:43.906  4814  4814 W ticastsampleap: Accessing hidden method Ljava/lang/Thread;->nextThreadID()J (greylist-max-o, linking, denied)
09-09 12:07:43.906  4814  4814 W ticastsampleap: Accessing hidden field Ljava/lang/Thread;->threadSeqNumber:J (greylist, linking, allowed)
09-09 12:07:43.906  4814  4814 W ticastsampleap: Accessing hidden method Ljava/lang/Thread;->nextThreadNum()I (greylist-max-o, linking, denied)
09-09 12:07:43.907  4814  4814 W ticastsampleap: Accessing hidden field Ljava/lang/Thread;->threadInitNumber:I (greylist-max-o, linking, denied)
09-09 12:07:43.907  4814  4814 W ticastsampleap: Accessing hidden field Ljava/lang/Thread;->threadInitNumber:I (greylist-max-o, linking, denied)
