09-09 12:07:46.161  3523  3618 I chatty  : uid=1000(system) vod_MainThread identical 4 lines
09-09 12:07:46.161  3523  3618 E MCSP_VOD.VOD_ERROR_OUT: [iudpMediaData][912]:[ZTESC ERROR]fec parity data error!iLen=1316!
09-09 12:07:46.161  3523  4861 I AmCodecVDA: [No-4](0xea5c3df0) sendCommand VDA_SET_INSTANS_NUM 4
09-09 12:07:46.161  3523  4861 I AmCodecV4l2OutputDevice: [No-4](0xea981a50) setInstansNo setInstansNo
09-09 12:07:46.161  3523  4861 I PtsServ : [No--1](0xea7c5ab0) setInstansNo mPlayerInstansNo 4
09-09 12:07:46.161  3523  4861 I AmCodecWrapper: AmCodecWrapper::setInstansNo 4
09-09 12:07:46.161  3523  4861 I AmCodecVDA: [No-4](0xea5c3df0) sendCommand VDA_SET_VIDEO_RESUME_DECODING
09-09 12:07:46.161  3523  4861 I AmCodecWrapper: AmCodecWrapper::resume
09-09 12:07:46.161  3523  4856 I VideodecNonTunnelWrapper: [No-4](0xe5f032d0) SetWorkMode in mode:0 vid:256
09-09 12:07:46.161  3523  4861 I AmCodecVDA: [No-4](0xea5c3df0) sendCommand VDA_SET_WORK_MODE 0
09-09 12:07:46.161  3523  4861 I AmCodecVDA: [No-4](0xea5c3df0) sendCommand VDA_SET_WORK_MODE 0
09-09 12:07:46.161  3523  4856 I VideoTunnelDisplay: [No-4](0xeaa56390) Connect in
09-09 12:07:46.161  3523  4856 I VideoTunnelDisplay: [No-4](0xeaa56390) Connect return mConnected:1 mTunnelId:0
09-09 12:07:46.162  3523  4856 I VideodecNonTunnelWrapper: [No-4](0xe5f032d0) SetWorkMode end
09-09 12:07:46.162  3523  4861 I AmCodecVDA: [No-4](0xea5c3df0) sendCommand VDA_SET_FAST 1.000000
09-09 12:07:46.162  3523  4861 I AmCodecWrapper: AmCodecWrapper::setFastSpeed speed 1
09-09 12:07:46.162  3523  4860 I VideodecNonTunnelWrapper: [No-4](0xe5f032d0) OnStart 
09-09 12:07:46.162  3523  4861 I AmCodecVDA: [No-4](0xea5c3df0) sendCommand VDA_SET_TRICKMODE 0
09-09 12:07:46.162  3523  4860 I TsRenderer: [No-4](0xea508f80) StartVideoRender mSyncmode:1 mSyncInsId:-1 mAudioStarted:0,mAudioMute=0
09-09 12:07:46.162  3523  4861 I amcodec : vcodec_set_cntl_mode mode 0
09-09 12:07:46.162  3523  4861 I amcodec : vcodec_set_cntl_mode amstream ret=0
09-09 12:07:46.162  3523  4861 I amcodec : vcodec_set_cntl_mode amvideo ret=0
09-09 12:07:46.162  3523  4856 I TsPlayer: [No-4](0xde8c8710) TSP_onMessageReceived kWhatStartAudio set hasvideo:1
09-09 12:07:46.162  3523  4856 I TsPlayer: [No-4](0xde8c8710) AudioTypeConvert type 6 fmt 2
09-09 12:07:46.162  3523  4856 V AmAudioHalWrapper: [No-4](0xea4a2910) Am_AudioHalWrapper_SetAudioParam aid 257 afmt2
09-09 12:07:46.162  3523  4860 I AmMediaSync: vendor.mediasync.start.threshold set = 300
09-09 12:07:46.163  3523  4860 I AmMediaSync: vendor.mediasync.show.firstframe.nosync set = 0
09-09 12:07:46.163  3523  4860 I AmMediaSync: vendor.mediasync.debug.level set = 0
09-09 12:07:46.163  3523  4860 I AmMediaSync: vendor.mediasync.judge.underrunus set = 200
09-09 12:07:46.163  3523  4860 I AmMediaSync: vendor.mediasync.enable.drop set = 1
09-09 12:07:46.163  3523  4860 I AmMediaSync: vendor.mediasync.enable.audio.slowplay.sync set = 0
09-09 12:07:46.163  3523  4860 I AmMediaSync: vendor.mediasync.audio.freerun set = 0
09-09 12:07:46.163  3523  4860 I AmMediaSync: vendor.mediasync.video.freerun set = 0
09-09 12:07:46.163  3523  4860 I AmMediaSync: vendor.mediasync.cache.nofocus.apts set = 1
09-09 12:07:46.163  3523  4860 I AmMediaSync: vendor.mediasync.slowsync.enable set = 1
09-09 12:07:46.167     0     0 I         : [  687.954485@1]  mediasync_ins_alloc index:0, demuxid:-1.
09-09 12:07:46.163  3523  4860 I AmMediaSync: vendor.mediasync.slowsync.rate set = 0.300000
09-09 12:07:46.163  3523  4860 I AmMediaSync: vendor.mediasync.slowsync.pvdiff set = 200
09-09 12:07:46.163  3523  4860 I AmMediaSync: [MEDIA_TYPE_MAX_-1-0](MediaSync-205) this:0xe5dc7230, showfirst:0, debuglevel:0, StartThreshold:300 ms, slowsyncEnable:1
09-09 12:07:46.163  3523  4860 I AmMediaSync: [MEDIA_TYPE_MAX_-1-0](MediaSync-207) slowsyncSpeed 0.300000, slowsyncThreshold 200
09-09 12:07:46.163  3523  4860 I AmMediaSync: [MEDIA_TYPE_MAX_-1-0](setPlayerInsNumber-387) Player id:4
09-09 12:07:46.163  3523  4860 I AmMediaSync: [MEDIA_TYPE_MAX_-1-4](allocInstance-328) allocInstance demuxid:-1 pcrpid:0xffffffff
09-09 12:07:46.163  3523  4860 I AmMediaSync: [MEDIA_TYPE_MAX_0-4](allocInstance-347) allocInstance InsId:0
09-09 12:07:46.163  3523  4860 I AmMediaSync: [MEDIA_VIDEO_0-4](bindInstance-362) SyncInsId:0 mStreamtype:video, mSyncInsId:0, mOmxTunnelMode:0.
09-09 12:07:46.165  3523  4860 I AmMediaSync: [MEDIA_VIDEO_0-4](startAVProcessThread-988) create thread:-1253887552 success
09-09 12:07:46.165  3523  4860 I AmMediaSync: [MEDIA_VIDEO_0-4](setParameter-1048) MEDIASYNC_KEY_VIDEOWORKMODE
09-09 12:07:46.165  3523  4860 I AmMediaSync: [MEDIA_VIDEO_0-4](setVideoWorkMode-1687) setVideoWorkMode:0.
09-09 12:07:46.165  3523  4860 I TsRenderer: [No-4](0xea508f80) StartVideoRender AudioNoStarted MEDIA_SYNC_VMASTER
09-09 12:07:46.165  3523  4860 I AmMediaSync: [MEDIA_VIDEO_0-4](setSyncMode-393) setSyncMode mode:0
09-09 12:07:46.165  3523  4860 I AmMediaSync: setParameter, mAudioMute =0
09-09 12:07:46.165  3523  4860 I AmMediaSync: setParameter, mSourceType =1
09-09 12:07:46.165  3523  4860 I TsVideoSyncAdapterWraper: [No-4](0xeab94970) TsVideoSyncAdapterWraper in
09-09 12:07:46.165  3523  4855 I TsRenderer: [No-4](0xea508f80) onResume in mPaused:0
09-09 12:07:46.166  3523  4863 I AmCodecVDA: [No-4](0xea5c3df0) displayThreadLoop in
09-09 12:07:46.166  3523  4856 I TsRenderer: [No-4](0xea508f80) StartAudioPatchRender mSyncInsId : 65280 
09-09 12:07:46.166  3523  4856 I TsRenderer: [No-4](0xea508f80) StartAudioPatchRender VideoStarted MEDIA_SYNC_AMASTER
09-09 12:07:46.166  3523  4856 I AmMediaSync: [MEDIA_VIDEO_0-4](setSyncMode-393) setSyncMode mode:1
09-09 12:07:46.166  3523  4856 V AmAudioHalWrapper: [No-4](0xea4a2910) Am_AudioHalWrapper_SetMediaSyncId MediaSyncId:65280 
09-09 12:07:46.166  3523  4856 I AmAudioHalWrapper: [No-4](0xea4a2910) Am_AudioHalWrapper_SetAudioPatchManageMode mdmx_dev_id:0, sourceType:1, audioPatchManageMode: -1
09-09 12:07:46.166   343   416 I SystemControl: setAudioParam param1 = 26, param2 = 1, param3 = -1, param4 = 0
09-09 12:07:46.166  3523  4856 V AmAudioHalWrapper: [No-4](0xea4a2910) Am_AudioHalWrapper_Open mfmt:2 
09-09 12:07:46.166  3523  4856 V AmAudioHalWrapper: [No-4](0xea4a2910) Am_AudioHalWrapper_SetSecuMemLevel level 0 mfmt:2
09-09 12:07:46.166   343   416 I SystemControl: setAudioParam param1 = 15, param2 = 0, param3 = 0, param4 = 0
09-09 12:07:46.167  3523  4856 I AmAudioHalWrapper: [No-4](0xea4a2910) Am_AudioHalWrapper_SetDmxInfo apid:101  dmx_dev_id:0 
09-09 12:07:46.167   343   416 I SystemControl: setAudioParam param1 = 14, param2 = 257, param3 = 0, param4 = 0
09-09 12:07:46.167   928  1066 D SystemControlEvent: notify audio callback param1:26param2:1param3:-1param4:0
09-09 12:07:46.167   343   416 I SystemControl: setAudioParam param1 = 17, param2 = 65280, param3 = 0, param4 = 0
09-09 12:07:46.167   928  1066 I AudioSystemCmdService: HandleAudioEvent cmd:[26]invalid cmd, param1:1, param2:-1, param3:0, is Dtvkit.
09-09 12:07:46.167  3523  4856 V AmAudioHalWrapper: [No-4](0xea4a2910) Am_AudioHalWrapper_Open SET_MEDIA_SYCN_ID success
09-09 12:07:46.168   343   416 I SystemControl: setAudioParam param1 = 12, param2 = 2, param3 = 257, param4 = 0
09-09 12:07:46.168   928  1066 I AudioSystemCmdService: mForceManagePatch: true, isDvbPlayback: false, forceManagePatchMode: -1, hasTif: true, so mNotImptTvHardwareInputService set to true
09-09 12:07:46.169  3523  4856 V AmAudioHalWrapper: [No-4](0xea4a2910) Am_AudioHalWrapper_Open success 
09-09 12:07:46.169  3523  4856 V AmAudioHalWrapper: [No-4](0xea4a2910) Am_AudioHalWrapper_SetHasVideo hasvideo:1 
09-09 12:07:46.169  3523  4856 V AmAudioHalWrapper: [No-4](0xea4a2910) Am_AudioHalWrapper_Start mfmt 2 mvolum:100 mmute:0 mAudioWorkMode:0
09-09 12:07:46.169  3523  4856 V AmAudioHalWrapper: [No-4](0xea4a2910) Am_AudioHalWrapper_OnStart in
09-09 12:07:46.169   928  1066 D SystemControlEvent: notify audio callback param1:26param2:1param3:-1param4:0
09-09 12:07:46.169   343   416 I SystemControl: setAudioParam param1 = 16, param2 = 1, param3 = 0, param4 = 0
09-09 12:07:46.169   343   416 I SystemControl: setAudioParam param1 = 1, param2 = 2, param3 = 257, param4 = 0
09-09 12:07:46.169   343   416 I SystemControl: setAudioParam param1 = 8, param2 = 0, param3 = 0, param4 = 0
09-09 12:07:46.170  3523  4856 V AmAudioHalWrapper: [No-4](0xea4a2910) Am_AudioHalWrapper_OnStart ok
09-09 12:07:46.170  3523  4856 I AmAudioHalWrapper: [No-4](0xea4a2910) Am_AudioHalWrapper_Start create GetAudioStatus_thread success tid:3040027072.
09-09 12:07:46.170  3523  4856 I TsPlayer: [No-4](0xeaa90ea0) SetAudioParm audio pid: 0x101
09-09 12:07:46.170  3523  3618 E MCSP_VOD.VOD_ERROR_OUT: [iudpMediaData][912]:[ZTESC ERROR]fec parity data error!iLen=1316!
09-09 12:07:46.170  3523  3618 E MCSP_VOD.VOD_ERROR_OUT: [iudpMediaData][912]:[ZTESC ERROR]fec parity data error!iLen=1316!
09-09 12:07:46.170  3523  4865 I AmAudioHalWrapper: [No-4] Am_AudioHalWrapper_GetAudioStatus_thread start
09-09 12:07:46.170   928  1066 D SystemControlEvent: notify audio callback param1:15param2:0param3:0param4:0
09-09 12:07:46.171   928  1066 I AudioSystemCmdService: HandleAudioEvent cmd:[15]SET_SECURITY_MEM_LEVEL, param1:0, param2:0, param3:0, is Dtvkit.
09-09 12:07:46.171  3523  3618 E MCSP_VOD.VOD_ERROR_OUT: [iudpMediaData][912]:[ZTESC ERROR]fec parity data error!iLen=1316!
09-09 12:07:46.171  3523  3618 I chatty  : uid=1000(system) vod_MainThread identical 3 lines
09-09 12:07:46.171  3523  3618 E MCSP_VOD.VOD_ERROR_OUT: [iudpMediaData][912]:[ZTESC ERROR]fec parity data error!iLen=1316!
09-09 12:07:46.173   345   596 I audio_hw_primary: adev_set_parameters(0xee56e030, kv: hal_param_security_mem_level=0)
09-09 12:07:46.173   345   596 I audio_hw_dtv: dtv_patch_handle_event path_id 0 cmd 15
09-09 12:07:46.173   345   596 I audio_hw_dtv: security_mem_level set to 0
09-09 12:07:46.173   345   596 D audio_hw_primary: get dtv param(kv: hal_param_security_mem_level=0)
09-09 12:07:46.174   928  1066 D SystemControlEvent: notify audio callback param1:15param2:0param3:0param4:0
09-09 12:07:46.174   928  1066 D SystemControlEvent: notify audio callback param1:14param2:257param3:0param4:0
09-09 12:07:46.174   928  1066 I AudioSystemCmdService: HandleAudioEvent cmd:[14]SET_DEMUX_INFO, param1:257, param2:0, param3:0, is Dtvkit.
09-09 12:07:46.175   345   596 I audio_hw_primary: adev_set_parameters(0xee56e030, kv: hal_param_dtv_demux_id=0)
09-09 12:07:46.175   345   596 I audio_hw_dtv: dtv_patch_handle_event path_id 0 cmd 14
09-09 12:07:46.175   345   596 I audio_hw_dtv: demux_id 0
09-09 12:07:46.175   345   596 D audio_hw_primary: get dtv param(kv: hal_param_dtv_demux_id=0)
09-09 12:07:46.176   345   596 I audio_hw_primary: adev_set_parameters(0xee56e030, kv: hal_param_dtv_cmd=14)
09-09 12:07:46.177   928  1066 D SystemControlEvent: notify audio callback param1:14param2:257param3:0param4:0
09-09 12:07:46.177   928  1066 D SystemControlEvent: notify audio callback param1:17param2:65280param3:0param4:0
09-09 12:07:46.178   928  1066 I AudioSystemCmdService: HandleAudioEvent cmd:[17]invalid cmd, param1:65280, param2:0, param3:0, is Dtvkit.
09-09 12:07:46.178   345   596 I audio_hw_primary: adev_set_parameters(0xee56e030, kv: hal_param_media_sync_id=65280)
09-09 12:07:46.179   345   596 I audio_hw_dtv: dtv_patch_handle_event path_id 0 cmd 25
09-09 12:07:46.179   345   596 I audio_hw_dtv: demux_info->media_sync_id  65280
09-09 12:07:46.179   345   596 D audio_hw_primary: get dtv param(kv: hal_param_media_sync_id=65280)
09-09 12:07:46.180  3523  3618 E MCSP_VOD.VOD_ERROR_OUT: [iudpMediaData][912]:[ZTESC ERROR]fec parity data error!iLen=1316!
09-09 12:07:46.180   928  1066 D SystemControlEvent: notify audio callback param1:17param2:65280param3:0param4:0
09-09 12:07:46.180  3523  3618 E MCSP_VOD.VOD_ERROR_OUT: [iudpMediaData][912]:[ZTESC ERROR]fec parity data error!iLen=1316!
09-09 12:07:46.180  3523  3618 E MCSP_VOD.VOD_ERROR_OUT: [iudpMediaData][912]:[ZTESC ERROR]fec parity data error!iLen=1316!
09-09 12:07:46.180   928  1066 D SystemControlEvent: notify audio callback param1:12param2:2param3:257param4:0
09-09 12:07:46.180  3523  3618 E MCSP_VOD.VOD_ERROR_OUT: [iudpMediaData][912]:[ZTESC ERROR]fec parity data error!iLen=1316!
09-09 12:07:46.180  3523  3618 E MCSP_VOD.VOD_ERROR_OUT: [iudpMediaData][912]:[ZTESC ERROR]fec parity data error!iLen=1316!
09-09 12:07:46.180   928  1066 I AudioSystemCmdService: HandleAudioEvent cmd:[12]OPEN_DECODER, param1:2, param2:257, param3:0, is Dtvkit.
09-09 12:07:46.183   928  1066 I AudioSystemCmdService: updateAudioConfigLocked sinkUpdated:false, mAudioPatch is empty:true
09-09 12:07:46.184   928  1066 D AudioSystemCmdService: updateVolume mCurrentIndex:20, mCommitedIndex:20
09-09 12:07:46.185   928  1066 W AudioSystemCmdService: updateAudioConfigLocked No audio source gain with MODE_JOINT support exists.
09-09 12:07:46.185   928  1066 I AudioSystemCmdService: updateAudioConfigLocked recreatePatch:true
09-09 12:07:46.186   345   596 I audio_hw_primary: [adev_create_audio_patch:8478] sources:1 sinks:1 DEVICE->DEVICE new id:6 patch_src:DTV
09-09 12:07:46.186   345   596 I audio_hw_primary: [adev_create_audio_patch:8494] one sink, sink:HDMI
09-09 12:07:46.186   345   596 I audio_hw_primary: aml_audio_output_routing: outport HDMI already exists, do nothing
09-09 12:07:46.186   345   596 I audio_hw_primary: [adev_create_audio_patch:8534] dev(TUNER) -> dev(HDMI) patch, patch_src:DTV
09-09 12:07:46.186   345   596 I audio_hw_primary: [adev_create_audio_patch:8535] input dev:0x80004000, all output dev:0x400
09-09 12:07:46.186   345   596 I audio_hw_dtv: dtv_instances->dvb_path_count 1
09-09 12:07:46.186   345   596 I sub_mixing_factory: [switchNormalStream:1514] +stream 0xea043c30, on = 0
09-09 12:07:46.186   345   596 I sub_mixing_factory: [deleteSubMixingInputPcm:744] cnt_stream_using_mixer 0
09-09 12:07:46.186   345   596 D audio_hw_primary: out_standby_new: enter
09-09 12:07:46.187   345   596 I audio_hw_primary: already standby, do nothing
09-09 12:07:46.187   345  4866 I audio_hw_dtv: switch_flag=0, show_first_nosync=1, pre_latency=30,discontinue:2700000
09-09 12:07:46.190     0     0 I         : [  687.980168@0]  audio_send_uevent[48] AUDIO_FORMAT=0 0
09-09 12:07:46.187   345  4866 I audio_hw_dtv: sync:pcr_adjust_max=90000
09-09 12:07:46.187   345  4866 I audio_hw_dtv: [audiohal_kpi]++audio_dtv_patch_process_threadloop_v2 Enter.
09-09 12:07:46.196     0     0 I         : [  687.980182@3]  update audio atmos flag! audio_type = 0
09-09 12:07:46.187   345   596 I audio_hw_primary: [dtv_assoc_init 193] associate audio init success! 
09-09 12:07:46.185   345   345 W HwBinder:345_4: type=1400 audit(0.0:218): avc: denied { write } for name="show_first_frame_nosync" dev="sysfs" ino=27738 scontext=u:r:hal_audio_default:s0 tcontext=u:object_r:sysfs_video:s0 tclass=file permissive=0
09-09 12:07:46.196     0     0 W [  687.986428@3]  mem_desc: find bufferid 62 & 126 for es
09-09 12:07:46.187   345   596 I audio_hw_dtv: --create_dtv_patch_l
09-09 12:07:46.187   345   596 I audio_hw_primary: adev_create_audio_patch, now end create dtv patch the audio_patching is 1 
09-09 12:07:46.187   345  4866 E audio_hw_utils: unable to open file /sys/class/video/show_first_frame_nosync,err: Permission denied
09-09 12:07:46.187   345  4866 I audio_hw_dtv: show_first_frame_nosync set 1
09-09 12:07:46.188   928  1130 D UEventObserver: change@/devices/platform/auge_soundACTION=changeDEVPATH=/devices/platform/auge_soundSUBSYSTEM=platformAUDIO_FORMAT=0DRIVER=asoc-aml-cardOF_NAME=auge_soundOF_FULLNAME=/auge_soundOF_COMPATIBLE_0=amlogic, auge-sound-cardOF_COMPATIBLE_N=1MODALIAS=of:Nauge_soundT(null)Camlogic,_auge-sound-cardSEQNUM=3482
09-09 12:07:46.188   928  1130 D AudioSystemCmdService: UEVENT: {SUBSYSTEM=platform, SEQNUM=3482, ACTION=change, OF_FULLNAME=/auge_sound, DRIVER=asoc-aml-card, OF_COMPATIBLE_0=amlogic, auge-sound-card, MODALIAS=of:Nauge_soundT(null)Camlogic,_auge-sound-card, DEVPATH=/devices/platform/auge_sound, OF_NAME=auge_sound, AUDIO_FORMAT=0, OF_COMPATIBLE_N=1}
09-09 12:07:46.188   928  1130 D AudioSystemCmdService: DEVPATH: /devices/platform/auge_sound
09-09 12:07:46.188   928  1130 D AudioSystemCmdService: audio format string event
09-09 12:07:46.188   928  1130 D AudioSystemCmdService: AUDIO_FORMAT = 0
09-09 12:07:46.188   928  1130 D AudioSystemCmdService: audioFormat = 0
09-09 12:07:46.188   928  1130 D AudioSystemCmdService: covertAudioFormatIndextToEnum: intVal is 0
09-09 12:07:46.188   928  1130 D AudioSystemCmdService: covertAudioFormatIndextToEnum: stringVal is PCM
09-09 12:07:46.188   928  1130 W ContextImpl: Calling a method in the system process without a qualified user: android.app.ContextImpl.sendBroadcast:1111 android.content.ContextWrapper.sendBroadcast:468 com.droidlogic.audioservice.services.AudioSystemCmdService$1.onUEvent:120 com.droidlogic.UEventObserver$UEventThread.sendEvent:213 com.droidlogic.UEventObserver$UEventThread.run:190 
09-09 12:07:46.189  3523  3618 E MCSP_VOD.VOD_ERROR_OUT: [iudpMediaData][912]:[ZTESC ERROR]fec parity data error!iLen=1316!
09-09 12:07:46.189  3523  3618 I chatty  : uid=1000(system) vod_MainThread identical 4 lines
09-09 12:07:46.190  3523  3618 E MCSP_VOD.VOD_ERROR_OUT: [iudpMediaData][912]:[ZTESC ERROR]fec parity data error!iLen=1316!
09-09 12:07:46.190   622   975 E ActivityManager: Sending non-protected broadcast droidlogic.audioservice.action.AUDIO_FORMAT from system 928:com.droidlogic/1000 pkg com.droidlogic
09-09 12:07:46.190   622   975 E ActivityManager: java.lang.Throwable
09-09 12:07:46.190   622   975 E ActivityManager: 	at com.android.server.am.ActivityManagerService.checkBroadcastFromSystem(ActivityManagerService.java:15912)
09-09 12:07:46.190   622   975 E ActivityManager: 	at com.android.server.am.ActivityManagerService.broadcastIntentLocked(ActivityManagerService.java:16587)
09-09 12:07:46.190   622   975 E ActivityManager: 	at com.android.server.am.ActivityManagerService.broadcastIntentLocked(ActivityManagerService.java:15929)
09-09 12:07:46.190   622   975 E ActivityManager: 	at com.android.server.am.ActivityManagerService.broadcastIntentWithFeature(ActivityManagerService.java:16743)
09-09 12:07:46.190   622   975 E ActivityManager: 	at android.app.IActivityManager$Stub.onTransact(IActivityManager.java:2267)
09-09 12:07:46.190   622   975 E ActivityManager: 	at com.android.server.am.ActivityManagerService.onTransact(ActivityManagerService.java:2883)
09-09 12:07:46.190   622   975 E ActivityManager: 	at android.os.Binder.execTransactInternal(Binder.java:1154)
09-09 12:07:46.190   622   975 E ActivityManager: 	at android.os.Binder.execTransact(Binder.java:1123)
09-09 12:07:46.191   928  1066 D AudioSystemCmdService: createAudioPatch endmHandle: 36 mSources: {{mPort:{{mHandle: 11, mRole: SOURCE}, mType: tv_tuner, mAddress: }, mSamplingRate:48000, mChannelMask: 12, mFormat:2, mGain:android.media.AudioGainConfig@7fc5c4f}, } mSinks: {{mPort:{{mHandle: 18, mRole: SINK}, mType: hdmi, mAddress: }, mSamplingRate:32000, mChannelMask: 12, mFormat:5, mGain:null}, }
09-09 12:07:46.191  3523  4137 I TsPlayer: [No-4](0xde8c8710) MultiDemuxControlSpeedWriting get video size:15728640 get audio size:-1 
09-09 12:07:46.191   345   596 I audio_hw_primary: adev_set_parameters(0xee56e030, kv: hal_param_dtv_fmt=2)
09-09 12:07:46.192   345   596 I audio_hw_dtv: dtv_patch_handle_event path_id 0 cmd 19
09-09 12:07:46.192   345   596 I audio_hw_dtv: main_fmt 2
09-09 12:07:46.192   345   596 D audio_hw_primary: get dtv param(kv: hal_param_dtv_fmt=2)
09-09 12:07:46.192   622   648 I DropBoxManagerService: add tag=system_server_wtf isTagEnabled=true flags=0x2
09-09 12:07:46.193   345   596 I audio_hw_primary: adev_set_parameters(0xee56e030, kv: hal_param_dtv_pid=257)
09-09 12:07:46.193   345   596 I audio_hw_dtv: dtv_patch_handle_event path_id 0 cmd 18
09-09 12:07:46.193   345   596 I audio_hw_dtv: main_pid 257
09-09 12:07:46.193   345   596 D audio_hw_primary: get dtv param(kv: hal_param_dtv_pid=257)
09-09 12:07:46.194   345   596 I audio_hw_primary: adev_set_parameters(0xee56e030, kv: hal_param_dtv_patch_cmd=12)
09-09 12:07:46.194   345   596 I audio_hw_dtv: dtv_patch_handle_event path_id 0 cmd 17
09-09 12:07:46.194   345   596 I audio_hw_dtv: [dtv_patch_handle_event:403] Send dtv patch cmd:CMD_OPEN
09-09 12:07:46.194   345   596 I dmx_audio_es: init demux_id 0 security_mem_level 0
09-09 12:07:46.194   345   596 I AmHwMultiDemuxWrapper: AmHwMultiDemuxWrapper 
09-09 12:07:46.194   345   596 I AM_DMX_Device: AM_DMX_Device
09-09 12:07:46.194   345   596 I AmLinuxDvb: AmLinuxDvd
09-09 12:07:46.194   345   596 I AmHwMultiDemuxWrapper: mDemuxEsDataCacheMaxThreshold: 10485760
09-09 12:07:46.194   345   596 I AmLinuxDvb: dev->dev_no 0
09-09 12:07:46.194   345   596 I dmx_audio_es: Open_Dmx_Audio 27 0xed0806f0
09-09 12:07:46.194   345   596 I audio_hw_dtv: path_id 0 demux_hanle 0xed0806f0 
09-09 12:07:46.194   345   596 I dmx_audio_es: Init_Dmx_Main_Audio fmt 2 pid 257 
09-09 12:07:46.194   345   596 I AmHwMultiDemuxWrapper: AM_DMX_SetPesFilter sec level 0
09-09 12:07:46.195   345   596 I AmHwMultiDemuxWrapper: AM_DMX_SetPesFilter aparam.flags 3010000
09-09 12:07:46.195   345   596 I AmLinuxDvb: dvb_set_pes_filter success
09-09 12:07:46.195   345   596 I AM_DMX_Device: set pes filter 0 PID 257
09-09 12:07:46.195   345   596 I AmHwMultiDemuxWrapper: fid_audio 0
09-09 12:07:46.195   345   596 I dmx_audio_es: Start_Dmx_Main_Audio 62
09-09 12:07:46.198   345   596 I aml_dtvsync: aml_dtvsync_create
09-09 12:07:46.198   345   596 I AmMediaSync: vendor.mediasync.start.threshold set = 300
09-09 12:07:46.198   345   596 I AmMediaSync: vendor.mediasync.show.firstframe.nosync set = 0
09-09 12:07:46.198   345   596 I AmMediaSync: vendor.mediasync.debug.level set = 0
09-09 12:07:46.198   345   596 I AmMediaSync: vendor.mediasync.judge.underrunus set = 200
09-09 12:07:46.198   345   596 I AmMediaSync: vendor.mediasync.enable.drop set = 1
09-09 12:07:46.198   345   596 I AmMediaSync: vendor.mediasync.enable.audio.slowplay.sync set = 0
09-09 12:07:46.198   345   596 I AmMediaSync: vendor.mediasync.audio.freerun set = 0
09-09 12:07:46.198   345   596 I AmMediaSync: vendor.mediasync.video.freerun set = 0
09-09 12:07:46.198   345   596 I AmMediaSync: vendor.mediasync.cache.nofocus.apts set = 1
09-09 12:07:46.198   345   596 I AmMediaSync: vendor.mediasync.slowsync.enable set = 1
09-09 12:07:46.198   345   596 I AmMediaSync: vendor.mediasync.slowsync.rate set = 0.300000
09-09 12:07:46.198   345   596 I AmMediaSync: vendor.mediasync.slowsync.pvdiff set = 200
09-09 12:07:46.198   345   596 I AmMediaSync: [MEDIA_TYPE_MAX_-1-0](MediaSync-205) this:0xed9014d0, showfirst:0, debuglevel:0, StartThreshold:300 ms, slowsyncEnable:1
09-09 12:07:46.198   345   596 I AmMediaSync: [MEDIA_TYPE_MAX_-1-0](MediaSync-207) slowsyncSpeed 0.300000, slowsyncThreshold 200
09-09 12:07:46.198   345   596 I audio_hw_dtv: path_id:0,dtvsync media_sync_id=65280, init cur_outapts: -10000
09-09 12:07:46.198   345   596 I AmMediaSync: [MEDIA_TYPE_MAX_-1-0](reset-967) 
09-09 12:07:46.198   345   596 I AmMediaSync: [MEDIA_AUDIO_-1-0](bindInstance-362) SyncInsId:0 mStreamtype:audio, mSyncInsId:-1, mOmxTunnelMode:0.
09-09 12:07:46.199   345   596 I AmMediaSync: [MEDIA_AUDIO_0-0](startAVProcessThread-988) create thread:-389717568 success
09-09 12:07:46.199  3523  3618 E MCSP_VOD.VOD_ERROR_OUT: [iudpMediaData][912]:[ZTESC ERROR]fec parity data error!iLen=1316!
09-09 12:07:46.199   345   596 I audio_hw_dtv: normal output version CMD open audio bind syncId:65280
09-09 12:07:46.199   345   596 I audio_hw_dtv: create mediasync:0xed9014d0
09-09 12:07:46.199   345   596 D audio_hw_primary: get dtv param(kv: hal_param_dtv_patch_cmd=12)
09-09 12:07:46.199   345  4868 I AmMediaSync: [MEDIA_AUDIO_0-0](doHandleInitState-2180) waiting for both audio and video data.
09-09 12:07:46.199  3523  3618 E MCSP_VOD.VOD_ERROR_OUT: [iudpMediaData][912]:[ZTESC ERROR]fec parity data error!iLen=1316!
09-09 12:07:46.199  3523  3618 I chatty  : uid=1000(system) vod_MainThread identical 3 lines
09-09 12:07:46.199  3523  3618 E MCSP_VOD.VOD_ERROR_OUT: [iudpMediaData][912]:[ZTESC ERROR]fec parity data error!iLen=1316!
09-09 12:07:46.200   928  1066 D SystemControlEvent: notify audio callback param1:12param2:2param3:257param4:0
09-09 12:07:46.200   928  1066 D SystemControlEvent: notify audio callback param1:16param2:1param3:0param4:0
09-09 12:07:46.200   928  1066 I AudioSystemCmdService: HandleAudioEvent cmd:[16]SET_HAS_VIDEO, param1:1, param2:0, param3:0, is Dtvkit.
09-09 12:07:46.200   345   586 I audio_hw_primary: adev_set_parameters(0xee56e030, kv: hal_param_has_dtv_video=1)
09-09 12:07:46.200   345   586 I audio_hw_dtv: dtv_patch_handle_event path_id 0 cmd 16
09-09 12:07:46.200   345   586 I audio_hw_dtv: has_video 1
09-09 12:07:46.200   345   586 D audio_hw_primary: get dtv param(kv: hal_param_has_dtv_video=1)
09-09 12:07:46.201   928  1066 D SystemControlEvent: notify audio callback param1:16param2:1param3:0param4:0
09-09 12:07:46.201   928  1066 D SystemControlEvent: notify audio callback param1:1param2:2param3:257param4:0
09-09 12:07:46.201   928  1066 I AudioSystemCmdService: HandleAudioEvent cmd:[1]START_DECODE, param1:2, param2:257, param3:0, is Dtvkit.
09-09 12:07:46.202   345   586 I audio_hw_primary: adev_set_parameters(0xee56e030, kv: hal_param_dtv_audio_fmt=2)
09-09 12:07:46.202   345   586 I audio_hw_dtv: dtv_patch_handle_event path_id 0 cmd 19
09-09 12:07:46.202   345   586 I audio_hw_dtv: main_fmt 2
09-09 12:07:46.202   345   586 D audio_hw_primary: get dtv param(kv: hal_param_dtv_audio_fmt=2)
09-09 12:07:46.203   345   586 I audio_hw_primary: adev_set_parameters(0xee56e030, kv: hal_param_dtv_audio_id=257)
09-09 12:07:46.203   345   586 I audio_hw_dtv: dtv_patch_handle_event path_id 0 cmd 18
09-09 12:07:46.203   345   586 I audio_hw_dtv: main_pid 257
09-09 12:07:46.203   345   586 D audio_hw_primary: get dtv param(kv: hal_param_dtv_audio_id=257)
09-09 12:07:46.204   345   586 I audio_hw_primary: adev_set_parameters(0xee56e030, kv: hal_param_dtv_patch_cmd=1)
09-09 12:07:46.204   345   586 I audio_hw_dtv: dtv_patch_handle_event path_id 0 cmd 17
09-09 12:07:46.204   345   586 I audio_hw_dtv: [dtv_patch_handle_event:403] Send dtv patch cmd:CMD_START
09-09 12:07:46.204   345   586 I audio_hw_dtv: dtv_has_video 1
09-09 12:07:46.204   345   586 I audio_hw_dtv: demux_index_working 0 handle 0xed0806f0
09-09 12:07:46.204   345   586 I audio_dtv_utils: add by live dtv_patch_add_cmd the cmd is 1 
09-09 12:07:46.204   345   586 D audio_hw_primary: get dtv param(kv: hal_param_dtv_patch_cmd=1)
09-09 12:07:46.204   345  4866 I audio_dtv_utils: enter dtv_patch_get_cmd funciton now
09-09 12:07:46.204   345  4866 I audio_dtv_utils: leave dtv_patch_get_cmd the cmd is 1  path 0
09-09 12:07:46.204   345  4866 I audio_hw_dtv: patch->demux_handle 0xed0806f0 patch->aformat 4000000
09-09 12:07:46.204   345  4866 I AmMediaSync: [MEDIA_AUDIO_0-0](updateSyncThreshold-2120) format: 2, isDolby: 0
09-09 12:07:46.204   345  4866 I audio_hw_dtv: ++create_dtv_input_stream_thread   ---- 0
09-09 12:07:46.204   345  4866 I audio_hw_dtv: --create_dtv_input_stream_thread
09-09 12:07:46.204   345  4866 I audio_hw_dtv: ++create_dtv_output_stream_thread   ---- 0
09-09 12:07:46.204   345  4869 I audio_hw_dtv: ++audio_dtv_patch_input_threadloop create a input stream success now!!!
09-09 12:07:46.204   345  4869 I audio_hw_dtv:  
09-09 12:07:46.204   345  4869 I audio_hw_dtv: [audiohal_kpi]++audio_dtv_patch_input_threadloop start input now patch->input_thread_exit 0!!!
09-09 12:07:46.204   345  4869 I audio_hw_dtv:  
09-09 12:07:46.204   345  4866 I audio_hw_dtv: --create_dtv_output_stream_thread
09-09 12:07:46.205   928  1066 D SystemControlEvent: notify audio callback param1:1param2:2param3:257param4:0
09-09 12:07:46.205   928  1066 D SystemControlEvent: notify audio callback param1:8param2:0param3:0param4:0
09-09 12:07:46.205   928  1066 I AudioSystemCmdService: HandleAudioEvent cmd:[8]SET_OUTPUT_MODE, param1:0, param2:0, param3:0, is Dtvkit.
09-09 12:07:46.205   928  1066 D SystemControlEvent: notify audio callback param1:8param2:0param3:0param4:0
09-09 12:07:46.205   345  4870 I audio_hw_dtv: [audiohal_kpi]++audio_dtv_patch_output_threadloop_v2 created.
09-09 12:07:46.205   345  4870 I audio_hw_dtv: ++audio_dtv_patch_output_threadloop_v2 live cant get the aml_out now!!!
09-09 12:07:46.205   345  4870 I audio_hw_dtv:  
09-09 12:07:46.205   345  4870 D audio_hw_primary: adev_open_output_stream_new: enter
09-09 12:07:46.205   345  4870 D audio_hw_primary: adev_open_output_stream: enter: devices(0x400) channel_mask(0x3) rate(48000) format(0x1) flags(0x1)
09-09 12:07:46.205   345  4870 D audio_hw_primary: adev_open_output_stream: dev:0xee56e030, fmt:0, dmx fmt:-1, content id:0,sync id 0,adev->patch_src 0, adev->audio_patching 1
09-09 12:07:46.206   345  4870 I audio_hw_primary: adev_open_output_stream(): aml TV source stream
09-09 12:07:46.206   345  4870 I audio_hwsync: aml_audio_hwsync_init p_hwsync 0xe9e80010 out 0xea043790
09-09 12:07:46.206   345  4870 I audio_hwsync: aml_audio_hwsync_init done
09-09 12:07:46.206   345  4870 D audio_hw_primary: adev_open_output_stream: exit
09-09 12:07:46.206   345  4870 I audio_hw_primary: bypass submix
09-09 12:07:46.206   345  4870 D audio_hw_primary: -adev_open_output_stream_new: out 0xea043790: io handle:0, usecase:PCM_DIRECT card:0 alsa devices:0
09-09 12:07:46.206   345  4870 I audio_hw_dtv: ++audio_dtv_patch_output_threadloop_v2 live create a output stream success now!!!
09-09 12:07:46.206   345  4870 I audio_hw_dtv:  
09-09 12:07:46.206   345  4870 I audio_hw_dtv: patch->out_buf_size=8192
09-09 12:07:46.206   345  4870 I audio_hw_dtv: [audiohal_kpi]++audio_dtv_patch_output_threadloop_v2 live start output pcm now patch->output_thread_exit 0!!!
09-09 12:07:46.206   345  4870 I audio_hw_dtv:  
09-09 12:07:46.206   345  4870 I audio_hw_dtv: output_speed=1.000000,dtvsync_enable=1
09-09 12:07:46.217  3523  3618 E MCSP_VOD.VOD_ERROR_OUT: [iudpMediaData][912]:[ZTESC ERROR]fec parity data error!iLen=1316!
09-09 12:07:46.234     0     0 D         : [  688.022534@2]  asoc-aml-card auge_sound: TDM[2] Playback stop
09-09 12:07:46.234     0     0 D         : [  688.022551@0]  ss_mute() 347, mute 1, id 0
09-09 12:07:46.234     0     0 D         : [  688.022567@0]  ss_trigger() ss 3
09-09 12:07:46.234     0     0 D         : [  688.022572@0]  spdif_a is set to disable
09-09 12:07:46.234     0     0 I [  688.022587@0]  audio_ddr_mngr: frddr stop success, fifo id 0, regbase:0x70, arb sts:0x10
09-09 12:07:46.242     0     0 W [  688.032518@0]  mem_desc: SC2_bufferid_write_empty end
09-09 12:07:46.237  3523  3618 I chatty  : uid=1000(system) vod_MainThread identical 23 lines
09-09 12:07:46.237  3523  3618 E MCSP_VOD.VOD_ERROR_OUT: [iudpMediaData][912]:[ZTESC ERROR]fec parity data error!iLen=1316!
09-09 12:07:46.245  3523  4137 I Aml_MP  : AmlMpPlayerImpl_0 writeData from buffer done
09-09 12:07:46.250  3523  4859 I AmMediaSync: [MEDIA_VIDEO_0-4](queueVideoFrame-1295) first queuein vpts:ffc0a8.
09-09 12:07:46.250  3523  4859 I AmCodecVDA: [No-4](0xea5c3df0) decode First BufStart:0x647a0000 Bufend:0x656a0000 DataStart:0x647afe11 DataEnd:0x647b1c92
09-09 12:07:46.250  3523  4859 I PtsServ : [No-4](0xea7c5ab0) SetFirstCheckinOffset offset:0xfe11 AlignmentOffset:0x0
09-09 12:07:46.250  3523  4862 I VideodecNonTunnelWrapper: [No-4](0xe5f032d0) onOutputFormatChanged bufnum 8, width 960, height 540,mDqWidth:0,mDqHeight:0
09-09 12:07:46.250  3523  4862 I AmVideoDec: [0] "setupOutputBufferNum 8\n"
09-09 12:07:46.250  3523  4862 I AmportsAdaptor: assignPictureBuffers numOutputBuffers 8
09-09 12:07:46.250  3523  4861 I AmCodecVDA: [No-4](0xea5c3df0) assignPictureBuffers assign output buffer num 8
09-09 12:07:46.251  3523  4862 I VideoTunnelDisplay: [No-4](0xeaa56390) RequestBuffer mUvmFd (92).
09-09 12:07:46.251  3523  4862 I VideoTunnelDisplay: [No-4](0xeaa56390) RequestBuffer mUvmFd (92),uad.fd:93,mQueuedCount:1
09-09 12:07:46.251  3523  4862 I AmportsAdaptor: importBufferForPicture pictureBufferId 0, dmabufFd -1
09-09 12:07:46.251  3523  4862 I VideodecNonTunnelWrapper: [No-4](0xe5f032d0) onOutputFormatChanged createOutputBuffer slot:0 i:0
09-09 12:07:46.251  3523  4861 I AmportsAdaptor: onImportBufferForPicture pictureBufferId 0, dmabufFd -1, metaFd 93, plane size 1
09-09 12:07:46.251  3523  4862 I VideoTunnelDisplay: [No-4](0xeaa56390) RequestBuffer mUvmFd (92).
09-09 12:07:46.252  3523  4862 I VideoTunnelDisplay: [No-4](0xeaa56390) RequestBuffer mUvmFd (92),uad.fd:96,mQueuedCount:2
09-09 12:07:46.252  3523  4862 I AmportsAdaptor: importBufferForPicture pictureBufferId 1, dmabufFd -1
09-09 12:07:46.252  3523  4862 I VideodecNonTunnelWrapper: [No-4](0xe5f032d0) onOutputFormatChanged createOutputBuffer slot:1 i:1
09-09 12:07:46.252  3523  4861 I AmportsAdaptor: onImportBufferForPicture pictureBufferId 1, dmabufFd -1, metaFd 96, plane size 1
09-09 12:07:46.252  3523  4862 I VideoTunnelDisplay: [No-4](0xeaa56390) RequestBuffer mUvmFd (92).
09-09 12:07:46.252  3523  4862 I VideoTunnelDisplay: [No-4](0xeaa56390) RequestBuffer mUvmFd (92),uad.fd:98,mQueuedCount:3
09-09 12:07:46.252  3523  4862 I AmportsAdaptor: importBufferForPicture pictureBufferId 2, dmabufFd -1
09-09 12:07:46.252  3523  4862 I VideodecNonTunnelWrapper: [No-4](0xe5f032d0) onOutputFormatChanged createOutputBuffer slot:2 i:2
09-09 12:07:46.252  3523  4862 I VideoTunnelDisplay: [No-4](0xeaa56390) RequestBuffer mUvmFd (92).
09-09 12:07:46.252  3523  4861 I AmportsAdaptor: onImportBufferForPicture pictureBufferId 2, dmabufFd -1, metaFd 98, plane size 1
09-09 12:07:46.252  3523  4862 I VideoTunnelDisplay: [No-4](0xeaa56390) RequestBuffer mUvmFd (92),uad.fd:99,mQueuedCount:4
09-09 12:07:46.253  3523  4862 I AmportsAdaptor: importBufferForPicture pictureBufferId 3, dmabufFd -1
09-09 12:07:46.253  3523  4862 I VideodecNonTunnelWrapper: [No-4](0xe5f032d0) onOutputFormatChanged createOutputBuffer slot:3 i:3
09-09 12:07:46.253  3523  4862 I VideoTunnelDisplay: [No-4](0xeaa56390) RequestBuffer mUvmFd (92).
09-09 12:07:46.253  3523  4862 I VideoTunnelDisplay: [No-4](0xeaa56390) RequestBuffer mUvmFd (92),uad.fd:101,mQueuedCount:5
09-09 12:07:46.253  3523  4862 I AmportsAdaptor: importBufferForPicture pictureBufferId 4, dmabufFd -1
09-09 12:07:46.253  3523  4861 I AmportsAdaptor: onImportBufferForPicture pictureBufferId 3, dmabufFd -1, metaFd 99, plane size 1
09-09 12:07:46.253  3523  4861 I AmportsAdaptor: onImportBufferForPicture pictureBufferId 4, dmabufFd -1, metaFd 101, plane size 1
09-09 12:07:46.254     0     0 W [  688.040731@2]  ts_output: video: clean dirty len:0xfe11
09-09 12:07:46.254  3523  4862 I VideodecNonTunnelWrapper: [No-4](0xe5f032d0) onOutputFormatChanged createOutputBuffer slot:4 i:4
09-09 12:07:46.254  3523  4862 I VideoTunnelDisplay: [No-4](0xeaa56390) RequestBuffer mUvmFd (92).
09-09 12:07:46.254  3523  4862 I VideoTunnelDisplay: [No-4](0xeaa56390) RequestBuffer mUvmFd (92),uad.fd:104,mQueuedCount:6
09-09 12:07:46.254  3523  4862 I AmportsAdaptor: importBufferForPicture pictureBufferId 5, dmabufFd -1
09-09 12:07:46.254  3523  4862 I VideodecNonTunnelWrapper: [No-4](0xe5f032d0) onOutputFormatChanged createOutputBuffer slot:5 i:5
09-09 12:07:46.255  3523  4862 I VideoTunnelDisplay: [No-4](0xeaa56390) RequestBuffer mUvmFd (92).
09-09 12:07:46.255  3523  4861 I AmportsAdaptor: onImportBufferForPicture pictureBufferId 5, dmabufFd -1, metaFd 104, plane size 1
09-09 12:07:46.255  3523  4862 I VideoTunnelDisplay: [No-4](0xeaa56390) RequestBuffer mUvmFd (92),uad.fd:106,mQueuedCount:7
09-09 12:07:46.255  3523  4862 I AmportsAdaptor: importBufferForPicture pictureBufferId 6, dmabufFd -1
09-09 12:07:46.255  3523  4862 I VideodecNonTunnelWrapper: [No-4](0xe5f032d0) onOutputFormatChanged createOutputBuffer slot:6 i:6
09-09 12:07:46.255  3523  4861 I AmportsAdaptor: onImportBufferForPicture pictureBufferId 6, dmabufFd -1, metaFd 106, plane size 1
09-09 12:07:46.255  3523  4862 I VideoTunnelDisplay: [No-4](0xeaa56390) RequestBuffer mUvmFd (92).
09-09 12:07:46.256  3523  4862 I VideoTunnelDisplay: [No-4](0xeaa56390) RequestBuffer mUvmFd (92),uad.fd:108,mQueuedCount:8
09-09 12:07:46.256  3523  4862 I AmportsAdaptor: importBufferForPicture pictureBufferId 7, dmabufFd -1
09-09 12:07:46.256  3523  4862 I VideodecNonTunnelWrapper: [No-4](0xe5f032d0) onOutputFormatChanged createOutputBuffer slot:7 i:7
09-09 12:07:46.256  3523  4862 I VideodecNonTunnelWrapper: [No-4](0xe5f032d0) onOutputFormatChanged createOutputBuffer slot:0 decode!i:0 
09-09 12:07:46.256  3523  4862 I VideodecNonTunnelWrapper: [No-4](0xe5f032d0) onOutputFormatChanged createOutputBuffer slot:1 decode!i:1 
09-09 12:07:46.256  3523  4862 I VideodecNonTunnelWrapper: [No-4](0xe5f032d0) onOutputFormatChanged createOutputBuffer slot:2 decode!i:2 
09-09 12:07:46.256  3523  4862 I VideodecNonTunnelWrapper: [No-4](0xe5f032d0) onOutputFormatChanged createOutputBuffer slot:3 decode!i:3 
09-09 12:07:46.256  3523  4862 I VideodecNonTunnelWrapper: [No-4](0xe5f032d0) onOutputFormatChanged createOutputBuffer slot:4 decode!i:4 
09-09 12:07:46.256  3523  4862 I VideodecNonTunnelWrapper: [No-4](0xe5f032d0) onOutputFormatChanged createOutputBuffer slot:5 decode!i:5 
09-09 12:07:46.256  3523  4862 I VideodecNonTunnelWrapper: [No-4](0xe5f032d0) onOutputFormatChanged createOutputBuffer slot:6 decode!i:6 
09-09 12:07:46.256  3523  4862 I VideodecNonTunnelWrapper: [No-4](0xe5f032d0) onOutputFormatChanged createOutputBuffer slot:7 decode!i:7 
09-09 12:07:46.256  3523  4862 I VideodecNonTunnelWrapper: [No-4](0xe5f032d0) onOutputFormatChanged ok
09-09 12:07:46.256  3523  4862 I AmCodecVDA: [No-4](0xea5c3df0) decodeThreadLoop providePictureBuffers, width 960, height 540, recieve id:0
09-09 12:07:46.256  3523  4862 I PtsServ : [No-4](0xea7c5ab0) CheckinPtsSize -->First Checkin ListSize1 CheckinPtsSize(7809)-> offset:0xfe11 pts:0xffc0a8 pts64:186233333
09-09 12:07:46.256  3523  4861 I AmportsAdaptor: onImportBufferForPicture pictureBufferId 7, dmabufFd -1, metaFd 108, plane size 1
09-09 12:07:46.259     0     0 W [  688.044817@0]  ts_output: error: header.len is 0, jump
09-09 12:07:46.259     0     0 I [  688.047146@2]  warn: first packet_wp(647afe11 round_down 647afe00) is not stbuf start addr(647a0000)
09-09 12:07:46.259  3523  3618 E MCSP_VOD.VOD_ERROR_OUT: [iudpMediaData][912]:[ZTESC ERROR]fec parity data error!iLen=1316!
09-09 12:07:46.260  3523  3618 I chatty  : uid=1000(system) vod_MainThread identical 12 lines
09-09 12:07:46.260  3523  3618 E MCSP_VOD.VOD_ERROR_OUT: [iudpMediaData][912]:[ZTESC ERROR]fec parity data error!iLen=1316!
09-09 12:07:46.261  3523  4863 I AmCodecVDA: [No-4](0xea5c3df0) displayThreadLoop  dqbuf retry recieve id:0 dqbufWaitCount:1 mInBufferDebug:10 DecodeThreadDebug:15
09-09 12:07:46.265   345   345 W audio_output_pa: type=1400 audit(0.0:219): avc: denied { getattr } for path="/sys/devices/virtual/amhdmitx/amhdmitx0/aud_cap" dev="sysfs" ino=27260 scontext=u:r:hal_audio_default:s0 tcontext=u:object_r:sysfs_audio_cap:s0 tclass=file permissive=0
09-09 12:07:46.270     0     0 W [  688.058704@2]  audit: audit_lost=92 audit_rate_limit=5 audit_backlog_limit=64
09-09 12:07:46.270     0     0 E [  688.058716@3]  audit: rate limit exceeded
09-09 12:07:46.265   345   345 I chatty  : uid=1041(audioserver) audio.service-d identical 2 lines
09-09 12:07:46.265   345   345 W audio_output_pa: type=1400 audit(0.0:222): avc: denied { getattr } for path="/sys/devices/virtual/amhdmitx/amhdmitx0/aud_cap" dev="sysfs" ino=27260 scontext=u:r:hal_audio_default:s0 tcontext=u:object_r:sysfs_audio_cap:s0 tclass=file permissive=0
09-09 12:07:46.266   345  4869 I AmMediaSync: [MEDIA_AUDIO_0-0](queueAudioFrame-1241) first queuein apts:ff7f80.
09-09 12:07:46.266  3523  3618 E MCSP_VOD.VOD_ERROR_OUT: [iudpMediaData][912]:[ZTESC ERROR]fec parity data error!iLen=1316!
09-09 12:07:46.266   345  4870 D audio_hw_profile: get_hdmi_sink_cap_new is running...
09-09 12:07:46.266  3523  3618 E MCSP_VOD.VOD_ERROR_OUT: [iudpMediaData][912]:[ZTESC ERROR]fec parity data error!iLen=1316!
09-09 12:07:46.266  3523  3618 I chatty  : uid=1000(system) vod_MainThread identical 1 line
09-09 12:07:46.266  3523  3618 E MCSP_VOD.VOD_ERROR_OUT: [iudpMediaData][912]:[ZTESC ERROR]fec parity data error!iLen=1316!
09-09 12:07:46.266   345  4870 D audio_hw_profile: query hdmi format...
09-09 12:07:46.266   345  4870 D audio_hw_profile: get_hdmi_sink_cap_new ddp is unsupported; ddp-joc(atmos) is unsupported;
09-09 12:07:46.266   345  4870 I audio_hw_profile: PCM cap Max channel =2
09-09 12:07:46.266   345  4870 I audio_hw_primary: get_sink_capability mbox+dvb case sink_capability =  0x1
09-09 12:07:46.266   345  4870 D audio_hw_profile: get_hdmi_sink_cap_new is running...
09-09 12:07:46.266   345  4870 D audio_hw_profile: query hdmi format...
09-09 12:07:46.266   345  4870 D audio_hw_profile: get_hdmi_sink_cap_new ddp is unsupported; ddp-joc(atmos) is unsupported;
09-09 12:07:46.266   345  4870 I audio_hw_profile: PCM cap Max channel =2
09-09 12:07:46.266   345  4870 I audio_hw_primary: get_sink_dts_capability mbox+dvb case sink_capability 0x1
09-09 12:07:46.266   345  4870 D audio_hw_profile: get_hdmi_sink_cap_new is running...
09-09 12:07:46.267   345  4870 D audio_hw_profile: query hdmi sample_rate...format 0x1
09-09 12:07:46.267   345  4870 I audio_hw_profile: get_hdmi_sink_cap_new format =0x1 support rate =sup_sampling_rates=32000|44100|48000
09-09 12:07:46.267   345  4870 I audio_hw_primary: pcm_fmt support sample_rate_mask:0x7
09-09 12:07:46.267   345  4870 I audio_hw_primary: !!!get_sink_format() Sink devices 0x2 Source format 0x4000000 digital_format(hdmi_format) 0x5 Sink Capability 0x1
09-09 12:07:46.267   345  4870 I audio_hw_primary: get_sink_format() source format 0x4000000 change to 0x1
09-09 12:07:46.267   345  4870 I audio_hw_primary: get_sink_format() HDMI ARC or mbox + dvb case
09-09 12:07:46.267   345  4870 I audio_hw_primary: get_sink_format sink_format 0x1 optical_format 0x1, dual_output 0
09-09 12:07:46.267   345  4870 D audio_hw_profile: get_hdmi_sink_cap_new is running...
09-09 12:07:46.267   345  4870 D audio_hw_profile: query hdmi format...
09-09 12:07:46.267   345  4870 D audio_hw_profile: get_hdmi_sink_cap_new ddp is unsupported; ddp-joc(atmos) is unsupported;
09-09 12:07:46.267   345  4870 I audio_hw_profile: PCM cap Max channel =2
09-09 12:07:46.267   345  4870 I audio_hw_primary: get_sink_capability mbox+dvb case sink_capability =  0x1
09-09 12:07:46.268   345  4870 D audio_hw_profile: get_hdmi_sink_cap_new is running...
09-09 12:07:46.268   345  4870 D audio_hw_profile: query hdmi format...
09-09 12:07:46.268   345  4870 D audio_hw_profile: get_hdmi_sink_cap_new ddp is unsupported; ddp-joc(atmos) is unsupported;
09-09 12:07:46.268   345  4870 I audio_hw_profile: PCM cap Max channel =2
09-09 12:07:46.268   345  4870 I audio_hw_primary: get_sink_dts_capability mbox+dvb case sink_capability 0x1
09-09 12:07:46.268   345  4870 D audio_hw_profile: get_hdmi_sink_cap_new is running...
09-09 12:07:46.268   345  4870 D audio_hw_profile: query hdmi sample_rate...format 0x1
09-09 12:07:46.268   345  4870 I audio_hw_profile: get_hdmi_sink_cap_new format =0x1 support rate =sup_sampling_rates=32000|44100|48000
09-09 12:07:46.268   345  4870 I audio_hw_primary: pcm_fmt support sample_rate_mask:0x7
09-09 12:07:46.268   345  4870 I audio_hw_primary: !!!get_sink_format() Sink devices 0x2 Source format 0x4000000 digital_format(hdmi_format) 0x5 Sink Capability 0x1
09-09 12:07:46.268   345  4870 I audio_hw_primary: get_sink_format() source format 0x4000000 change to 0x1
09-09 12:07:46.268   345  4870 I audio_hw_primary: get_sink_format() HDMI ARC or mbox + dvb case
09-09 12:07:46.268   345  4870 I audio_hw_primary: get_sink_format sink_format 0x1 optical_format 0x1, dual_output 0
09-09 12:07:46.268   345  4870 I audio_hw_primary: ++++[usecase_change_validate_l:7407],continuous:0 dev masks:0,out masks:0,out usecase:PCM_DIRECT,aml_out:0xea043790
09-09 12:07:46.268   345  4870 I audio_hw_primary: usecase_change_validate_l(),1 mixer_main_buffer_write !
09-09 12:07:46.268   345  4870 I audio_hw_primary: ----[usecase_change_validate_l:7475], continuous:0 dev masks:0x2, out masks:0x2, out usecase:PCM_DIRECT
09-09 12:07:46.268   345  4870 I audio_hw_primary: mixer_main_buffer_write(), standby to unstandby
09-09 12:07:46.268   345  4870 I audio_hw_primary: mixer_main_buffer_write mix init, mask 0x2
09-09 12:07:46.268   345  4870 I audio_hw_primary: mixer_main_buffer_write() recovery from standby, dev masks 0x2, usecase[PCM_DIRECT]
09-09 12:07:46.268   345  4870 I audio_hw_mixer: aml_hw_mixer_init done
09-09 12:07:46.268   345  4870 D audio_hw_profile: get_hdmi_sink_cap_new is running...
09-09 12:07:46.269   345  4870 D audio_hw_profile: query hdmi format...
09-09 12:07:46.269   345  4870 D audio_hw_profile: get_hdmi_sink_cap_new ddp is unsupported; ddp-joc(atmos) is unsupported;
09-09 12:07:46.269   345  4870 I audio_hw_profile: PCM cap Max channel =2
09-09 12:07:46.269   345  4870 I audio_hw_primary: get_sink_capability mbox+dvb case sink_capability =  0x1
09-09 12:07:46.269   345  4870 D audio_hw_profile: get_hdmi_sink_cap_new is running...
09-09 12:07:46.269   345  4870 D audio_hw_profile: query hdmi format...
09-09 12:07:46.269   345  4870 D audio_hw_profile: get_hdmi_sink_cap_new ddp is unsupported; ddp-joc(atmos) is unsupported;
09-09 12:07:46.269   345  4870 I audio_hw_profile: PCM cap Max channel =2
09-09 12:07:46.269   345  4870 I audio_hw_primary: get_sink_dts_capability mbox+dvb case sink_capability 0x1
09-09 12:07:46.269   345  4870 D audio_hw_profile: get_hdmi_sink_cap_new is running...
09-09 12:07:46.269   345  4870 D audio_hw_profile: query hdmi sample_rate...format 0x1
09-09 12:07:46.269   345  4870 I audio_hw_profile: get_hdmi_sink_cap_new format =0x1 support rate =sup_sampling_rates=32000|44100|48000
09-09 12:07:46.269   345  4870 I audio_hw_primary: pcm_fmt support sample_rate_mask:0x7
09-09 12:07:46.269   345  4870 I audio_hw_primary: !!!get_sink_format() Sink devices 0x2 Source format 0x4000000 digital_format(hdmi_format) 0x5 Sink Capability 0x1
09-09 12:07:46.269   345  4870 I audio_hw_primary: get_sink_format() source format 0x4000000 change to 0x1
09-09 12:07:46.269   345  4870 I audio_hw_primary: get_sink_format() HDMI ARC or mbox + dvb case
09-09 12:07:46.269   345  4870 I audio_hw_primary: get_sink_format sink_format 0x1 optical_format 0x1, dual_output 0
09-09 12:07:46.269   345  4870 I aml_audio_nonms12_render: mixer_level 0 adev->associate_audio_mixing_enable 0
09-09 12:07:46.269   345  4870 D aml_dec_api: [aml_decoder_init:92] dec_fun->f_init=0xec76c231, format:0x4000000
09-09 12:07:46.269   345  4870 I aml_audio_faad_dec: AAC format=67108864 samplerate =48000 ch=2
09-09 12:07:46.269   345  4870 I aml_audio_faad_dec: ad_dec_pcm_data->buf 0xe8910020
09-09 12:07:46.271   345  4870 I FaadDecoder: got property vendor.media.faad.detect.format.disable false
09-09 12:07:46.271   345  4870 I FaadDecoder: got property vendor.media.faad.detect.format.disable false
09-09 12:07:46.271   345  4870 I aml_audio_faad_dec: aac_dec->ad_decoder_supported 0
09-09 12:07:46.271   345  4870 E aml_audio_faad_dec: faad_decoder_init success
09-09 12:07:46.271   345  4870 I audio_hw_primary: [config_output:6329] out stream alsa port device:0
09-09 12:07:46.271   345  4870 I aml_audio_nonms12_render: first_in_frame_pts  186048 ms
09-09 12:07:46.271   345  4870 I FaadDecoder: MyFaadDecoder init first in 
09-09 12:07:46.271   345  4870 I FaadDecoder: begin audio_decoder_init,buf size 320  
09-09 12:07:46.271   345  4870 I FaadDecoder:  latm header detected nSeekNum 318 
09-09 12:07:46.271   345  4870 I FaadDecoder:  adts head detected  nSeekNum 0 isadts 0
09-09 12:07:46.271   345  4870 I FaadDecoder: enter NeAACDecInit 
09-09 12:07:46.271   345  4870 I FaadDecoder: check the loas frame failed
09-09 12:07:46.271   345  4870 I FaadDecoder: latm init ret -1 
09-09 12:07:46.271   345  4870 I FaadDecoder: init fail,inbuf_size 1 
09-09 12:07:46.271   345  4870 I FaadDecoder: skipbytes/319 inbuf_size/1 get_frame_size()/2348 ,need more data 
09-09 12:07:46.271   345  4870 I FaadDecoder: decoder buf size 320,cost 319 byte input data ,but initiation failed.^_^ 
09-09 12:07:46.271   345  4870 I FaadDecoder: begin audio_decoder_init,buf size 1  
09-09 12:07:46.271   345  4870 I FaadDecoder: 0 bytes data not found latm sync header 
09-09 12:07:46.271   345  4870 I FaadDecoder: 0 bytes data not found adts sync header 
09-09 12:07:46.271   345  4870 I FaadDecoder: enter NeAACDecInit 
09-09 12:07:46.271   345  4870 I FaadDecoder: check the loas frame failed
09-09 12:07:46.272   345  4870 I FaadDecoder: latm init ret -1 
09-09 12:07:46.272   345  4870 I FaadDecoder: init fail,inbuf_size 1 
09-09 12:07:46.272   345  4870 I FaadDecoder: skipbytes/0 inbuf_size/1 get_frame_size()/2348 ,need more data 
09-09 12:07:46.272   345  4870 I FaadDecoder: decoder buf size 1,cost 0 byte input data ,but initiation failed.^_^ 
09-09 12:07:46.272   345  4870 I aml_audio_nonms12_render: optical format change from 0x0 --> 0x1
09-09 12:07:46.272   345  4870 I FaadDecoder: begin audio_decoder_init,buf size 318  
09-09 12:07:46.272   345  4870 I FaadDecoder:  latm header detected nSeekNum 225 
09-09 12:07:46.272   345  4870 I FaadDecoder:  adts head detected  nSeekNum 1 isadts 0
09-09 12:07:46.272   345  4870 I FaadDecoder: enter NeAACDecInit 
09-09 12:07:46.272   345  4870 I FaadDecoder: [NeAACDecInit 1029]buffer size  93 small then frame size 1566,
09-09 12:07:46.272   345  4870 I FaadDecoder: init fail,inbuf_size 93 
09-09 12:07:46.272   345  4870 I FaadDecoder: skipbytes/225 inbuf_size/93 get_frame_size()/2348 ,need more data 
