09-09 12:07:46.272   345  4870 I FaadDecoder: decoder buf size 318,cost 225 byte input data ,but initiation failed.^_^ 
09-09 12:07:46.272   345  4870 I FaadDecoder: begin audio_decoder_init,buf size 93  
09-09 12:07:46.272   345  4870 I FaadDecoder:  latm header detected nSeekNum 0 
09-09 12:07:46.272   345  4870 I FaadDecoder:  adts head detected  nSeekNum 59 isadts 0
09-09 12:07:46.272   345  4870 I FaadDecoder: enter NeAACDecInit 
09-09 12:07:46.272   345  4870 I FaadDecoder: [NeAACDecInit 1029]buffer size  93 small then frame size 1566,
09-09 12:07:46.272   345  4870 I FaadDecoder: init fail,inbuf_size 93 
09-09 12:07:46.272   345  4870 I FaadDecoder: skipbytes/0 inbuf_size/93 get_frame_size()/2348 ,need more data 
09-09 12:07:46.272   345  4870 I FaadDecoder: decoder buf size 93,cost 0 byte input data ,but initiation failed.^_^ 
09-09 12:07:46.275  3523  3618 E MCSP_VOD.VOD_ERROR_OUT: [iudpMediaData][912]:[ZTESC ERROR]fec parity data error!iLen=1316!
09-09 12:07:46.275  3523  3618 I chatty  : uid=1000(system) vod_MainThread identical 4 lines
09-09 12:07:46.275  3523  3618 E MCSP_VOD.VOD_ERROR_OUT: [iudpMediaData][912]:[ZTESC ERROR]fec parity data error!iLen=1316!
09-09 12:07:46.276   345  4870 I FaadDecoder: begin audio_decoder_init,buf size 411  
09-09 12:07:46.276   345  4870 I FaadDecoder:  latm header detected nSeekNum 0 
09-09 12:07:46.276   345  4870 I FaadDecoder:  adts head detected  nSeekNum 59 isadts 0
09-09 12:07:46.276   345  4870 I FaadDecoder: enter NeAACDecInit 
09-09 12:07:46.276   345  4870 I FaadDecoder: [NeAACDecInit 1029]buffer size  411 small then frame size 1566,
09-09 12:07:46.276   345  4870 I FaadDecoder: init fail,inbuf_size 411 
09-09 12:07:46.276   345  4870 I FaadDecoder: skipbytes/0 inbuf_size/411 get_frame_size()/2348 ,need more data 
09-09 12:07:46.276   345  4870 I FaadDecoder: decoder buf size 411,cost 0 byte input data ,but initiation failed.^_^ 
09-09 12:07:46.281   345  4870 I FaadDecoder: begin audio_decoder_init,buf size 742  
09-09 12:07:46.281   345  4870 I FaadDecoder:  latm header detected nSeekNum 0 
09-09 12:07:46.281   345  4870 I FaadDecoder:  adts head detected  nSeekNum 59 isadts 0
09-09 12:07:46.282   345  4870 I FaadDecoder: enter NeAACDecInit 
09-09 12:07:46.282   345  4870 I FaadDecoder: [NeAACDecInit 1029]buffer size  742 small then frame size 1566,
09-09 12:07:46.282   345  4870 I FaadDecoder: init fail,inbuf_size 742 
09-09 12:07:46.282   345  4870 I FaadDecoder: skipbytes/0 inbuf_size/742 get_frame_size()/2348 ,need more data 
09-09 12:07:46.282   345  4870 I FaadDecoder: decoder buf size 742,cost 0 byte input data ,but initiation failed.^_^ 
09-09 12:07:46.286   345  4870 I FaadDecoder: begin audio_decoder_init,buf size 1068  
09-09 12:07:46.286   345  4870 I FaadDecoder:  latm header detected nSeekNum 0 
09-09 12:07:46.286   345  4870 I FaadDecoder:  adts head detected  nSeekNum 59 isadts 0
09-09 12:07:46.286   345  4870 I FaadDecoder: enter NeAACDecInit 
09-09 12:07:46.287   345  4870 I FaadDecoder: [NeAACDecInit 1029]buffer size  1068 small then frame size 1566,
09-09 12:07:46.287   345  4870 I FaadDecoder: init fail,inbuf_size 1068 
09-09 12:07:46.287   345  4870 I FaadDecoder: skipbytes/0 inbuf_size/1068 get_frame_size()/2348 ,need more data 
09-09 12:07:46.287   345  4870 I FaadDecoder: decoder buf size 1068,cost 0 byte input data ,but initiation failed.^_^ 
09-09 12:07:46.292  3523  3618 E MCSP_VOD.VOD_ERROR_OUT: [iudpMediaData][912]:[ZTESC ERROR]fec parity data error!iLen=1316!
09-09 12:07:46.292   345  4870 I FaadDecoder: begin audio_decoder_init,buf size 1402  
09-09 12:07:46.292   345  4870 I FaadDecoder:  latm header detected nSeekNum 0 
09-09 12:07:46.292   345  4870 I FaadDecoder:  adts head detected  nSeekNum 59 isadts 0
09-09 12:07:46.292  3523  3618 E MCSP_VOD.VOD_ERROR_OUT: [iudpMediaData][912]:[ZTESC ERROR]fec parity data error!iLen=1316!
09-09 12:07:46.292  3523  3618 I chatty  : uid=1000(system) vod_MainThread identical 1 line
09-09 12:07:46.292  3523  3618 E MCSP_VOD.VOD_ERROR_OUT: [iudpMediaData][912]:[ZTESC ERROR]fec parity data error!iLen=1316!
09-09 12:07:46.292   345  4870 I FaadDecoder: enter NeAACDecInit 
09-09 12:07:46.292   345  4870 I FaadDecoder: [NeAACDecInit 1029]buffer size  1402 small then frame size 1566,
09-09 12:07:46.292  3523  3618 E MCSP_VOD.VOD_ERROR_OUT: [iudpMediaData][912]:[ZTESC ERROR]fec parity data error!iLen=1316!
09-09 12:07:46.292  3523  3618 E MCSP_VOD.VOD_ERROR_OUT: [iudpMediaData][912]:[ZTESC ERROR]fec parity data error!iLen=1316!
09-09 12:07:46.292   345  4870 I FaadDecoder: init fail,inbuf_size 1402 
09-09 12:07:46.292  3523  3618 E MCSP_VOD.VOD_ERROR_OUT: [iudpMediaData][912]:[ZTESC ERROR]fec parity data error!iLen=1316!
09-09 12:07:46.292   345  4870 I FaadDecoder: skipbytes/0 inbuf_size/1402 get_frame_size()/2348 ,need more data 
09-09 12:07:46.292  3523  3618 E MCSP_VOD.VOD_ERROR_OUT: [iudpMediaData][912]:[ZTESC ERROR]fec parity data error!iLen=1316!
09-09 12:07:46.292   345  4870 I FaadDecoder: decoder buf size 1402,cost 0 byte input data ,but initiation failed.^_^ 
09-09 12:07:46.292  3523  3618 E MCSP_VOD.VOD_ERROR_OUT: [iudpMediaData][912]:[ZTESC ERROR]fec parity data error!iLen=1316!
09-09 12:07:46.292  3523  3618 E MCSP_VOD.VOD_ERROR_OUT: [iudpMediaData][912]:[ZTESC ERROR]fec parity data error!iLen=1316!
09-09 12:07:46.293   928  1130 D UEventObserver: change@/devices/platform/auge_soundACTION=changeDEVPATH=/devices/platform/auge_soundSUBSYSTEM=platformAUDIO_FORMAT=0DRIVER=asoc-aml-cardOF_NAME=auge_soundOF_FULLNAME=/auge_soundOF_COMPATIBLE_0=amlogic, auge-sound-cardOF_COMPATIBLE_N=1MODALIAS=of:Nauge_soundT(null)Camlogic,_auge-sound-cardSEQNUM=3491
09-09 12:07:46.293   928  1130 D AudioSystemCmdService: UEVENT: {SUBSYSTEM=platform, SEQNUM=3491, ACTION=change, OF_FULLNAME=/auge_sound, DRIVER=asoc-aml-card, OF_COMPATIBLE_0=amlogic, auge-sound-card, MODALIAS=of:Nauge_soundT(null)Camlogic,_auge-sound-card, DEVPATH=/devices/platform/auge_sound, OF_NAME=auge_sound, AUDIO_FORMAT=0, OF_COMPATIBLE_N=1}
09-09 12:07:46.293   928  1130 D AudioSystemCmdService: DEVPATH: /devices/platform/auge_sound
09-09 12:07:46.293   928  1130 D AudioSystemCmdService: audio format string event
09-09 12:07:46.293   928  1130 D AudioSystemCmdService: AUDIO_FORMAT = 0
09-09 12:07:46.293   928  1130 D AudioSystemCmdService: audioFormat = 0
09-09 12:07:46.293   928  1130 D AudioSystemCmdService: covertAudioFormatIndextToEnum: intVal is 0
09-09 12:07:46.293   928  1130 D AudioSystemCmdService: covertAudioFormatIndextToEnum: stringVal is PCM
09-09 12:07:46.294   345  4870 D audio_hw_primary: update_audio_hal_info()audio hal format change to 4000000, atmos flag = 0, dts_hp_x = 0, update_type = 0
09-09 12:07:46.294  3523  3618 E MCSP_VOD.VOD_ERROR_OUT: [iudpMediaData][912]:[ZTESC ERROR]fec parity data error!iLen=1316!
09-09 12:07:46.295   928  1130 W ContextImpl: Calling a method in the system process without a qualified user: android.app.ContextImpl.sendBroadcast:1111 android.content.ContextWrapper.sendBroadcast:468 com.droidlogic.audioservice.services.AudioSystemCmdService$1.onUEvent:120 com.droidlogic.UEventObserver$UEventThread.sendEvent:213 com.droidlogic.UEventObserver$UEventThread.run:190 
09-09 12:07:46.294  3523  3618 E MCSP_VOD.VOD_ERROR_OUT: [iudpMediaData][912]:[ZTESC ERROR]fec parity data error!iLen=1316!
09-09 12:07:46.296   622   975 E ActivityManager: Sending non-protected broadcast droidlogic.audioservice.action.AUDIO_FORMAT from system 928:com.droidlogic/1000 pkg com.droidlogic
09-09 12:07:46.296   622   975 E ActivityManager: java.lang.Throwable
09-09 12:07:46.296   622   975 E ActivityManager: 	at com.android.server.am.ActivityManagerService.checkBroadcastFromSystem(ActivityManagerService.java:15912)
09-09 12:07:46.296   622   975 E ActivityManager: 	at com.android.server.am.ActivityManagerService.broadcastIntentLocked(ActivityManagerService.java:16587)
09-09 12:07:46.296   622   975 E ActivityManager: 	at com.android.server.am.ActivityManagerService.broadcastIntentLocked(ActivityManagerService.java:15929)
09-09 12:07:46.296   622   975 E ActivityManager: 	at com.android.server.am.ActivityManagerService.broadcastIntentWithFeature(ActivityManagerService.java:16743)
09-09 12:07:46.296   622   975 E ActivityManager: 	at android.app.IActivityManager$Stub.onTransact(IActivityManager.java:2267)
09-09 12:07:46.296   622   975 E ActivityManager: 	at com.android.server.am.ActivityManagerService.onTransact(ActivityManagerService.java:2883)
09-09 12:07:46.296   622   975 E ActivityManager: 	at android.os.Binder.execTransactInternal(Binder.java:1154)
09-09 12:07:46.296   622   975 E ActivityManager: 	at android.os.Binder.execTransact(Binder.java:1123)
09-09 12:07:46.296   345  4870 I FaadDecoder: begin audio_decoder_init,buf size 1738  
09-09 12:07:46.297   345  4870 I FaadDecoder:  latm header detected nSeekNum 0 
09-09 12:07:46.297   345  4870 I FaadDecoder:  adts head detected  nSeekNum 59 isadts 0
09-09 12:07:46.297   345  4870 I FaadDecoder: enter NeAACDecInit 
09-09 12:07:46.297   345  4870 I FaadDecoder: emulated sync word no (sync on following frame) 
09-09 12:07:46.297   345  4870 I FaadDecoder: [NeAACDecInit 1029]buffer size  353 small then frame size 2584,
09-09 12:07:46.297   345  4870 I FaadDecoder: init fail,inbuf_size 353 
09-09 12:07:46.297   345  4870 I FaadDecoder: skipbytes/1385 inbuf_size/353 get_frame_size()/2348 ,need more data 
09-09 12:07:46.297   345  4870 I FaadDecoder: decoder buf size 1738,cost 1385 byte input data ,but initiation failed.^_^ 
09-09 12:07:46.297   345  4870 I FaadDecoder: begin audio_decoder_init,buf size 353  
09-09 12:07:46.297   345  4870 I FaadDecoder:  latm header detected nSeekNum 0 
09-09 12:07:46.297   345  4870 I FaadDecoder:  adts head detected  nSeekNum 17 isadts 0
09-09 12:07:46.297   345  4870 I FaadDecoder: enter NeAACDecInit 
09-09 12:07:46.297   345  4870 I FaadDecoder: [NeAACDecInit 1029]buffer size  353 small then frame size 2584,
09-09 12:07:46.297   345  4870 I FaadDecoder: init fail,inbuf_size 353 
09-09 12:07:46.297   345  4870 I FaadDecoder: skipbytes/0 inbuf_size/353 get_frame_size()/2348 ,need more data 
09-09 12:07:46.297   345  4870 I FaadDecoder: decoder buf size 353,cost 0 byte input data ,but initiation failed.^_^ 
09-09 12:07:46.299   622   648 I DropBoxManagerService: add tag=system_server_wtf isTagEnabled=true flags=0x2
09-09 12:07:46.301     0     0 I         : [  688.084797@3]  audio_send_uevent[48] AUDIO_FORMAT=0 0
09-09 12:07:46.301     0     0 I         : [  688.084810@0]  update audio atmos flag! audio_type = 0
09-09 12:07:46.302   345  4870 I FaadDecoder: begin audio_decoder_init,buf size 685  
09-09 12:07:46.302   345  4870 I FaadDecoder:  latm header detected nSeekNum 0 
09-09 12:07:46.302   345  4870 I FaadDecoder: adts.aac_frame_length  336 buffer_size 668
09-09 12:07:46.302   345  4870 I FaadDecoder:  adts head detected  nSeekNum 17 isadts 1
09-09 12:07:46.302   345  4870 I FaadDecoder: enter NeAACDecInit 
09-09 12:07:46.302   345  4870 I FaadDecoder: [NeAACDecInit 1149]guess it is a ADTS aac files and try to resync
09-09 12:07:46.302   345  4870 I FaadDecoder: [NeAACDecInit 1158]resync and got ADTS header
09-09 12:07:46.302   345  4870 I FaadDecoder: sf index 3,object type 2 
09-09 12:07:46.302   345  4870 I FaadDecoder: [NeAACDecInit 1176]resync adts info:FS/48000 object_type/2 chnum/-391824001
09-09 12:07:46.302   345  4870 I FaadDecoder: [NeAACDecInit 1230]aac init finished. cost bits17
09-09 12:07:46.304   345  4870 I FaadDecoder: init sucess cost 17 gFaadCxt->success_count 0
09-09 12:07:46.304   345  4870 I FaadDecoder: [audio_decoder_init] Init OK adif_present :0 adts_present:1 latm_present:0,sr 48000,ch 2
09-09 12:07:46.304  3523  3618 E MCSP_VOD.VOD_ERROR_OUT: [iudpMediaData][912]:[ZTESC ERROR]fec parity data error!iLen=1316!
09-09 12:07:46.333  3523  3618 I chatty  : uid=1000(system) vod_MainThread identical 22 lines
09-09 12:07:46.333  3523  3618 E MCSP_VOD.VOD_ERROR_OUT: [iudpMediaData][912]:[ZTESC ERROR]fec parity data error!iLen=1316!
09-09 12:07:46.338   345  4870 I AmMediaSync: [MEDIA_AUDIO_0-0](AudioProcess-3689) first apts:ffd2b4, first apts systemtime:29040280.
09-09 12:07:46.338   345  4870 I aml_dtvsync: do get m_audiopolicy=4=HOLD, param1=4294967295, param2=4294967295, out_pts=0xffe880,cur=0xffd2b4,exit=0
09-09 12:07:46.340   392   494 I DTVKIT_LOG: FdWriteTask:148 no file is read
09-09 12:07:46.342  3523  3618 E MCSP_VOD.VOD_ERROR_OUT: [iudpMediaData][912]:[ZTESC ERROR]fec parity data error!iLen=1316!
09-09 12:07:46.342  3523  3618 I chatty  : uid=1000(system) vod_MainThread identical 4 lines
09-09 12:07:46.342  3523  3618 E MCSP_VOD.VOD_ERROR_OUT: [iudpMediaData][912]:[ZTESC ERROR]fec parity data error!iLen=1316!
09-09 12:07:46.344   345  4868 I AmMediaSync: [MEDIA_AUDIO_0-0](setAVSyncState-1646) state: MEDIASYNC_INIT --> MEDIASYNC_AUDIO_ARRIVED.
09-09 12:07:46.352  3523  3618 E MCSP_VOD.VOD_ERROR_OUT: [iudpMediaData][912]:[ZTESC ERROR]fec parity data error!iLen=1316!
09-09 12:07:46.352  3523  3618 I chatty  : uid=1000(system) vod_MainThread identical 4 lines
09-09 12:07:46.352  3523  3618 E MCSP_VOD.VOD_ERROR_OUT: [iudpMediaData][912]:[ZTESC ERROR]fec parity data error!iLen=1316!
09-09 12:07:46.353   345  4870 I aml_dtvsync: do get m_audiopolicy=4=HOLD, param1=4294967295, param2=4294967295, out_pts=0xffe880,cur=0xffd2b4,exit=0
09-09 12:07:46.361  3523  3618 E MCSP_VOD.VOD_ERROR_OUT: [iudpMediaData][912]:[ZTESC ERROR]fec parity data error!iLen=1316!
09-09 12:07:46.362  3523  3618 I chatty  : uid=1000(system) vod_MainThread identical 4 lines
09-09 12:07:46.362  3523  3618 E MCSP_VOD.VOD_ERROR_OUT: [iudpMediaData][912]:[ZTESC ERROR]fec parity data error!iLen=1316!
09-09 12:07:46.369   345  4870 I aml_dtvsync: do get m_audiopolicy=4=HOLD, param1=4294967295, param2=4294967295, out_pts=0xffe880,cur=0xffd2b4,exit=0
09-09 12:07:46.372  3523  3618 E MCSP_VOD.VOD_ERROR_OUT: [iudpMediaData][912]:[ZTESC ERROR]fec parity data error!iLen=1316!
09-09 12:07:46.381  3523  3618 I chatty  : uid=1000(system) vod_MainThread identical 10 lines
09-09 12:07:46.381  3523  3618 E MCSP_VOD.VOD_ERROR_OUT: [iudpMediaData][912]:[ZTESC ERROR]fec parity data error!iLen=1316!
09-09 12:07:46.384   345  4870 I aml_dtvsync: do get m_audiopolicy=4=HOLD, param1=4294967295, param2=4294967295, out_pts=0xffe880,cur=0xffd2b4,exit=0
09-09 12:07:46.398  3523  3618 E MCSP_VOD.VOD_ERROR_OUT: [iudpMediaData][912]:[ZTESC ERROR]fec parity data error!iLen=1316!
09-09 12:07:46.399  3523  3618 I chatty  : uid=1000(system) vod_MainThread identical 8 lines
09-09 12:07:46.399  3523  3618 E MCSP_VOD.VOD_ERROR_OUT: [iudpMediaData][912]:[ZTESC ERROR]fec parity data error!iLen=1316!
09-09 12:07:46.399   345  4870 I aml_dtvsync: do get m_audiopolicy=4=HOLD, param1=4294967295, param2=4294967295, out_pts=0xffe880,cur=0xffd2b4,exit=0
09-09 12:07:46.399  3523  3618 E MCSP_VOD.VOD_ERROR_OUT: [iudpMediaData][912]:[ZTESC ERROR]fec parity data error!iLen=1316!
09-09 12:07:46.410  3523  3618 I chatty  : uid=1000(system) vod_MainThread identical 7 lines
09-09 12:07:46.410  3523  3618 E MCSP_VOD.VOD_ERROR_OUT: [iudpMediaData][912]:[ZTESC ERROR]fec parity data error!iLen=1316!
09-09 12:07:46.414   345  4870 I aml_dtvsync: do get m_audiopolicy=4=HOLD, param1=4294967295, param2=4294967295, out_pts=0xffe880,cur=0xffd2b4,exit=0
09-09 12:07:46.419  3523  3618 E MCSP_VOD.VOD_ERROR_OUT: [iudpMediaData][912]:[ZTESC ERROR]fec parity data error!iLen=1316!
09-09 12:07:46.428  3523  3618 I chatty  : uid=1000(system) vod_MainThread identical 10 lines
09-09 12:07:46.428  3523  3618 E MCSP_VOD.VOD_ERROR_OUT: [iudpMediaData][912]:[ZTESC ERROR]fec parity data error!iLen=1316!
09-09 12:07:46.429   345  4870 I aml_dtvsync: do get m_audiopolicy=4=HOLD, param1=4294967295, param2=4294967295, out_pts=0xffe880,cur=0xffd2b4,exit=0
09-09 12:07:46.438  3523  3618 E MCSP_VOD.VOD_ERROR_OUT: [iudpMediaData][912]:[ZTESC ERROR]fec parity data error!iLen=1316!
09-09 12:07:46.438  3523  3618 I chatty  : uid=1000(system) vod_MainThread identical 4 lines
09-09 12:07:46.438  3523  3618 E MCSP_VOD.VOD_ERROR_OUT: [iudpMediaData][912]:[ZTESC ERROR]fec parity data error!iLen=1316!
09-09 12:07:46.445   345  4870 I aml_dtvsync: do get m_audiopolicy=4=HOLD, param1=4294967295, param2=4294967295, out_pts=0xffe880,cur=0xffd2b4,exit=0
09-09 12:07:46.447  3523  3618 E MCSP_VOD.VOD_ERROR_OUT: [iudpMediaData][912]:[ZTESC ERROR]fec parity data error!iLen=1316!
09-09 12:07:46.457  3523  3618 I chatty  : uid=1000(system) vod_MainThread identical 10 lines
09-09 12:07:46.458  3523  3618 E MCSP_VOD.VOD_ERROR_OUT: [iudpMediaData][912]:[ZTESC ERROR]fec parity data error!iLen=1316!
09-09 12:07:46.460   345  4870 I aml_dtvsync: do get m_audiopolicy=4=HOLD, param1=4294967295, param2=4294967295, out_pts=0xffe880,cur=0xffd2b4,exit=0
09-09 12:07:46.466  3523  3618 E MCSP_VOD.VOD_ERROR_OUT: [iudpMediaData][912]:[ZTESC ERROR]fec parity data error!iLen=1316!
09-09 12:07:46.467  3523  3618 I chatty  : uid=1000(system) vod_MainThread identical 4 lines
09-09 12:07:46.467  3523  3618 E MCSP_VOD.VOD_ERROR_OUT: [iudpMediaData][912]:[ZTESC ERROR]fec parity data error!iLen=1316!
09-09 12:07:46.475   345  4870 I aml_dtvsync: do get m_audiopolicy=4=HOLD, param1=4294967295, param2=4294967295, out_pts=0xffe880,cur=0xffd2b4,exit=0
09-09 12:07:46.476  3523  3618 E MCSP_VOD.VOD_ERROR_OUT: [iudpMediaData][912]:[ZTESC ERROR]fec parity data error!iLen=1316!
09-09 12:07:46.476  3523  4863 I AmCodecVDA: [No-4](0xea5c3df0) displayThreadLoop  dqbuf retry recieve id:0 dqbufWaitCount:101 mInBufferDebug:10 DecodeThreadDebug:15
09-09 12:07:46.476  3523  3618 E MCSP_VOD.VOD_ERROR_OUT: [iudpMediaData][912]:[ZTESC ERROR]fec parity data error!iLen=1316!
09-09 12:07:46.486  3523  3618 I chatty  : uid=1000(system) vod_MainThread identical 9 lines
09-09 12:07:46.486  3523  3618 E MCSP_VOD.VOD_ERROR_OUT: [iudpMediaData][912]:[ZTESC ERROR]fec parity data error!iLen=1316!
09-09 12:07:46.490   345  4870 I aml_dtvsync: do get m_audiopolicy=4=HOLD, param1=4294967295, param2=4294967295, out_pts=0xffe880,cur=0xffd2b4,exit=0
09-09 12:07:46.495  3523  3618 E MCSP_VOD.VOD_ERROR_OUT: [iudpMediaData][912]:[ZTESC ERROR]fec parity data error!iLen=1316!
09-09 12:07:46.505  3523  3618 I chatty  : uid=1000(system) vod_MainThread identical 10 lines
09-09 12:07:46.505  3523  3618 E MCSP_VOD.VOD_ERROR_OUT: [iudpMediaData][912]:[ZTESC ERROR]fec parity data error!iLen=1316!
09-09 12:07:46.505   345  4870 I aml_dtvsync: do get m_audiopolicy=4=HOLD, param1=4294967295, param2=4294967295, out_pts=0xffe880,cur=0xffd2b4,exit=0
09-09 12:07:46.514  3523  3618 E MCSP_VOD.VOD_ERROR_OUT: [iudpMediaData][912]:[ZTESC ERROR]fec parity data error!iLen=1316!
09-09 12:07:46.514  3523  3618 I chatty  : uid=1000(system) vod_MainThread identical 4 lines
09-09 12:07:46.515  3523  3618 E MCSP_VOD.VOD_ERROR_OUT: [iudpMediaData][912]:[ZTESC ERROR]fec parity data error!iLen=1316!
09-09 12:07:46.521   345  4870 I aml_dtvsync: do get m_audiopolicy=4=HOLD, param1=4294967295, param2=4294967295, out_pts=0xffe880,cur=0xffd2b4,exit=0
09-09 12:07:46.524  3523  3618 E MCSP_VOD.VOD_ERROR_OUT: [iudpMediaData][912]:[ZTESC ERROR]fec parity data error!iLen=1316!
09-09 12:07:46.534  3523  3618 I chatty  : uid=1000(system) vod_MainThread identical 10 lines
09-09 12:07:46.534  3523  3618 E MCSP_VOD.VOD_ERROR_OUT: [iudpMediaData][912]:[ZTESC ERROR]fec parity data error!iLen=1316!
09-09 12:07:46.536   345  4870 I aml_dtvsync: do get m_audiopolicy=4=HOLD, param1=4294967295, param2=4294967295, out_pts=0xffe880,cur=0xffd2b4,exit=0
09-09 12:07:46.543  3523  3618 E MCSP_VOD.VOD_ERROR_OUT: [iudpMediaData][912]:[ZTESC ERROR]fec parity data error!iLen=1316!
09-09 12:07:46.543  3523  3618 I chatty  : uid=1000(system) vod_MainThread identical 4 lines
09-09 12:07:46.543  3523  3618 E MCSP_VOD.VOD_ERROR_OUT: [iudpMediaData][912]:[ZTESC ERROR]fec parity data error!iLen=1316!
09-09 12:07:46.551   345  4870 I aml_dtvsync: do get m_audiopolicy=4=HOLD, param1=4294967295, param2=4294967295, out_pts=0xffe880,cur=0xffd2b4,exit=0
09-09 12:07:46.552  3523  3618 E MCSP_VOD.VOD_ERROR_OUT: [iudpMediaData][912]:[ZTESC ERROR]fec parity data error!iLen=1316!
09-09 12:07:46.562  3523  3618 I chatty  : uid=1000(system) vod_MainThread identical 10 lines
09-09 12:07:46.562  3523  3618 E MCSP_VOD.VOD_ERROR_OUT: [iudpMediaData][912]:[ZTESC ERROR]fec parity data error!iLen=1316!
09-09 12:07:46.566   345  4870 I aml_dtvsync: do get m_audiopolicy=4=HOLD, param1=4294967295, param2=4294967295, out_pts=0xffe880,cur=0xffd2b4,exit=0
09-09 12:07:46.572  3523  3618 E MCSP_VOD.VOD_ERROR_OUT: [iudpMediaData][912]:[ZTESC ERROR]fec parity data error!iLen=1316!
09-09 12:07:46.581  3523  3618 I chatty  : uid=1000(system) vod_MainThread identical 9 lines
09-09 12:07:46.581  3523  3618 E MCSP_VOD.VOD_ERROR_OUT: [iudpMediaData][912]:[ZTESC ERROR]fec parity data error!iLen=1316!
09-09 12:07:46.581   345  4870 I aml_dtvsync: do get m_audiopolicy=4=HOLD, param1=4294967295, param2=4294967295, out_pts=0xffe880,cur=0xffd2b4,exit=0
09-09 12:07:46.581  3523  3618 E MCSP_VOD.VOD_ERROR_OUT: [iudpMediaData][912]:[ZTESC ERROR]fec parity data error!iLen=1316!
09-09 12:07:46.591  3523  3618 I chatty  : uid=1000(system) vod_MainThread identical 6 lines
09-09 12:07:46.591  3523  3618 E MCSP_VOD.VOD_ERROR_OUT: [iudpMediaData][912]:[ZTESC ERROR]fec parity data error!iLen=1316!
09-09 12:07:46.597   345  4870 I aml_dtvsync: do get m_audiopolicy=4=HOLD, param1=4294967295, param2=4294967295, out_pts=0xffe880,cur=0xffd2b4,exit=0
09-09 12:07:46.600  3523  3618 E MCSP_VOD.VOD_ERROR_OUT: [iudpMediaData][912]:[ZTESC ERROR]fec parity data error!iLen=1316!
09-09 12:07:46.601  3523  3618 I chatty  : uid=1000(system) vod_MainThread identical 4 lines
09-09 12:07:46.601  3523  3618 E MCSP_VOD.VOD_ERROR_OUT: [iudpMediaData][912]:[ZTESC ERROR]fec parity data error!iLen=1316!
09-09 12:07:46.608   345  4869 I audio_dtv_utils: list->pack_num 40
09-09 12:07:46.608   345  4869 I audio_hw_dtv: list->pack_num 40 full !!!
09-09 12:07:46.610  3523  3618 E MCSP_VOD.VOD_ERROR_OUT: [iudpMediaData][912]:[ZTESC ERROR]fec parity data error!iLen=1316!
09-09 12:07:46.611  3523  3618 I chatty  : uid=1000(system) vod_MainThread identical 4 lines
09-09 12:07:46.611  3523  3618 E MCSP_VOD.VOD_ERROR_OUT: [iudpMediaData][912]:[ZTESC ERROR]fec parity data error!iLen=1316!
09-09 12:07:46.612   345  4870 I aml_dtvsync: do get m_audiopolicy=4=HOLD, param1=4294967295, param2=4294967295, out_pts=0xffe880,cur=0xffd2b4,exit=0
09-09 12:07:46.619  3523  3618 E MCSP_VOD.VOD_ERROR_OUT: [iudpMediaData][912]:[ZTESC ERROR]fec parity data error!iLen=1316!
09-09 12:07:46.621  3523  3618 I chatty  : uid=1000(system) vod_MainThread identical 5 lines
09-09 12:07:46.621  3523  3618 E MCSP_VOD.VOD_ERROR_OUT: [iudpMediaData][912]:[ZTESC ERROR]fec parity data error!iLen=1316!
09-09 12:07:46.627   345  4870 I aml_dtvsync: do get m_audiopolicy=4=HOLD, param1=4294967295, param2=4294967295, out_pts=0xffe880,cur=0xffd2b4,exit=0
09-09 12:07:46.629  3523  3618 E MCSP_VOD.VOD_ERROR_OUT: [iudpMediaData][912]:[ZTESC ERROR]fec parity data error!iLen=1316!
09-09 12:07:46.639  3523  3618 I chatty  : uid=1000(system) vod_MainThread identical 9 lines
09-09 12:07:46.639  3523  3618 E MCSP_VOD.VOD_ERROR_OUT: [iudpMediaData][912]:[ZTESC ERROR]fec parity data error!iLen=1316!
09-09 12:07:46.642   345  4870 I aml_dtvsync: do get m_audiopolicy=4=HOLD, param1=4294967295, param2=4294967295, out_pts=0xffe880,cur=0xffd2b4,exit=0
09-09 12:07:46.648  3523  3618 E MCSP_VOD.VOD_ERROR_OUT: [iudpMediaData][912]:[ZTESC ERROR]fec parity data error!iLen=1316!
09-09 12:07:46.648  3523  3618 I chatty  : uid=1000(system) vod_MainThread identical 4 lines
09-09 12:07:46.648  3523  3618 E MCSP_VOD.VOD_ERROR_OUT: [iudpMediaData][912]:[ZTESC ERROR]fec parity data error!iLen=1316!
09-09 12:07:46.658   345  4870 I aml_dtvsync: do get m_audiopolicy=4=HOLD, param1=4294967295, param2=4294967295, out_pts=0xffe880,cur=0xffd2b4,exit=0
09-09 12:07:46.658  3523  3618 E MCSP_VOD.VOD_ERROR_OUT: [iudpMediaData][912]:[ZTESC ERROR]fec parity data error!iLen=1316!
09-09 12:07:46.667  3523  3618 I chatty  : uid=1000(system) vod_MainThread identical 10 lines
09-09 12:07:46.667  3523  3618 E MCSP_VOD.VOD_ERROR_OUT: [iudpMediaData][912]:[ZTESC ERROR]fec parity data error!iLen=1316!
09-09 12:07:46.673   345  4870 I aml_dtvsync: do get m_audiopolicy=4=HOLD, param1=4294967295, param2=4294967295, out_pts=0xffe880,cur=0xffd2b4,exit=0
09-09 12:07:46.677  3523  3618 E MCSP_VOD.VOD_ERROR_OUT: [iudpMediaData][912]:[ZTESC ERROR]fec parity data error!iLen=1316!
09-09 12:07:46.687  3523  3618 I chatty  : uid=1000(system) vod_MainThread identical 10 lines
09-09 12:07:46.687  3523  3618 E MCSP_VOD.VOD_ERROR_OUT: [iudpMediaData][912]:[ZTESC ERROR]fec parity data error!iLen=1316!
09-09 12:07:46.688   345  4870 I aml_dtvsync: do get m_audiopolicy=4=HOLD, param1=4294967295, param2=4294967295, out_pts=0xffe880,cur=0xffd2b4,exit=0
09-09 12:07:46.688  3523  4863 I AmCodecVDA: [No-4](0xea5c3df0) displayThreadLoop  dqbuf retry recieve id:0 dqbufWaitCount:201 mInBufferDebug:10 DecodeThreadDebug:15
09-09 12:07:46.696  3523  3618 E MCSP_VOD.VOD_ERROR_OUT: [iudpMediaData][912]:[ZTESC ERROR]fec parity data error!iLen=1316!
09-09 12:07:46.696  3523  3618 I chatty  : uid=1000(system) vod_MainThread identical 4 lines
09-09 12:07:46.696  3523  3618 E MCSP_VOD.VOD_ERROR_OUT: [iudpMediaData][912]:[ZTESC ERROR]fec parity data error!iLen=1316!
09-09 12:07:46.703   345  4870 I aml_dtvsync: do get m_audiopolicy=4=HOLD, param1=4294967295, param2=4294967295, out_pts=0xffe880,cur=0xffd2b4,exit=0
09-09 12:07:46.705  3523  3618 E MCSP_VOD.VOD_ERROR_OUT: [iudpMediaData][912]:[ZTESC ERROR]fec parity data error!iLen=1316!
09-09 12:07:46.716  3523  3618 I chatty  : uid=1000(system) vod_MainThread identical 10 lines
09-09 12:07:46.716  3523  3618 E MCSP_VOD.VOD_ERROR_OUT: [iudpMediaData][912]:[ZTESC ERROR]fec parity data error!iLen=1316!
09-09 12:07:46.718  3523  3546 I MCSP_VOD.jni: [ReleaseVideoSurface][241]:release surface =0xe5e83278 
09-09 12:07:46.718   345  4870 I aml_dtvsync: do get m_audiopolicy=4=HOLD, param1=4294967295, param2=4294967295, out_pts=0xffe880,cur=0xffd2b4,exit=0
09-09 12:07:46.718  3523  3546 I MCSP_VOD.VodRemoeteService: release surface = Surface(name=null)/@0xa418647, and now LinkedList's size =0
09-09 12:07:46.725  3523  3618 E MCSP_VOD.VOD_ERROR_OUT: [iudpMediaData][912]:[ZTESC ERROR]fec parity data error!iLen=1316!
09-09 12:07:46.725  3523  3618 I chatty  : uid=1000(system) vod_MainThread identical 4 lines
09-09 12:07:46.725  3523  3618 E MCSP_VOD.VOD_ERROR_OUT: [iudpMediaData][912]:[ZTESC ERROR]fec parity data error!iLen=1316!
09-09 12:07:46.734   345  4870 I aml_dtvsync: do get m_audiopolicy=4=HOLD, param1=4294967295, param2=4294967295, out_pts=0xffe880,cur=0xffd2b4,exit=0
09-09 12:07:46.734  3523  3618 E MCSP_VOD.VOD_ERROR_OUT: [iudpMediaData][912]:[ZTESC ERROR]fec parity data error!iLen=1316!
09-09 12:07:46.744  3523  3618 I chatty  : uid=1000(system) vod_MainThread identical 11 lines
09-09 12:07:46.744  3523  3618 E MCSP_VOD.VOD_ERROR_OUT: [iudpMediaData][912]:[ZTESC ERROR]fec parity data error!iLen=1316!
09-09 12:07:46.749   345  4870 I aml_dtvsync: do get m_audiopolicy=4=HOLD, param1=4294967295, param2=4294967295, out_pts=0xffe880,cur=0xffd2b4,exit=0
09-09 12:07:46.753  3523  3618 E MCSP_VOD.VOD_ERROR_OUT: [iudpMediaData][912]:[ZTESC ERROR]fec parity data error!iLen=1316!
09-09 12:07:46.754  3523  3618 I chatty  : uid=1000(system) vod_MainThread identical 3 lines
09-09 12:07:46.754  3523  3618 E MCSP_VOD.VOD_ERROR_OUT: [iudpMediaData][912]:[ZTESC ERROR]fec parity data error!iLen=1316!
09-09 12:07:46.758   345  4869 I audio_dtv_utils: list->pack_num 40
09-09 12:07:46.759   345  4869 I audio_hw_dtv: list->pack_num 40 full !!!
09-09 12:07:46.763  3523  3618 E MCSP_VOD.VOD_ERROR_OUT: [iudpMediaData][912]:[ZTESC ERROR]fec parity data error!iLen=1316!
09-09 12:07:46.763  3523  3618 I chatty  : uid=1000(system) vod_MainThread identical 4 lines
09-09 12:07:46.763  3523  3618 E MCSP_VOD.VOD_ERROR_OUT: [iudpMediaData][912]:[ZTESC ERROR]fec parity data error!iLen=1316!
09-09 12:07:46.764   345  4870 I aml_dtvsync: do get m_audiopolicy=4=HOLD, param1=4294967295, param2=4294967295, out_pts=0xffe880,cur=0xffd2b4,exit=0
09-09 12:07:46.772  3523  3618 E MCSP_VOD.VOD_ERROR_OUT: [iudpMediaData][912]:[ZTESC ERROR]fec parity data error!iLen=1316!
09-09 12:07:46.773  3523  3618 I chatty  : uid=1000(system) vod_MainThread identical 4 lines
09-09 12:07:46.773  3523  3618 E MCSP_VOD.VOD_ERROR_OUT: [iudpMediaData][912]:[ZTESC ERROR]fec parity data error!iLen=1316!
09-09 12:07:46.779   345  4870 I aml_dtvsync: do get m_audiopolicy=4=HOLD, param1=4294967295, param2=4294967295, out_pts=0xffe880,cur=0xffd2b4,exit=0
09-09 12:07:46.782  3523  3618 E MCSP_VOD.VOD_ERROR_OUT: [iudpMediaData][912]:[ZTESC ERROR]fec parity data error!iLen=1316!
09-09 12:07:46.792  3523  3618 I chatty  : uid=1000(system) vod_MainThread identical 10 lines
09-09 12:07:46.792  3523  3618 E MCSP_VOD.VOD_ERROR_OUT: [iudpMediaData][912]:[ZTESC ERROR]fec parity data error!iLen=1316!
09-09 12:07:46.794   345  4870 I aml_dtvsync: do get m_audiopolicy=4=HOLD, param1=4294967295, param2=4294967295, out_pts=0xffe880,cur=0xffd2b4,exit=0
09-09 12:07:46.801  3523  3618 E MCSP_VOD.VOD_ERROR_OUT: [iudpMediaData][912]:[ZTESC ERROR]fec parity data error!iLen=1316!
09-09 12:07:46.802  3523  3618 I chatty  : uid=1000(system) vod_MainThread identical 5 lines
09-09 12:07:46.802  3523  3618 E MCSP_VOD.VOD_ERROR_OUT: [iudpMediaData][912]:[ZTESC ERROR]fec parity data error!iLen=1316!
09-09 12:07:46.810   345  4870 I aml_dtvsync: do get m_audiopolicy=4=HOLD, param1=4294967295, param2=4294967295, out_pts=0xffe880,cur=0xffd2b4,exit=0
09-09 12:07:46.811  3523  3618 E MCSP_VOD.VOD_ERROR_OUT: [iudpMediaData][912]:[ZTESC ERROR]fec parity data error!iLen=1316!
09-09 12:07:46.811  3523  3618 I chatty  : uid=1000(system) vod_MainThread identical 4 lines
09-09 12:07:46.811  3523  3618 E MCSP_VOD.VOD_ERROR_OUT: [iudpMediaData][912]:[ZTESC ERROR]fec parity data error!iLen=1316!
09-09 12:07:46.814   361   361 D memtrack_aml: debugfs path
09-09 12:07:46.820  3523  3618 E MCSP_VOD.VOD_ERROR_OUT: [iudpMediaData][912]:[ZTESC ERROR]fec parity data error!iLen=1316!
09-09 12:07:46.821  3523  3618 I chatty  : uid=1000(system) vod_MainThread identical 4 lines
09-09 12:07:46.821  3523  3618 E MCSP_VOD.VOD_ERROR_OUT: [iudpMediaData][912]:[ZTESC ERROR]fec parity data error!iLen=1316!
09-09 12:07:46.825   345  4870 I aml_dtvsync: do get m_audiopolicy=4=HOLD, param1=4294967295, param2=4294967295, out_pts=0xffe880,cur=0xffd2b4,exit=0
09-09 12:07:46.826  3523  3618 I MCSP_VOD.TIMER_DEBUG_OUT: [vodTimeFunc][3142]:Timer 1030:  time out!
09-09 12:07:46.826  3523  3618 I MCSP_VOD.VOD_SENDTIME: [MediaClockUpdateTimeInfo][816]:[ID=0]TYPE_CHANNEL:CurrentPosition=1662718066, strCurrentClocktime=20220909T100746.00Z, PlayTimeLen=0, livestate=1, bTV=1.
09-09 12:07:46.827  3523  3618 I MCSP_VOD.VOD_DEBUG_OUT: [SendMsgToBW][2012]:VOD:Send to Subt success,usMsg=2032,lParam=0!
09-09 12:07:46.827   361   361 D memtrack_aml: debugfs path
09-09 12:07:46.827  3523  3618 I MCSP_VOD.VOD_DEBUG_OUT: [SendMsgToBW][2026]:VOD:Send to Subt success,usMsg=2032,lParam=0,mediaType=4!
09-09 12:07:46.827  3523  3618 I MCSP_VOD.VOD_NETSTAT_OUT: [NetstatGetMDISample][2056]:MDINetstat : in sample cycle recv pkt size 138180 Bytes, iKbps:0,iNetstatId=0 
09-09 12:07:46.827  2148  2169 I compcommun: [postEvent]: MCSP_Media, iEventId: 4345857
09-09 12:07:46.827  3523  3618 I MCSP_VOD.VOD_NETSTAT_OUT: [NetstatGetMDISample][2064]:MDINetstat : haven't get the bitrate ,so can't caculate DF!
09-09 12:07:46.827  3523  3618 I MCSP_VOD.VOD_NETSTAT_OUT: [NetstatTimeFunc][822]:VOD_MDI_SAMPLE_TIMER:Netstate bNetSqmAlarm= 0 bNetAlarmFlag = 0 
09-09 12:07:46.827  2148  2169 I BinderManager: MCSP_Media post event (0x425001)
09-09 12:07:46.828  3523  3618 I MCSP_VOD.VOD_NETSTAT_OUT: [NetstatTimeFunc][906]:NETSTAT NORTP_BITRATE: id = 0 , Recv uiRecvRealSize = 138180, bitrate = 1.06 M bps, Lost Pkt = 0, Recv Pkt = 735, LostRate=0.00% in 1 second !
09-09 12:07:46.828  3523  3618 I MCSP_VOD.VOD_NETSTAT_OUT: [NetstatTimeFunc][911]:NETSTAT BITRATE:Netstate Get Bitrate Range [49].
09-09 12:07:46.828  2148  2169 I BinderManager: MCSP_Media post event (0x425001) to [TIF_Tvinput ] end.
09-09 12:07:46.828  3489  3509 I TVInput_QCS: (292)[MCSPMgr.notify]EvtID is 4345857
09-09 12:07:46.828  3489  3509 I TVInput_QCS: (292)[MCSPMgr.onEvtVodPlayTimeInfo]enter
09-09 12:07:46.828  3489  3509 I TVInput_QCS: (292)[MCSPMgr.onEvtVodPlayTimeInfo]iPlayerid:0;iPlayTimeLen:0;usTimeType:1;iNPTCurrentPlaytime:0;strCurrentClocktime:20220909T100746.00Z;iTV:1
09-09 12:07:46.828  3489  3509 I TVInput_QCS: (292)[PlayerMgr.getPlayerObjectByPlayerID]playerId=0
09-09 12:07:46.828  3489  3509 I TVInput_QCS: (292)[UNIPlayer.onEvtPlayTimeInfoTOVOD]iPlayTimeLen=0, usTimeType=1, iNPTCurrentPlaytime=0, strCurrentClocktime=20220909T100746.00Z, iTV=1
09-09 12:07:46.830  3523  3618 E MCSP_VOD.VOD_ERROR_OUT: [iudpMediaData][912]:[ZTESC ERROR]fec parity data error!iLen=1316!
09-09 12:07:46.830  3523  3618 I chatty  : uid=1000(system) vod_MainThread identical 2 lines
09-09 12:07:46.830  3523  3618 E MCSP_VOD.VOD_ERROR_OUT: [iudpMediaData][912]:[ZTESC ERROR]fec parity data error!iLen=1316!
09-09 12:07:46.830  3523  3618 I MCSP_VOD.VOD_NETSTAT_OUT: [NetstatOnAppProcess][1252]:NETSTAT: netstat bitrate result output:total=138180,result=49, iCurLostRate = 0 !
09-09 12:07:46.830  3523  3618 I MCSP_VOD.VOD_NETSTAT_OUT: [ProcessNetstatResult][12234]:NETSTAT: bitrate result = 49, Coding rate HD = 0
09-09 12:07:46.830  3523  3618 I MCSP_VOD.VOD_NETSTAT_OUT: [ProcessNetstatResult][12240]:NETSTAT: bitrate  = 0.00(Mbps), t_netStatEx.uiCodingRate =0
09-09 12:07:46.830  3523  3618 I MCSP_VOD.VOD_DEBUG_OUT: [SendMsgToBW][2012]:VOD:Send to Subt success,usMsg=2043,lParam=49!
09-09 12:07:46.830  3523  3618 I MCSP_VOD.VOD_DEBUG_OUT: [SendMsgToBW][2026]:VOD:Send to Subt success,usMsg=2043,lParam=49,mediaType=4!
09-09 12:07:46.831  3523  3618 I MCSP_VOD.VOD_STATE_OUT: [MP_MC_SendControlMsg][179]:SendMsgToBW: usCommand=[2043] : parameter=[49] 
09-09 12:07:46.831  3523  3618 I MCSP_VOD.VOD_DEBUG_OUT: [MP_MC_SendControlMsg][1093]:###   VOD_NETCOUNT_INF 
09-09 12:07:46.831  3523  3618 I MCSP_VOD.VOD_DEBUG_OUT: [fill_chann_qosdata][18928]:###################m_uBitrate = 0
09-09 12:07:46.831  3523  3618 I MCSP_VOD.VOD_DEBUG_OUT: [fill_chann_qosdata][19062]:VOD:m_channType = 0,PlayId=0,uiwparam=0 !
09-09 12:07:46.831  3523  3618 I MCSP_VOD.VOD_NETSTAT_OUT: [ProcessNetstatResult][12299]:Qos Alarm iCurLostRate = 0 bQosPktLostAlarm = 0
09-09 12:07:46.831  3523  3618 I MCSP_VOD.VOD_DEBUG_OUT: [MCSP_VodNMAlarm][3619]:Alarm report, code=1001 iPlayerId=0 Value = 0 
09-09 12:07:46.831  2148  2169 I compcommun: [postEvent]: MCSP_Media, iEventId: 4345859
09-09 12:07:46.831  2148  2169 I BinderManager: MCSP_Media post event (0x425003)
09-09 12:07:46.832  2148  2169 I BinderManager: MCSP_Media post event (0x425003) to [TIF_Tvinput ] end.
09-09 12:07:46.832  3489  3509 I TVInput_QCS: (292)[MCSPMgr.notify]EvtID is 4345859
09-09 12:07:46.833  3523  3618 I McspCompCommun: MCSP_QueryService failed!
09-09 12:07:46.833  3523  3618 E CIntCompCommun: ERROR:CallIntMethod MCSP_QueryService failed!!!
09-09 12:07:46.833  3523  3618 E MCSP_VOD.libdispatcher: [130] [DispLib] GetAlarmItemInfo, MCSP_QueryService error, maybe MCSP_NetManager died
09-09 12:07:46.833  3523  3618 E MCSP_VOD.libdispatcher: [246] [DispLib] Nm_GetAlarmItem: GetAlarmItemInfo failed 
09-09 12:07:46.833  3523  3618 E MCSP_VOD.libdispatcher: [370] [DispLib] NM_Alarm: failed NULL == pitem 
09-09 12:07:46.839  3523  3618 E MCSP_VOD.VOD_ERROR_OUT: [iudpMediaData][912]:[ZTESC ERROR]fec parity data error!iLen=1316!
09-09 12:07:46.840  3523  3618 I chatty  : uid=1000(system) vod_MainThread identical 5 lines
09-09 12:07:46.840  3523  3618 E MCSP_VOD.VOD_ERROR_OUT: [iudpMediaData][912]:[ZTESC ERROR]fec parity data error!iLen=1316!
09-09 12:07:46.840   345  4870 I aml_dtvsync: do get m_audiopolicy=4=HOLD, param1=4294967295, param2=4294967295, out_pts=0xffe880,cur=0xffd2b4,exit=0
09-09 12:07:46.849  3523  3618 E MCSP_VOD.VOD_ERROR_OUT: [iudpMediaData][912]:[ZTESC ERROR]fec parity data error!iLen=1316!
09-09 12:07:46.849  3523  3618 I chatty  : uid=1000(system) vod_MainThread identical 5 lines
09-09 12:07:46.849  3523  3618 E MCSP_VOD.VOD_ERROR_OUT: [iudpMediaData][912]:[ZTESC ERROR]fec parity data error!iLen=1316!
09-09 12:07:46.855   345  4870 I aml_dtvsync: do get m_audiopolicy=4=HOLD, param1=4294967295, param2=4294967295, out_pts=0xffe880,cur=0xffd2b4,exit=0
09-09 12:07:46.858  3523  3618 E MCSP_VOD.VOD_ERROR_OUT: [iudpMediaData][912]:[ZTESC ERROR]fec parity data error!iLen=1316!
09-09 12:07:46.868  3523  3618 I chatty  : uid=1000(system) vod_MainThread identical 10 lines
09-09 12:07:46.868  3523  3618 E MCSP_VOD.VOD_ERROR_OUT: [iudpMediaData][912]:[ZTESC ERROR]fec parity data error!iLen=1316!
09-09 12:07:46.870   345  4870 I aml_dtvsync: do get m_audiopolicy=4=HOLD, param1=4294967295, param2=4294967295, out_pts=0xffe880,cur=0xffd2b4,exit=0
09-09 12:07:46.877  3523  3618 E MCSP_VOD.VOD_ERROR_OUT: [iudpMediaData][912]:[ZTESC ERROR]fec parity data error!iLen=1316!
09-09 12:07:46.878  3523  3618 I chatty  : uid=1000(system) vod_MainThread identical 4 lines
09-09 12:07:46.878  3523  3618 E MCSP_VOD.VOD_ERROR_OUT: [iudpMediaData][912]:[ZTESC ERROR]fec parity data error!iLen=1316!
09-09 12:07:46.884  3523  3618 I MCSP_VOD.TIMER_DEBUG_OUT: [vodTimeFunc][3142]:Timer 1089:  time out!
09-09 12:07:46.884  3523  3618 I MCSP_VOD.VOD_DEBUG_OUT: [SC_GetMemRate][19390]:memrate:60 memory_stats[0]:2036260, memory_stats[1]:140288, memory_stats[2]:658024, memory_stats[3]:10780,
09-09 12:07:46.886   345  4870 I aml_dtvsync: do get m_audiopolicy=4=HOLD, param1=4294967295, param2=4294967295, out_pts=0xffe880,cur=0xffd2b4,exit=0
09-09 12:07:46.887  3523  3618 E MCSP_VOD.VOD_ERROR_OUT: [iudpMediaData][912]:[ZTESC ERROR]fec parity data error!iLen=1316!
09-09 12:07:46.897  3523  3618 I chatty  : uid=1000(system) vod_MainThread identical 10 lines
09-09 12:07:46.897  3523  3618 E MCSP_VOD.VOD_ERROR_OUT: [iudpMediaData][912]:[ZTESC ERROR]fec parity data error!iLen=1316!
09-09 12:07:46.897  3523  3618 I MCSP_VOD.TIMER_DEBUG_OUT: [vodTimeFunc][3142]:Timer 1110:  time out!
09-09 12:07:46.898  3523  3618 I MCSP_VOD.VOD_DEBUG_OUT: [vodTimeFunc][3165]:[SCID : 0]-[ZtescID : 0]-iVodToDecPktNum  = 106,MediaPktNum=0.BufUsedNum=0.
09-09 12:07:46.901   345  4870 I aml_dtvsync: do get m_audiopolicy=4=HOLD, param1=4294967295, param2=4294967295, out_pts=0xffe880,cur=0xffd2b4,exit=0
09-09 12:07:46.905  3523  4863 I AmCodecVDA: [No-4](0xea5c3df0) displayThreadLoop  dqbuf retry recieve id:0 dqbufWaitCount:301 mInBufferDebug:10 DecodeThreadDebug:15
09-09 12:07:46.906  3523  3618 E MCSP_VOD.VOD_ERROR_OUT: [iudpMediaData][912]:[ZTESC ERROR]fec parity data error!iLen=1316!
09-09 12:07:46.907  3523  3618 I chatty  : uid=1000(system) vod_MainThread identical 4 lines
09-09 12:07:46.907  3523  3618 E MCSP_VOD.VOD_ERROR_OUT: [iudpMediaData][912]:[ZTESC ERROR]fec parity data error!iLen=1316!
09-09 12:07:46.909   345  4869 I audio_dtv_utils: list->pack_num 40
09-09 12:07:46.909   345  4869 I audio_hw_dtv: list->pack_num 40 full !!!
09-09 12:07:46.916  3523  3618 E MCSP_VOD.VOD_ERROR_OUT: [iudpMediaData][912]:[ZTESC ERROR]fec parity data error!iLen=1316!
09-09 12:07:46.916  3523  3618 I chatty  : uid=1000(system) vod_MainThread identical 1 line
09-09 12:07:46.916  3523  3618 E MCSP_VOD.VOD_ERROR_OUT: [iudpMediaData][912]:[ZTESC ERROR]fec parity data error!iLen=1316!
09-09 12:07:46.916   345  4870 I aml_dtvsync: do get m_audiopolicy=4=HOLD, param1=4294967295, param2=4294967295, out_pts=0xffe880,cur=0xffd2b4,exit=0
09-09 12:07:46.916  3523  3618 E MCSP_VOD.VOD_ERROR_OUT: [iudpMediaData][912]:[ZTESC ERROR]fec parity data error!iLen=1316!
09-09 12:07:46.926  3523  3618 I chatty  : uid=1000(system) vod_MainThread identical 7 lines
09-09 12:07:46.926  3523  3618 E MCSP_VOD.VOD_ERROR_OUT: [iudpMediaData][912]:[ZTESC ERROR]fec parity data error!iLen=1316!
09-09 12:07:46.927  3523  4137 I Aml_MP  : AmlMpPlayerImpl_0 writeData rate:142.81KB/s
09-09 12:07:46.928  3523  4137 I TsPlayer: [No-4](0xde8c8710) GetPts uStreamType : 0  get pts failed  -1
09-09 12:07:46.928  3523  4137 I TsPlayer: [No-4](0xde8c8710) GetPts uStreamType : 1  get pts failed  -1
09-09 12:07:46.928  3523  4137 I Aml_MP  : AmlMpPlayerImpl_0 Video(0x100) buffer stat:8770/15728640, 1500.00ms, pts:0.000000
09-09 12:07:46.928  3523  4137 I Aml_MP  : AmlMpPlayerImpl_0 Audio(0x101) buffer stat:1036/3145728, 1500.00ms, pts:0.000000
09-09 12:07:46.931   345  4870 I aml_dtvsync: do get m_audiopolicy=4=HOLD, param1=4294967295, param2=4294967295, out_pts=0xffe880,cur=0xffd2b4,exit=0
09-09 12:07:46.935  3523  4137 I MCSP_VOD.VOD_DEBUG_OUT: [DecTimeFunc][65]:[PlayerId=0]DecCount = 89, DataLen = 139496 Bytes!
09-09 12:07:46.935  3523  3618 E MCSP_VOD.VOD_ERROR_OUT: [iudpMediaData][912]:[ZTESC ERROR]fec parity data error!iLen=1316!
09-09 12:07:46.945  3523  3618 I chatty  : uid=1000(system) vod_MainThread identical 10 lines
09-09 12:07:46.945  3523  3618 E MCSP_VOD.VOD_ERROR_OUT: [iudpMediaData][912]:[ZTESC ERROR]fec parity data error!iLen=1316!
09-09 12:07:46.947   345  4870 I aml_dtvsync: do get m_audiopolicy=4=HOLD, param1=4294967295, param2=4294967295, out_pts=0xffe880,cur=0xffd2b4,exit=0
09-09 12:07:46.954  3523  3618 E MCSP_VOD.VOD_ERROR_OUT: [iudpMediaData][912]:[ZTESC ERROR]fec parity data error!iLen=1316!
09-09 12:07:46.954  3523  3618 I chatty  : uid=1000(system) vod_MainThread identical 4 lines
09-09 12:07:46.954  3523  3618 E MCSP_VOD.VOD_ERROR_OUT: [iudpMediaData][912]:[ZTESC ERROR]fec parity data error!iLen=1316!
09-09 12:07:46.962   345  4870 I aml_dtvsync: do get m_audiopolicy=4=HOLD, param1=4294967295, param2=4294967295, out_pts=0xffe880,cur=0xffd2b4,exit=0
09-09 12:07:46.964  3523  3618 E MCSP_VOD.VOD_ERROR_OUT: [iudpMediaData][912]:[ZTESC ERROR]fec parity data error!iLen=1316!
09-09 12:07:46.965  3523  3618 I chatty  : uid=1000(system) vod_MainThread identical 5 lines
09-09 12:07:46.965  3523  3618 E MCSP_VOD.VOD_ERROR_OUT: [iudpMediaData][912]:[ZTESC ERROR]fec parity data error!iLen=1316!
09-09 12:07:46.966  1256  4858 W adbd    : timed out while waiting for FUNCTIONFS_BIND, trying again
09-09 12:07:46.966  1256  4858 I adbd    : UsbFfs: connection terminated: monitor thread finished
09-09 12:07:46.966  1256  1256 I adbd    : UsbFfs: already offline
09-09 12:07:46.966  1256  1256 I adbd    : destroying transport UsbFfs
09-09 12:07:46.966  1256  1256 I adbd    : UsbFfsConnection being destroyed
09-09 12:07:46.973  3523  3618 E MCSP_VOD.VOD_ERROR_OUT: [iudpMediaData][912]:[ZTESC ERROR]fec parity data error!iLen=1316!
09-09 12:07:46.973  3523  3618 I chatty  : uid=1000(system) vod_MainThread identical 3 lines
09-09 12:07:46.973  3523  3618 E MCSP_VOD.VOD_ERROR_OUT: [iudpMediaData][912]:[ZTESC ERROR]fec parity data error!iLen=1316!
09-09 12:07:46.977   345  4870 I aml_dtvsync: do get m_audiopolicy=4=HOLD, param1=4294967295, param2=4294967295, out_pts=0xffe880,cur=0xffd2b4,exit=0
09-09 12:07:46.983  3523  3618 E MCSP_VOD.VOD_ERROR_OUT: [iudpMediaData][912]:[ZTESC ERROR]fec parity data error!iLen=1316!
09-09 12:07:46.983  3523  3618 I chatty  : uid=1000(system) vod_MainThread identical 6 lines
09-09 12:07:46.992  3523  3618 E MCSP_VOD.VOD_ERROR_OUT: [iudpMediaData][912]:[ZTESC ERROR]fec parity data error!iLen=1316!
09-09 12:07:46.992   345  4870 I aml_dtvsync: do get m_audiopolicy=4=HOLD, param1=4294967295, param2=4294967295, out_pts=0xffe880,cur=0xffd2b4,exit=0
09-09 12:07:46.992  3523  3618 E MCSP_VOD.VOD_ERROR_OUT: [iudpMediaData][912]:[ZTESC ERROR]fec parity data error!iLen=1316!
09-09 12:07:46.993  3523  3618 I chatty  : uid=1000(system) vod_MainThread identical 3 lines
09-09 12:07:46.993  3523  3618 E MCSP_VOD.VOD_ERROR_OUT: [iudpMediaData][912]:[ZTESC ERROR]fec parity data error!iLen=1316!
09-09 12:07:46.994  1256  1270 I adbd    : opening control endpoint /dev/usb-ffs/adb/ep0
09-09 12:07:46.997  1256  1270 I adbd    : UsbFfsConnection constructed
09-09 12:07:46.998  1256  4871 I adbd    : UsbFfs-monitor thread spawned
09-09 12:07:46.998     0     0 I         : [  688.785542@0]  read descriptors
09-09 12:07:46.998     0     0 I         : [  688.785729@0]  read strings
09-09 12:07:47.002  3523  3618 E MCSP_VOD.VOD_ERROR_OUT: [iudpMediaData][912]:[ZTESC ERROR]fec parity data error!iLen=1316!
09-09 12:07:47.002  3523  3618 I chatty  : uid=1000(system) vod_MainThread identical 3 lines
09-09 12:07:47.002  3523  3618 E MCSP_VOD.VOD_ERROR_OUT: [iudpMediaData][912]:[ZTESC ERROR]fec parity data error!iLen=1316!
09-09 12:07:47.007   345  4870 I aml_dtvsync: do get m_audiopolicy=4=HOLD, param1=4294967295, param2=4294967295, out_pts=0xffe880,cur=0xffd2b4,exit=0
09-09 12:07:47.011  3523  3618 E MCSP_VOD.VOD_ERROR_OUT: [iudpMediaData][912]:[ZTESC ERROR]fec parity data error!iLen=1316!
09-09 12:07:47.021  3523  3618 I chatty  : uid=1000(system) vod_MainThread identical 11 lines
09-09 12:07:47.021  3523  3618 E MCSP_VOD.VOD_ERROR_OUT: [iudpMediaData][912]:[ZTESC ERROR]fec parity data error!iLen=1316!
09-09 12:07:47.023   345  4870 I aml_dtvsync: do get m_audiopolicy=4=HOLD, param1=4294967295, param2=4294967295, out_pts=0xffe880,cur=0xffd2b4,exit=0
09-09 12:07:47.030  3523  3618 E MCSP_VOD.VOD_ERROR_OUT: [iudpMediaData][912]:[ZTESC ERROR]fec parity data error!iLen=1316!
09-09 12:07:47.031  3523  3618 I chatty  : uid=1000(system) vod_MainThread identical 4 lines
09-09 12:07:47.031  3523  3618 E MCSP_VOD.VOD_ERROR_OUT: [iudpMediaData][912]:[ZTESC ERROR]fec parity data error!iLen=1316!
09-09 12:07:47.038   345  4870 I aml_dtvsync: do get m_audiopolicy=4=HOLD, param1=4294967295, param2=4294967295, out_pts=0xffe880,cur=0xffd2b4,exit=0
09-09 12:07:47.040  3523  3618 E MCSP_VOD.VOD_ERROR_OUT: [iudpMediaData][912]:[ZTESC ERROR]fec parity data error!iLen=1316!
09-09 12:07:47.050  3523  3618 I chatty  : uid=1000(system) vod_MainThread identical 10 lines
09-09 12:07:47.050  3523  3618 E MCSP_VOD.VOD_ERROR_OUT: [iudpMediaData][912]:[ZTESC ERROR]fec parity data error!iLen=1316!
09-09 12:07:47.053   345  4870 I aml_dtvsync: do get m_audiopolicy=4=HOLD, param1=4294967295, param2=4294967295, out_pts=0xffe880,cur=0xffd2b4,exit=0
09-09 12:07:47.059   345  4869 I audio_dtv_utils: list->pack_num 40
09-09 12:07:47.059   345  4869 I audio_hw_dtv: list->pack_num 40 full !!!
09-09 12:07:47.059  3523  3618 E MCSP_VOD.VOD_ERROR_OUT: [iudpMediaData][912]:[ZTESC ERROR]fec parity data error!iLen=1316!
09-09 12:07:47.060  3523  3618 I chatty  : uid=1000(system) vod_MainThread identical 4 lines
09-09 12:07:47.060  3523  3618 E MCSP_VOD.VOD_ERROR_OUT: [iudpMediaData][912]:[ZTESC ERROR]fec parity data error!iLen=1316!
09-09 12:07:47.068   345  4870 I aml_dtvsync: do get m_audiopolicy=4=HOLD, param1=4294967295, param2=4294967295, out_pts=0xffe880,cur=0xffd2b4,exit=0
09-09 12:07:47.069  3523  3618 E MCSP_VOD.VOD_ERROR_OUT: [iudpMediaData][912]:[ZTESC ERROR]fec parity data error!iLen=1316!
09-09 12:07:47.079  3523  3618 I chatty  : uid=1000(system) vod_MainThread identical 10 lines
09-09 12:07:47.079  3523  3618 E MCSP_VOD.VOD_ERROR_OUT: [iudpMediaData][912]:[ZTESC ERROR]fec parity data error!iLen=1316!
09-09 12:07:47.084   345  4870 I aml_dtvsync: do get m_audiopolicy=4=HOLD, param1=4294967295, param2=4294967295, out_pts=0xffe880,cur=0xffd2b4,exit=0
09-09 12:07:47.088  3523  3618 E MCSP_VOD.VOD_ERROR_OUT: [iudpMediaData][912]:[ZTESC ERROR]fec parity data error!iLen=1316!
09-09 12:07:47.098  3523  3618 I chatty  : uid=1000(system) vod_MainThread identical 10 lines
09-09 12:07:47.098  3523  3618 E MCSP_VOD.VOD_ERROR_OUT: [iudpMediaData][912]:[ZTESC ERROR]fec parity data error!iLen=1316!
09-09 12:07:47.099   345  4870 I aml_dtvsync: do get m_audiopolicy=4=HOLD, param1=4294967295, param2=4294967295, out_pts=0xffe880,cur=0xffd2b4,exit=0
09-09 12:07:47.107  3523  3618 E MCSP_VOD.VOD_ERROR_OUT: [iudpMediaData][912]:[ZTESC ERROR]fec parity data error!iLen=1316!
09-09 12:07:47.107  3523  3618 I chatty  : uid=1000(system) vod_MainThread identical 4 lines
09-09 12:07:47.107  3523  3618 E MCSP_VOD.VOD_ERROR_OUT: [iudpMediaData][912]:[ZTESC ERROR]fec parity data error!iLen=1316!
09-09 12:07:47.114   345  4870 I aml_dtvsync: do get m_audiopolicy=4=HOLD, param1=4294967295, param2=4294967295, out_pts=0xffe880,cur=0xffd2b4,exit=0
09-09 12:07:47.116  3523  3618 E MCSP_VOD.VOD_ERROR_OUT: [iudpMediaData][912]:[ZTESC ERROR]fec parity data error!iLen=1316!
09-09 12:07:47.117  3523  3618 I chatty  : uid=1000(system) vod_MainThread identical 4 lines
09-09 12:07:47.117  3523  3618 E MCSP_VOD.VOD_ERROR_OUT: [iudpMediaData][912]:[ZTESC ERROR]fec parity data error!iLen=1316!
09-09 12:07:47.119  3523  4863 I AmCodecVDA: [No-4](0xea5c3df0) displayThreadLoop  dqbuf retry recieve id:0 dqbufWaitCount:401 mInBufferDebug:10 DecodeThreadDebug:15
09-09 12:07:47.126  3523  3618 E MCSP_VOD.VOD_ERROR_OUT: [iudpMediaData][912]:[ZTESC ERROR]fec parity data error!iLen=1316!
09-09 12:07:47.126  3523  3618 I chatty  : uid=1000(system) vod_MainThread identical 4 lines
09-09 12:07:47.126  3523  3618 E MCSP_VOD.VOD_ERROR_OUT: [iudpMediaData][912]:[ZTESC ERROR]fec parity data error!iLen=1316!
09-09 12:07:47.129   345  4870 I aml_dtvsync: do get m_audiopolicy=4=HOLD, param1=4294967295, param2=4294967295, out_pts=0xffe880,cur=0xffd2b4,exit=0
09-09 12:07:47.136  3523  3618 E MCSP_VOD.VOD_ERROR_OUT: [iudpMediaData][912]:[ZTESC ERROR]fec parity data error!iLen=1316!
09-09 12:07:47.136  3523  3618 I chatty  : uid=1000(system) vod_MainThread identical 4 lines
09-09 12:07:47.136  3523  3618 E MCSP_VOD.VOD_ERROR_OUT: [iudpMediaData][912]:[ZTESC ERROR]fec parity data error!iLen=1316!
