09-09 12:07:44.918     0     0 I [  686.706994@3]  UVM: dmabuf is not uvm. is_valid_mod_type 505
09-09 12:07:44.918     0     0 I [  686.707085@3]  UVM: dmabuf is not uvm. is_valid_mod_type 505
09-09 12:07:44.918     0     0 I [  686.707092@1]  UVM: dmabuf is not uvm. is_valid_mod_type 505
09-09 12:07:44.926     0     0 I [  686.713913@1]  dim: load 0xa00 pq table len 117 later.
09-09 12:07:44.917   928  1066 D SystemControlEvent: notify audio callback param1:8param2:0param3:0param4:0
09-09 12:07:44.926     0     0 E         : [  686.714508@2]  vdin_open vdin0 not enable
09-09 12:07:44.926     0     0 E         : [  686.714615@2]  vdin_open vdin0 not enable
09-09 12:07:44.917   343   415 D SystemControl: [CPQControl]:onVframeSizeChange: event value = 7(0x7)!
09-09 12:07:44.917   343   415 D SystemControl: [CPQControl]:isBootvideoStopped: bootvideo enable value is 0050!
09-09 12:07:44.917   343   415 D SystemControl: [CPQControl]:isBootvideoStopped: bootvideo don't enable!
09-09 12:07:44.918  3523  3618 E MCSP_VOD.VOD_ERROR_OUT: [iudpMediaData][912]:[ZTESC ERROR]fec parity data error!iLen=1316!
09-09 12:07:44.918   343   415 D SystemControl: [CPQControl]:onVframeSizeChange: sig_fmt = 0x402(1026).
09-09 12:07:44.918   343   415 D SystemControl: [CPQControl]:SetCurrentSourceInputInfo: param_check_source_enable = 1!
09-09 12:07:44.918  3523  3618 E MCSP_VOD.VOD_ERROR_OUT: [iudpMediaData][912]:[ZTESC ERROR]fec parity data error!iLen=1316!
09-09 12:07:44.918   343   415 D SystemControl: [CPQControl]:SetCurrentSourceInputInfo:new source info: source=10,sigFmt=1026(0x402),hdrType=6
09-09 12:07:44.918  3523  3618 E MCSP_VOD.VOD_ERROR_OUT: [iudpMediaData][912]:[ZTESC ERROR]fec parity data error!iLen=1316!
09-09 12:07:44.918   343   415 D SystemControl: [CPQControl]:SetCurrentSourceInputInfo: mCurrentHdrType is 6, hdrStatus is 0!
09-09 12:07:44.918  3523  3618 E MCSP_VOD.VOD_ERROR_OUT: [iudpMediaData][912]:[ZTESC ERROR]fec parity data error!iLen=1316!
09-09 12:07:44.918   343   415 D SystemControl: [CPQControl]:CheckOutPutMode: current output mode is 1080p60hz!
09-09 12:07:44.918  3523  4137 I Aml_MP  : AmlTsPlayer_0 Call setParameter, key is AML_MP_PLAYER_PARAMETER_AUDIO_MUTE
09-09 12:07:44.918   343   415 D SystemControl: [CPQControl]:CheckOutPutMode: outputFrameHeight: 1080!
09-09 12:07:44.918  3523  3618 E MCSP_VOD.VOD_ERROR_OUT: [iudpMediaData][912]:[ZTESC ERROR]fec parity data error!iLen=1316!
09-09 12:07:44.918   343   415 D SystemControl: [CPQControl]:Cpq_GetInputVideoFrameHeight: inputFrameHeight is 90!
09-09 12:07:44.918  3523  4137 I TsPlayer: [No-4](0xde8c8710) SetAudioMute analog_mute:0 digital_mute:0
09-09 12:07:44.918   343   415 D SystemControl: [CPQControl]:CheckOutPutMode: output mode is 12!
09-09 12:07:44.918  3523  3618 E MCSP_VOD.VOD_ERROR_OUT: [iudpMediaData][912]:[ZTESC ERROR]fec parity data error!iLen=1316!
09-09 12:07:44.918   343   415 D SystemControl: [CPQControl]:source_input: 10, sig_fmt: 0x402(1026), trans_fmt: 0x0
09-09 12:07:44.918   343   415 D SystemControl: [CPQControl]:XVYCC Moudle disabled!
09-09 12:07:44.918  3523  4137 I TsRenderer: [No-4](0xea508f80) SetAudioMute SetAudioMute:0
09-09 12:07:44.918   343   415 D SystemControl: [CPQControl]:Cpq_SetXVYCCMode success!
09-09 12:07:44.918  3523  4137 V AmAudioHalWrapper: [No-4](0xea4a2910) Am_AudioHalWrapper_Setmute mute:0 mIsOpen:0 mIsReadyStart:0 mIsStarted:0 
09-09 12:07:44.918  3523  4137 I Aml_MP  : AmlTsPlayer_0 Call setParameter, key is AML_MP_PLAYER_PARAMETER_NETWORK_JITTER
09-09 12:07:44.918  3523  4137 I Aml_MP  : AmlMpPlayerImpl_0 STATE_IDLE -> STATE_PREPARING
09-09 12:07:44.918  3523  4137 I Aml_MP  : AmlMpPlayerDemo_AmlHwDemux [AmlHwDemux:64] mstopped = 0
09-09 12:07:44.918  3523  4137 I Aml_MP  : AmlMpPlayerDemo_AmlHwDemux mDemuxName:/dev/dvb0.demux0
09-09 12:07:44.918  3523  4137 I Aml_MP  : AmlMpPlayerDemo_AmlDemuxBase [ITsParser:390] 
09-09 12:07:44.918  3523  4137 I Aml_MP  : AmlMpPlayerDemo_AmlHwDemux [HwTsParser:227] 
09-09 12:07:44.918  3523  4137 I Aml_MP  : AmlMpPlayerDemo_AmlHwDemux open /dev/dvb0.dvr0  ok 
09-09 12:07:44.919  3523  4137 I Aml_MP  : AmlMpPlayerDemo_AmlHwDemux set ---> INPUT_LOCAL 
09-09 12:07:44.919  3523  4137 I Aml_MP  : AmlMpPlayerDemo_AmlHwDemux DMX_SET_INPUT ret:0
09-09 12:07:44.919   343   415 D SystemControl: [CPQdb]:table name is DI_MPEG!
09-09 12:07:44.919  3523  4137 I Aml_MP  : AmlMpPlayerDemo_AmlDemuxBase [Channel:129] ctor channel, pid:4097
09-09 12:07:44.919  3523  4137 I Aml_MP  : AmlMpPlayerDemo_AmlDemuxBase [Filter:88] ctor filter:0
09-09 12:07:44.919  3523  4137 W Aml_MP  : AmlMpPlayerImpl_0 start() takes 34 ms, Seems slow, check!
09-09 12:07:44.919  3523  4137 E INTERNAL_AMPPLAYER: [Aml_MP_Player_ShowVideo][405]:Start Aml_MP_Player_ShowVideo
09-09 12:07:44.919  3523  4137 E INTERNAL_AMPPLAYER: [Aml_MP_Player_SetParameter][449]:Start Aml_MP_Player_SetParameter
09-09 12:07:44.919  3523  4137 I MCSP_VOD.VOD_DEBUG_OUT: [DecStateCallBack][81]:nID = 0, iMsg = 5, wparam = 1, lparam = 0.
09-09 12:07:44.919  3523  4137 D DECODER_TS: [TS_vodDecStart][1210]:VOD Callback MEDIA_PLAY i32DecoderID = 0!
09-09 12:07:44.919  3523  4137 E INTERNAL_AMPPLAYER: [Aml_MP_Player_GetParameter][460]:Start Aml_MP_Player_GetParameter
09-09 12:07:44.919   343   415 D SystemControl: [CPQdb]:getDIRegValuesByValue, length = 16
09-09 12:07:44.919  3523  4137 D DECODER_TS: [TS_vodDecStart][1226]:Get TunnelId: 0 ,ret = -1
09-09 12:07:44.919  3523  4137 D DECODER_TS: [TS_vodDecStart][1229]:Get tunnel id failed! ret:-1
09-09 12:07:44.919  3523  4137 I MCSP_VOD.PLAY_INFO: [HAL_DecStart][607]:========== start the decoder end.
09-09 12:07:44.919  3523  4137 I MCSP_VOD.ZD_ERROR: [OnDecStart][368]:[PlayerId=0]HAL_DecStart failed, iResult = -1.
09-09 12:07:44.919  3523  4857 I AmlMpPlayerDemo_AmlHwDemux: hwdemux thread start!
09-09 12:07:44.919  3523  4137 I MCSP_VOD.VOD_DEBUG_OUT: [McspSendAsynMsgToVod][1936]:[ McspSendAsynMsgToVod ]iMsgType==1602 
09-09 12:07:44.920  3523  4137 I MCSP_VOD.VOD_DEBUG_OUT: [OnDecSetDecAudioChannel][575]:[PlayerId=0]iChannel = 0.
09-09 12:07:44.920  3523  4137 D DECODER_TS: [TS_vodDecAudioChannelSet][1955]:Start TS_vodDecAudioChannelSet, Channel = 0
09-09 12:07:44.920  3523  4137 E INTERNAL_AMPPLAYER: [Aml_MP_Player_SetParameter][449]:Start Aml_MP_Player_SetParameter
09-09 12:07:44.920  3523  4137 I MCSP_VOD.VOD_DEBUG_OUT: [OnDecSubtitleOff][682]:[PlayerId=0]eType = 4.
09-09 12:07:44.920  3523  4137 D DECODER_TS: [TS_vodDecSubtitleOff][2392]:Start TS_vodDecSubtitleOff.
09-09 12:07:44.920  3523  4137 E INTERNAL_AMPPLAYER: [Aml_MP_Player_HideSubtitle][438]:Start Aml_MP_Player_HideSubtitle
09-09 12:07:44.920  3523  4137 I Aml_MP  : AmlPlayerBase_0 hideSubtitle
09-09 12:07:44.920  3523  4137 E Aml_MP  : AmlPlayerBase_0 hideSubtitle:161 return 0 <- mSubtitleHandle == nullptr
09-09 12:07:44.920  3523  4137 D DECODER_TS: [TS_vodDecSubtitleOff][2407]:Aml_MP_Player_HideSubtitle  return 0
09-09 12:07:44.920  3523  4137 I MCSP_VOD.VOD_DEBUG_OUT: [OnDecSubtitleOff][682]:[PlayerId=0]eType = 2.
09-09 12:07:44.920  3523  4137 D DECODER_TS: [TS_vodDecSubtitleOff][2392]:Start TS_vodDecSubtitleOff.
09-09 12:07:44.920  3523  4137 E INTERNAL_AMPPLAYER: [Aml_MP_Player_HideSubtitle][438]:Start Aml_MP_Player_HideSubtitle
09-09 12:07:44.920  3523  4137 I Aml_MP  : AmlPlayerBase_0 hideSubtitle
09-09 12:07:44.920  3523  4137 E Aml_MP  : AmlPlayerBase_0 hideSubtitle:161 return 0 <- mSubtitleHandle == nullptr
09-09 12:07:44.920  3523  4137 D DECODER_TS: [TS_vodDecSubtitleOff][2407]:Aml_MP_Player_HideSubtitle  return 0
09-09 12:07:44.920  3523  4137 I MCSP_VOD.VOD_DEBUG_OUT: [OnDecSetVideoAlpha][757]:[PlayerId=0]u32VideoAlpha = 0.
09-09 12:07:44.920  3523  4137 I MCSP_VOD.VOD_DEBUG_OUT: [DecTimeFunc][65]:[PlayerId=0]DecCount = 0, DataLen = 0 Bytes!
09-09 12:07:44.921   343   415 D SystemControl: [CPQdb]:table name is MCDI_MPEG_SD!
09-09 12:07:44.922   343   415 D SystemControl: [CPQdb]:getDIRegValuesByValue, length = 117
09-09 12:07:44.923   343   415 D SystemControl: [CPQControl]:Deblock moudle disabled!
09-09 12:07:44.923   343   415 D SystemControl: [CPQControl]:DemoSquito moudle disabled!
09-09 12:07:44.923   343   415 D SystemControl: [CPQControl]:Cpq_SetDIModuleParam success!
09-09 12:07:44.923   343   415 D SystemControl: [CPQControl]:GetPQMode, source: 10, mode: 0
09-09 12:07:44.923   343   415 D SystemControl: [CPQControl]:setPQModeByTvService: gameStatus: 0, pcStatus: 0!
09-09 12:07:44.923   394   547 D tvserver: [CTv]:Tv_SetVdinForPQ: game mode: 0, pc mode: 0, autoSwitchFlag: 2
09-09 12:07:44.923   394   547 D tvserver: [tvutils]:write /sys/class/amvecm/pc_mode, val:1
09-09 12:07:44.923   394   547 D tvserver: [CTvin]:VDIN_SetMonitorMode: monitor mode: 0!
09-09 12:07:44.923   394   547 W tvserver: [CTvin]:Open /dev/vdin0 error(No such device or address)!
09-09 12:07:44.923   394   547 E tvserver: [CTvin]:VDIN_SetMonitorMode failed, error(No such device or address)!
09-09 12:07:44.924   394   547 D tvserver: [CTvin]:VDIN_SetGameMode: game mode: 0!
09-09 12:07:44.924   394   547 W tvserver: [CTvin]:Open /dev/vdin0 error(No such device or address)!
09-09 12:07:44.924  3523  3618 I MCSP_VOD.VOD_DEBUG_OUT: [MCSP_VodEvtProcess][697]:playerid = [0],iCmdType = 1602
09-09 12:07:44.924   394   547 E tvserver: [CTvin]:VDIN_SetGameMode failed, error(No such device or address)!
09-09 12:07:44.924  3523  3618 I MCSP_VOD.VOD_DEBUG_OUT: [OnMcDecErrorNotify][7180]:threadid is 0, iError is -1!
09-09 12:07:44.924  3523  3618 I MCSP_VOD.VOD_DEBUG_OUT: [vodErrHandle][192]:vodErrHandle:i32StreamClientID=0,ErrCode=-1!
09-09 12:07:44.924   343   415 E SystemControl: [CPQControl]:setPQModeByTvService failed!
09-09 12:07:44.924   343   415 D SystemControl: [CPQControl]:Cpq_SetPQMode: nr2 moudle disabled!
09-09 12:07:44.924   343   415 D SystemControl: [CPQControl]:Cpq_LoadBasicRegs: BlackExtension moudle disabled!
09-09 12:07:44.925   343   415 D SystemControl: [CPQdb]:table name is Sharpness_0_SD_UPSCALE_Fixed!
09-09 12:07:44.927  3523  3618 E MCSP_VOD.VOD_ERROR_OUT: [iudpMediaData][912]:[ZTESC ERROR]fec parity data error!iLen=1316!
09-09 12:07:44.927  3523  3618 E MCSP_VOD.VOD_ERROR_OUT: [iudpMediaData][912]:[ZTESC ERROR]fec parity data error!iLen=1316!
09-09 12:07:44.927   343   415 D SystemControl: [CPQControl]:Cpq_SetSharpness0FixedParam success!
09-09 12:07:44.927  3523  3618 E MCSP_VOD.VOD_ERROR_OUT: [iudpMediaData][912]:[ZTESC ERROR]fec parity data error!iLen=1316!
09-09 12:07:44.927  3523  3618 I chatty  : uid=1000(system) vod_MainThread identical 2 lines
09-09 12:07:44.927  3523  3618 E MCSP_VOD.VOD_ERROR_OUT: [iudpMediaData][912]:[ZTESC ERROR]fec parity data error!iLen=1316!
09-09 12:07:44.928   343   415 D SystemControl: [CPQdb]:table name is Sharpness_0_SD_UPSCALE_Variable!
09-09 12:07:44.930   343   415 D SystemControl: [CPQControl]:Cpq_SetSharpness0VariableParam success!
09-09 12:07:44.930   343   415 D SystemControl: [CPQControl]:Cpq_LoadBasicRegs: Sharpness1 moudle disabled!
09-09 12:07:44.931   343   415 D SystemControl: [CPQdb]:table name is Bri_Con_MPEG_Brightness_RefData!
09-09 12:07:44.932   343   415 D SystemControl: [CPQControl]:Cpq_SetBrightnessBasicParam success!
09-09 12:07:44.932   343   415 D SystemControl: [CPQdb]:table name is Bri_Con_MPEG_Contrast_RefData!
09-09 12:07:44.933   343   415 D SystemControl: [CPQControl]:Cpq_SetContrastBasicParam success!
09-09 12:07:44.933   343   415 D SystemControl: [CPQdb]:table name is Saturation_MPEG_Saturation!
09-09 12:07:44.933   343   415 D SystemControl: [CPQControl]:Cpq_SetSaturationBasicParam success!
09-09 12:07:44.934   343   415 D SystemControl: [CPQdb]:table name is Saturation_MPEG_Hue!
09-09 12:07:44.934   343   415 D SystemControl: [CPQControl]:Cpq_SetHueBasicParam success!
09-09 12:07:44.937  3523  3618 E MCSP_VOD.VOD_ERROR_OUT: [iudpMediaData][912]:[ZTESC ERROR]fec parity data error!iLen=1316!
09-09 12:07:44.937  3523  3618 I chatty  : uid=1000(system) vod_MainThread identical 4 lines
09-09 12:07:44.937  3523  3618 E MCSP_VOD.VOD_ERROR_OUT: [iudpMediaData][912]:[ZTESC ERROR]fec parity data error!iLen=1316!
09-09 12:07:44.943   343   415 D SystemControl: [CPQControl]:Cpq_SetVideoSaturationHue: 0 0
09-09 12:07:44.946  3523  3618 E MCSP_VOD.VOD_ERROR_OUT: [iudpMediaData][912]:[ZTESC ERROR]fec parity data error!iLen=1316!
09-09 12:07:44.946  3523  3618 I chatty  : uid=1000(system) vod_MainThread identical 4 lines
09-09 12:07:44.946  3523  3618 E MCSP_VOD.VOD_ERROR_OUT: [iudpMediaData][912]:[ZTESC ERROR]fec parity data error!iLen=1316!
09-09 12:07:44.947   343   415 D SystemControl: [CPQControl]:Cpq_SetSharpness: sharpness1 moudle disabled!
09-09 12:07:44.951   343   415 D SystemControl: [CPQControl]:Cpq_SetVideoBrightness brightness : 0
09-09 12:07:44.955   343   415 D SystemControl: [CPQControl]:Cpq_SetVideoContrast: 0
09-09 12:07:44.955   343   415 D SystemControl: [CPQControl]:Cpq_SetPQMode success!
09-09 12:07:44.955   343   415 D SystemControl: [CPQControl]:GetGammaValue, source: 10, value = 0
09-09 12:07:44.955   343   415 D SystemControl: [CPQControl]:SetGammaValue, source: 10, value = 0
09-09 12:07:44.955   343   415 D SystemControl: [CPQControl]:Gamma moudle disabled!
09-09 12:07:44.955   343   415 D SystemControl: [CPQControl]:SetGammaValue success!
09-09 12:07:44.955   343   415 D SystemControl: [CPQControl]:GetColorBaseMode: mode is 1
09-09 12:07:44.955   343   415 D SystemControl: [CPQControl]:SetColorBaseMode: mode is 1
09-09 12:07:44.955   343   415 D SystemControl: [CPQControl]:CM moudle disabled!
09-09 12:07:44.955   343   415 D SystemControl: [CPQControl]:SaveColorBaseMode: mode is 1
09-09 12:07:44.956  3523  3618 E MCSP_VOD.VOD_ERROR_OUT: [iudpMediaData][912]:[ZTESC ERROR]fec parity data error!iLen=1316!
09-09 12:07:44.956  3523  3618 I chatty  : uid=1000(system) vod_MainThread identical 4 lines
09-09 12:07:44.956  3523  3618 E MCSP_VOD.VOD_ERROR_OUT: [iudpMediaData][912]:[ZTESC ERROR]fec parity data error!iLen=1316!
09-09 12:07:44.958   343   415 D SystemControl: [CPQControl]:SetColorBaseMode success!
09-09 12:07:44.958   343   415 D SystemControl: [CPQControl]:GetColorTemperature: source: 10, mode: 0!
09-09 12:07:44.958   343   415 D SystemControl: [CPQControl]:LoadPQSettings: whitebalance moudle disabled!
09-09 12:07:44.958   343   415 D SystemControl: [CPQControl]:GetDnlpMode success!
09-09 12:07:44.958   343   415 D SystemControl: [CPQControl]:GetDnlpMode, source_input = 10, mode is 2
09-09 12:07:44.958   343   415 D SystemControl: [CPQControl]:DNLP moudle disabled!
09-09 12:07:44.958   343   415 D SystemControl: [CPQControl]:SetDnlpMode success!
09-09 12:07:44.959   343   415 D SystemControl: [CPQControl]:GetLocalContrastMode: mode is 2
09-09 12:07:44.959   343   415 D SystemControl: [CPQControl]:SetLocalContrastMode: mode is 2!
09-09 12:07:44.959   343   415 D SystemControl: [CPQControl]:SetLocalContrastMode: local contrast moudle disabled!
09-09 12:07:44.959   343   415 D SystemControl: [CPQControl]:SetLocalContrastMode success!
09-09 12:07:44.959   343   415 D SystemControl: [CPQControl]:GetDisplayMode, source: 10, value = 0
09-09 12:07:44.959   343   415 D SystemControl: [CPQControl]:SetDisplayMode, source: 10, value = 0
09-09 12:07:44.959   343   415 D SystemControl: [CPQControl]:source_input:10, adapted_mode:0, AFDFlag:0,screen mode:3
09-09 12:07:44.959   343   415 D SystemControl: [CPQControl]:Cpq_SetDisplayModeAllTiming success!
09-09 12:07:44.959   343   415 D SystemControl: [CPQControl]:Cpq_SetDisplayModeOneTiming: Overscan moudle disabled!
09-09 12:07:44.959   343   415 D SystemControl: [CPQControl]:Cpq_SetDisplayModeOneTiming: screenmode:1 hs:0 he:0 vs:0 ve:0
09-09 12:07:44.959   343   415 D SystemControl: [CPQControl]:Cpq_SetVideoCrop: 0 0 0 0
09-09 12:07:44.959   343   415 D SystemControl: [CPQControl]:Cpq_SetVideoScreenMode: 1
09-09 12:07:44.959   343   415 D SystemControl: [CPQControl]:SaveDisplayMode, source: 10, value = 0
09-09 12:07:44.960   343   415 D SystemControl: [CPQControl]:SaveDisplayMode success!
09-09 12:07:44.960   343   415 D SystemControl: [CPQControl]:SetHDRTMOMode, source: 10, mode = 1
09-09 12:07:44.960   343   415 D SystemControl: [CPQControl]:hdr tmo disabled
09-09 12:07:44.960   343   415 D SystemControl: [CPQControl]:SetHDRTMOMode success
09-09 12:07:44.960   343   415 E SystemControl: [CPQControl]:ai is disable
09-09 12:07:44.960   343   415 D SystemControl: [CPQControl]:AiParamLoad success
09-09 12:07:44.960   343   415 D SystemControl: [CPQControl]:Smooth Plus disabled
09-09 12:07:44.960   343   415 D SystemControl: [CPQControl]:Cpq_SetSmoothPlusMode success!
09-09 12:07:44.960   343   415 D SystemControl: [CPQControl]:onVframeSizeChange: send hdr event,info is 6.!
09-09 12:07:44.965  3523  3618 E MCSP_VOD.VOD_ERROR_OUT: [iudpMediaData][912]:[ZTESC ERROR]fec parity data error!iLen=1316!
09-09 12:07:45.396  3523  3618 I chatty  : uid=1000(system) vod_MainThread identical 276 lines
09-09 12:07:45.396  3523  3618 E MCSP_VOD.VOD_ERROR_OUT: [iudpMediaData][912]:[ZTESC ERROR]fec parity data error!iLen=1316!
09-09 12:07:45.397  3523  4137 I MCSP_VOD.VOD_DEBUG_OUT: [FindPESHeader][156]:adaptation_field_length 182
09-09 12:07:45.405  3523  3618 E MCSP_VOD.VOD_ERROR_OUT: [iudpMediaData][912]:[ZTESC ERROR]fec parity data error!iLen=1316!
09-09 12:07:45.798  3523  3618 I chatty  : uid=1000(system) vod_MainThread identical 253 lines
09-09 12:07:45.798  3523  3618 E MCSP_VOD.VOD_ERROR_OUT: [iudpMediaData][912]:[ZTESC ERROR]fec parity data error!iLen=1316!
09-09 12:07:45.802  4814  4830 W System  : A resource failed to call close. 
09-09 12:07:45.807  3523  3618 E MCSP_VOD.VOD_ERROR_OUT: [iudpMediaData][912]:[ZTESC ERROR]fec parity data error!iLen=1316!
09-09 12:07:45.807  3523  3618 I chatty  : uid=1000(system) vod_MainThread identical 4 lines
09-09 12:07:45.807  3523  3618 E MCSP_VOD.VOD_ERROR_OUT: [iudpMediaData][912]:[ZTESC ERROR]fec parity data error!iLen=1316!
09-09 12:07:45.807  4814  4830 W System  : A resource failed to call close. 
09-09 12:07:45.816  3523  3618 E MCSP_VOD.VOD_ERROR_OUT: [iudpMediaData][912]:[ZTESC ERROR]fec parity data error!iLen=1316!
09-09 12:07:45.816  3523  3618 I chatty  : uid=1000(system) vod_MainThread identical 4 lines
09-09 12:07:45.817  3523  3618 E MCSP_VOD.VOD_ERROR_OUT: [iudpMediaData][912]:[ZTESC ERROR]fec parity data error!iLen=1316!
09-09 12:07:45.817  3523  3618 I MCSP_VOD.TIMER_DEBUG_OUT: [vodTimeFunc][3142]:Timer 1030:  time out!
09-09 12:07:45.817  3523  3618 I MCSP_VOD.VOD_SENDTIME: [MediaClockUpdateTimeInfo][816]:[ID=0]TYPE_CHANNEL:CurrentPosition=1662718065, strCurrentClocktime=20220909T100745.00Z, PlayTimeLen=0, livestate=1, bTV=1.
09-09 12:07:45.817  3523  3618 I MCSP_VOD.VOD_DEBUG_OUT: [SendMsgToBW][2012]:VOD:Send to Subt success,usMsg=2032,lParam=0!
09-09 12:07:45.817  3523  3618 I MCSP_VOD.VOD_DEBUG_OUT: [SendMsgToBW][2026]:VOD:Send to Subt success,usMsg=2032,lParam=0,mediaType=4!
09-09 12:07:45.817  3523  3618 I MCSP_VOD.VOD_NETSTAT_OUT: [NetstatGetMDISample][2056]:MDINetstat : in sample cycle recv pkt size 140812 Bytes, iKbps:0,iNetstatId=0 
09-09 12:07:45.817  3523  3618 I MCSP_VOD.VOD_NETSTAT_OUT: [NetstatGetMDISample][2064]:MDINetstat : haven't get the bitrate ,so can't caculate DF!
09-09 12:07:45.817  3523  3618 I MCSP_VOD.VOD_NETSTAT_OUT: [NetstatTimeFunc][822]:VOD_MDI_SAMPLE_TIMER:Netstate bNetSqmAlarm= 0 bNetAlarmFlag = 0 
09-09 12:07:45.817  3523  3618 I MCSP_VOD.VOD_NETSTAT_OUT: [NetstatTimeFunc][906]:NETSTAT NORTP_BITRATE: id = 0 , Recv uiRecvRealSize = 140812, bitrate = 1.06 M bps, Lost Pkt = 0, Recv Pkt = 749, LostRate=0.00% in 1 second !
09-09 12:07:45.817  2148  4852 I compcommun: [postEvent]: MCSP_Media, iEventId: 4345857
09-09 12:07:45.817  3523  3618 I MCSP_VOD.VOD_NETSTAT_OUT: [NetstatTimeFunc][911]:NETSTAT BITRATE:Netstate Get Bitrate Range [49].
09-09 12:07:45.818  2148  4852 I BinderManager: MCSP_Media post event (0x425001)
09-09 12:07:45.818  2148  4852 I BinderManager: MCSP_Media post event (0x425001) to [TIF_Tvinput ] end.
09-09 12:07:45.818  3489  3509 I TVInput_QCS: (292)[MCSPMgr.notify]EvtID is 4345857
09-09 12:07:45.818  3489  3509 I TVInput_QCS: (292)[MCSPMgr.onEvtVodPlayTimeInfo]enter
09-09 12:07:45.818  3489  3509 I TVInput_QCS: (292)[MCSPMgr.onEvtVodPlayTimeInfo]iPlayerid:0;iPlayTimeLen:0;usTimeType:1;iNPTCurrentPlaytime:0;strCurrentClocktime:20220909T100745.00Z;iTV:1
09-09 12:07:45.818  3489  3509 I TVInput_QCS: (292)[PlayerMgr.getPlayerObjectByPlayerID]playerId=0
09-09 12:07:45.818  3489  3509 I TVInput_QCS: (292)[UNIPlayer.onEvtPlayTimeInfoTOVOD]iPlayTimeLen=0, usTimeType=1, iNPTCurrentPlaytime=0, strCurrentClocktime=20220909T100745.00Z, iTV=1
09-09 12:07:45.826  3523  3618 E MCSP_VOD.VOD_ERROR_OUT: [iudpMediaData][912]:[ZTESC ERROR]fec parity data error!iLen=1316!
09-09 12:07:45.826  3523  3618 I chatty  : uid=1000(system) vod_MainThread identical 4 lines
09-09 12:07:45.826  3523  3618 E MCSP_VOD.VOD_ERROR_OUT: [iudpMediaData][912]:[ZTESC ERROR]fec parity data error!iLen=1316!
09-09 12:07:45.827  3523  3618 I MCSP_VOD.VOD_NETSTAT_OUT: [NetstatOnAppProcess][1252]:NETSTAT: netstat bitrate result output:total=142128,result=49, iCurLostRate = 0 !
09-09 12:07:45.827  3523  3618 I MCSP_VOD.VOD_NETSTAT_OUT: [ProcessNetstatResult][12234]:NETSTAT: bitrate result = 49, Coding rate HD = 0
09-09 12:07:45.827  3523  3618 I MCSP_VOD.VOD_NETSTAT_OUT: [ProcessNetstatResult][12240]:NETSTAT: bitrate  = 0.00(Mbps), t_netStatEx.uiCodingRate =0
09-09 12:07:45.827  3523  3618 I MCSP_VOD.VOD_DEBUG_OUT: [SendMsgToBW][2012]:VOD:Send to Subt success,usMsg=2043,lParam=49!
09-09 12:07:45.827  3523  3618 I MCSP_VOD.VOD_DEBUG_OUT: [SendMsgToBW][2026]:VOD:Send to Subt success,usMsg=2043,lParam=49,mediaType=4!
09-09 12:07:45.827  3523  3618 I MCSP_VOD.VOD_STATE_OUT: [MP_MC_SendControlMsg][179]:SendMsgToBW: usCommand=[2043] : parameter=[49] 
09-09 12:07:45.827  3523  3618 I MCSP_VOD.VOD_DEBUG_OUT: [MP_MC_SendControlMsg][1093]:###   VOD_NETCOUNT_INF 
09-09 12:07:45.827  3523  3618 I MCSP_VOD.VOD_DEBUG_OUT: [fill_chann_qosdata][18928]:###################m_uBitrate = 0
09-09 12:07:45.827  3523  3618 I MCSP_VOD.VOD_DEBUG_OUT: [fill_chann_qosdata][19062]:VOD:m_channType = 0,PlayId=0,uiwparam=0 !
09-09 12:07:45.827  3523  3618 I MCSP_VOD.VOD_NETSTAT_OUT: [ProcessNetstatResult][12299]:Qos Alarm iCurLostRate = 0 bQosPktLostAlarm = 0
09-09 12:07:45.827  2148  4852 I compcommun: [postEvent]: MCSP_Media, iEventId: 4345859
09-09 12:07:45.827  3523  3618 I MCSP_VOD.VOD_DEBUG_OUT: [MCSP_VodNMAlarm][3619]:Alarm report, code=1001 iPlayerId=0 Value = 0 
09-09 12:07:45.828  2148  4852 I BinderManager: MCSP_Media post event (0x425003)
09-09 12:07:45.828  2148  4852 I BinderManager: MCSP_Media post event (0x425003) to [TIF_Tvinput ] end.
09-09 12:07:45.828  3523  3618 I McspCompCommun: MCSP_QueryService failed!
09-09 12:07:45.828  3523  3618 E CIntCompCommun: ERROR:CallIntMethod MCSP_QueryService failed!!!
09-09 12:07:45.828  3523  3618 E MCSP_VOD.libdispatcher: [130] [DispLib] GetAlarmItemInfo, MCSP_QueryService error, maybe MCSP_NetManager died
09-09 12:07:45.828  3489  3509 I TVInput_QCS: (292)[MCSPMgr.notify]EvtID is 4345859
09-09 12:07:45.828  3523  3618 E MCSP_VOD.libdispatcher: [246] [DispLib] Nm_GetAlarmItem: GetAlarmItemInfo failed 
09-09 12:07:45.829  3523  3618 E MCSP_VOD.libdispatcher: [370] [DispLib] NM_Alarm: failed NULL == pitem 
09-09 12:07:45.835  3523  3618 E MCSP_VOD.VOD_ERROR_OUT: [iudpMediaData][912]:[ZTESC ERROR]fec parity data error!iLen=1316!
09-09 12:07:45.836  3523  3618 I chatty  : uid=1000(system) vod_MainThread identical 4 lines
09-09 12:07:45.836  3523  3618 E MCSP_VOD.VOD_ERROR_OUT: [iudpMediaData][912]:[ZTESC ERROR]fec parity data error!iLen=1316!
09-09 12:07:45.838  3523  4137 I MCSP_VOD.VOD_DEBUG_OUT: [FindPESHeader][156]:adaptation_field_length 182
09-09 12:07:45.845  3523  3618 E MCSP_VOD.VOD_ERROR_OUT: [iudpMediaData][912]:[ZTESC ERROR]fec parity data error!iLen=1316!
09-09 12:07:45.884  3523  3618 I chatty  : uid=1000(system) vod_MainThread identical 28 lines
09-09 12:07:45.884  3523  3618 E MCSP_VOD.VOD_ERROR_OUT: [iudpMediaData][912]:[ZTESC ERROR]fec parity data error!iLen=1316!
09-09 12:07:45.884  3523  3618 I MCSP_VOD.TIMER_DEBUG_OUT: [vodTimeFunc][3142]:Timer 1110:  time out!
09-09 12:07:45.884  3523  3618 I MCSP_VOD.VOD_DEBUG_OUT: [vodTimeFunc][3165]:[SCID : 0]-[ZtescID : 0]-iVodToDecPktNum  = 114,MediaPktNum=0.BufUsedNum=0.
09-09 12:07:45.893  3523  3618 E MCSP_VOD.VOD_ERROR_OUT: [iudpMediaData][912]:[ZTESC ERROR]fec parity data error!iLen=1316!
09-09 12:07:45.912  3523  3618 I chatty  : uid=1000(system) vod_MainThread identical 15 lines
09-09 12:07:45.912  3523  3618 E MCSP_VOD.VOD_ERROR_OUT: [iudpMediaData][912]:[ZTESC ERROR]fec parity data error!iLen=1316!
09-09 12:07:45.914  1256  4854 W adbd    : timed out while waiting for FUNCTIONFS_BIND, trying again
09-09 12:07:45.914  1256  4854 I adbd    : UsbFfs: connection terminated: monitor thread finished
09-09 12:07:45.914  1256  1256 I adbd    : UsbFfs: already offline
09-09 12:07:45.914  1256  1256 I adbd    : destroying transport UsbFfs
09-09 12:07:45.915  1256  1256 I adbd    : UsbFfsConnection being destroyed
09-09 12:07:45.921  3523  3618 E MCSP_VOD.VOD_ERROR_OUT: [iudpMediaData][912]:[ZTESC ERROR]fec parity data error!iLen=1316!
09-09 12:07:45.922  3523  3618 I chatty  : uid=1000(system) vod_MainThread identical 5 lines
09-09 12:07:45.922  3523  3618 E MCSP_VOD.VOD_ERROR_OUT: [iudpMediaData][912]:[ZTESC ERROR]fec parity data error!iLen=1316!
09-09 12:07:45.924  3523  4137 I MCSP_VOD.VOD_DEBUG_OUT: [DecTimeFunc][65]:[PlayerId=0]DecCount = 105, DataLen = 153972 Bytes!
09-09 12:07:45.938  3523  3618 E MCSP_VOD.VOD_ERROR_OUT: [iudpMediaData][912]:[ZTESC ERROR]fec parity data error!iLen=1316!
09-09 12:07:45.950  3523  3618 I chatty  : uid=1000(system) vod_MainThread identical 16 lines
09-09 12:07:45.950  3523  3618 E MCSP_VOD.VOD_ERROR_OUT: [iudpMediaData][912]:[ZTESC ERROR]fec parity data error!iLen=1316!
09-09 12:07:45.958  1256  1270 I adbd    : opening control endpoint /dev/usb-ffs/adb/ep0
09-09 12:07:45.960  3523  3618 E MCSP_VOD.VOD_ERROR_OUT: [iudpMediaData][912]:[ZTESC ERROR]fec parity data error!iLen=1316!
09-09 12:07:45.962     0     0 I         : [  687.749735@2]  read descriptors
09-09 12:07:45.962     0     0 I         : [  687.750224@0]  read strings
09-09 12:07:45.961  3523  3618 I chatty  : uid=1000(system) vod_MainThread identical 5 lines
09-09 12:07:45.961  3523  3618 E MCSP_VOD.VOD_ERROR_OUT: [iudpMediaData][912]:[ZTESC ERROR]fec parity data error!iLen=1316!
09-09 12:07:45.964  1256  1270 I adbd    : UsbFfsConnection constructed
09-09 12:07:45.965  1256  4858 I adbd    : UsbFfs-monitor thread spawned
09-09 12:07:45.969  3523  3618 E MCSP_VOD.VOD_ERROR_OUT: [iudpMediaData][912]:[ZTESC ERROR]fec parity data error!iLen=1316!
09-09 12:07:46.075  3523  3618 I chatty  : uid=1000(system) vod_MainThread identical 70 lines
09-09 12:07:46.075  3523  3618 E MCSP_VOD.VOD_ERROR_OUT: [iudpMediaData][912]:[ZTESC ERROR]fec parity data error!iLen=1316!
09-09 12:07:46.082  3523  4857 I Aml_MP  : AmlMpPlayerDemo_AmlDemuxBase notify filter:0, version:2
09-09 12:07:46.082  3523  4857 I Aml_MP  : AmlMpPlayerDemo_Parser ecm cb, pid:0x1001, size:124
09-09 12:07:46.082  3523  4857 I Aml_MP  : AmlMpPlayerImpl_0 programEventCallback: ecmData parsed, size:124
09-09 12:07:46.082  3523  4857 I Aml_MP  : AmlMpPlayerImpl_0 programEventCallback: ecmPid: 4097, ecmData: size:124, hexStr:81 B0 79 56 00 C5 00 00 56 4D 45 43 4D 02 00 02 00 00 75 33 00 00 00 00 D4 47 30 3C 97 23 51 7C 51 9D 98 54 2D 28 78 42 65 88 D2 18 01 89 04 49 A9 2B D2 8A 62 6A B3 FF 29 7A BB E7 BC 6F BC 5E DD 33 27 D4 0A 7F 77 42 5E 6E 7D FD DF 82 84 49 B3 5B 33 2E B1 8C 67 3F FC 15 C1 B1 1B 70 D9 E4 49 BE 07 7D CD EC 79 0C 19 99 04 D5 F3 5F 85 30 45 D6 F8 6A 45 D5 A3 9B 07 C6 47 27 
09-09 12:07:46.082  3523  4857 V VMXIPTV : [0] processEcm at # 474 dsc_devnum=0 isvecm=1, ivpidecm 0x1001 iapidecm 0x1001,buflen=124
09-09 12:07:46.082  3523  4857 I MCSP_VOD.DRM_LOG: [LogMessage][123]: vmx_debug (2022-09-09 12:07:46:082)	[ TRACE]	 [0-5] Reset
09-09 12:07:46.085  3523  3618 E MCSP_VOD.VOD_ERROR_OUT: [iudpMediaData][912]:[ZTESC ERROR]fec parity data error!iLen=1316!
09-09 12:07:46.086  3523  3618 I chatty  : uid=1000(system) vod_MainThread identical 5 lines
09-09 12:07:46.086  3523  3618 E MCSP_VOD.VOD_ERROR_OUT: [iudpMediaData][912]:[ZTESC ERROR]fec parity data error!iLen=1316!
09-09 12:07:46.097  3523  4857 I MCSP_VOD.DRM_LOG: [LogMessage][123]: vmx_debug (2022-09-09 12:07:46:097)	[ TRACE]	 [0-5] Parse ECM for id 30003 : 0x00000000
09-09 12:07:46.104  3523  3618 E MCSP_VOD.VOD_ERROR_OUT: [iudpMediaData][912]:[ZTESC ERROR]fec parity data error!iLen=1316!
09-09 12:07:46.105  3523  3618 I chatty  : uid=1000(system) vod_MainThread identical 9 lines
09-09 12:07:46.105  3523  3618 E MCSP_VOD.VOD_ERROR_OUT: [iudpMediaData][912]:[ZTESC ERROR]fec parity data error!iLen=1316!
09-09 12:07:46.107  3523  4857 V VMXIPTV : [0] Alg : 2 
09-09 12:07:46.107  3523  4857 V VMXIPTV : [0] open_descrambler_session at # 79 dsc_devnum=0, server_index=64, vpid 0x100 , apid 0x101 vecmpid 0x1001 pipeline_handle_iptv 1
09-09 12:07:46.107  3523  4857 I am_ca_dsc: ca_alloc_chan dev:0, pid:0x100, algo:0, dsc_type:0
09-09 12:07:46.107  3523  4857 I am_ca_dsc: ca_alloc_chan, index:6
09-09 12:07:46.108  3523  4857 I am_ca_dsc: ca_alloc_chan dev:0, pid:0x101, algo:0, dsc_type:0
09-09 12:07:46.108  3523  4857 I am_ca_dsc: ca_alloc_chan, index:7
09-09 12:07:46.109  3523  4857 I VMXCA_CLIENT: [VMXCA_PipelineOpenDscSession,484] s:0
09-09 12:07:46.109  3523  4857 V VMXIPTV : [0] dsc_info.algo 2
09-09 12:07:46.110  3523  4857 I VMXCA_CLIENT: [VMXCA_PipelineSetDscSessionInfo,572] h:1 s:0
09-09 12:07:46.110  3523  4857 I VMXCA_CLIENT: [VMXCA_PipelineDscSessionAllocKeytable,625] h:1 s:0, type:0, kte:0x42
09-09 12:07:46.110  3523  4857 I VMXCA_CLIENT: [VMXCA_PipelineDscSessionAllocKeytable,625] h:1 s:0, type:1, kte:0x43
09-09 12:07:46.110  3523  4857 I am_ca_dsc: ca_set_key dev:0, index:6, parity:0, key_index:0x42
09-09 12:07:46.110  3523  4857 I am_ca_dsc: ca_set_key ok, index:6, parity:0, key_index:0x42
09-09 12:07:46.110  3523  4857 I am_ca_dsc: ca_set_key dev:0, index:6, parity:2, key_index:0x43
09-09 12:07:46.110  3523  4857 I am_ca_dsc: ca_set_key ok, index:6, parity:2, key_index:0x43
09-09 12:07:46.111  3523  4857 I am_ca_dsc: ca_set_key dev:0, index:7, parity:0, key_index:0x42
09-09 12:07:46.111  3523  4857 I am_ca_dsc: ca_set_key ok, index:7, parity:0, key_index:0x42
09-09 12:07:46.111  3523  4857 I am_ca_dsc: ca_set_key dev:0, index:7, parity:2, key_index:0x43
09-09 12:07:46.111  3523  4857 I am_ca_dsc: ca_set_key ok, index:7, parity:2, key_index:0x43
09-09 12:07:46.111  3523  4857 I VMXCA_CLIENT: [VMXCA_PipelineDscSessionAllocKeytable,625] h:1 s:0, type:2, kte:0x80000020
09-09 12:07:46.111  3523  4857 V VMXIPTV : [0] alloc even iv , ret:0
09-09 12:07:46.112  3523  4857 I VMXCA_CLIENT: [VMXCA_PipelineDscSessionAllocKeytable,625] h:1 s:0, type:3, kte:0x80000021
09-09 12:07:46.112  3523  4857 V VMXIPTV : [0] alloc odd iv , ret:0
09-09 12:07:46.112  3523  4857 I am_ca_dsc: ca_set_key dev:0, index:6, parity:1, key_index:0x80000020
09-09 12:07:46.112  3523  4857 I am_ca_dsc: ca_set_key ok, index:6, parity:1, key_index:0x80000020
09-09 12:07:46.112  3523  4857 I am_ca_dsc: ca_set_key dev:0, index:6, parity:3, key_index:0x80000021
09-09 12:07:46.112  3523  4857 I am_ca_dsc: ca_set_key ok, index:6, parity:3, key_index:0x80000021
09-09 12:07:46.112  3523  4857 I am_ca_dsc: ca_set_key dev:0, index:7, parity:1, key_index:0x80000020
09-09 12:07:46.112  3523  4857 I am_ca_dsc: ca_set_key ok, index:7, parity:1, key_index:0x80000020
09-09 12:07:46.112  3523  4857 I am_ca_dsc: ca_set_key dev:0, index:7, parity:3, key_index:0x80000021
09-09 12:07:46.112  3523  4857 I am_ca_dsc: ca_set_key ok, index:7, parity:3, key_index:0x80000021
09-09 12:07:46.112  3523  4857 V VMXIPTV : [0] set DSC, ret:0
09-09 12:07:46.112  3523  4857 V VMXIPTV : [0] set algo mode to eEncAlg_AESECBT.
09-09 12:07:46.114  3523  3618 E MCSP_VOD.VOD_ERROR_OUT: [iudpMediaData][912]:[ZTESC ERROR]fec parity data error!iLen=1316!
09-09 12:07:46.123  3523  3618 I chatty  : uid=1000(system) vod_MainThread identical 10 lines
09-09 12:07:46.123  3523  3618 E MCSP_VOD.VOD_ERROR_OUT: [iudpMediaData][912]:[ZTESC ERROR]fec parity data error!iLen=1316!
09-09 12:07:46.130  3523  4857 V VMXIPTV : eReason is 0, decode_status is 0
09-09 12:07:46.130  3523  4857 D DECODER_TS: [pfAmlDecNotifyVidInfo][3442]:Start pfAmlDecNotifyVidInfo. event is 0x6002
09-09 12:07:46.130  3523  4857 D DECODER_TS: [pfAmlDecNotifyVidInfo][3533]:[pfAmlDecNotifyVidInfo] pfAmlDecNotifyCasInfo
09-09 12:07:46.130  3523  4857 D DECODER_TS: [pfAmlDecNotifyCasInfo][3705]:Start pfAmlDecNotifyCasInfo. event = 0x6002.
09-09 12:07:46.131  3523  4857 I MCSP_VOD.VOD_DEBUG_OUT: [DecStateCallBack][81]:nID = 0, iMsg = 29, wparam = 0, lparam = 0.
09-09 12:07:46.131  3523  4857 I MCSP_VOD.VOD_DEBUG_OUT: [McspSendAsynMsgToVod][1936]:[ McspSendAsynMsgToVod ]iMsgType==1601 
09-09 12:07:46.134     0     0 I [  687.922604@0]  resman: 33 acquire [decoder], preempt yes
09-09 12:07:46.134     0     0 I [  687.922623@2]  resman: 33 acquire [decoder] success
09-09 12:07:46.134     0     0 I [  687.922680@2]  resman: 33 acquire [codec_mm], preempt yes
09-09 12:07:46.134     0     0 I [  687.922692@2]  resman: 33 score 80 secure yes
09-09 12:07:46.134     0     0 I [  687.922700@2]  resman: 33 acquire [codec_mm] success
09-09 12:07:46.134     0     0 I [  687.922750@2]  resman: 33 acquire [di], preempt yes
09-09 12:07:46.134     0     0 I [  687.922757@2]  resman: 33 acquire [di] success
09-09 12:07:46.131  3523  4857 D DECODER_TS: [pfAmlDecNotifyCasInfo][3717]:[pfAmlDecNotifyCasInfo] AML_MP_PLAYER_EVENT_CAS_STATE_OK = 0x6002, DEC_VMX_SUCCESS = 0 .
09-09 12:07:46.131  3523  4857 V VMXIPTV : [0] processEcm at # 489 setecm ret 0 after 
09-09 12:07:46.131  3523  4857 E VMXIPTV : [0] setecm 48652 us
09-09 12:07:46.131  3523  4857 I Aml_MP  : AmlMpPlayerImpl_0 STATE_PREPARING -> STATE_PREPARED
09-09 12:07:46.131  3523  4857 I Aml_MP  : AmlMpPlayerImpl_0 [startVideoDecoding_l:1077] 
09-09 12:07:46.131  3523  4857 I Aml_MP  : AmlTsPlayer_0 amtsplayer video params seted.
09-09 12:07:46.131  3523  4857 I Aml_MP  : AmlTsPlayer_0 amtsplayer handle:0xeabb77d0, video codec:3, pid: 0x100
09-09 12:07:46.131  3523  4857 I TsPlayer: [No-4](0xde8c8710) SetVideoParams vpid:0x100 vcodecType:3 vsecuLevel 0x0
09-09 12:07:46.131  3523  4857 I resman  : acquire fd:72, restype:7, preempt:1, time_out:10000, arg:
09-09 12:07:46.132  3523  4857 I resman  : acquire fd:72, restype:5, preempt:1, time_out:10000, arg:size:80,secure
09-09 12:07:46.132  3523  4857 I resman  : acquire fd:72, restype:9, preempt:1, time_out:10000, arg:
09-09 12:07:46.132  3523  3618 E MCSP_VOD.VOD_ERROR_OUT: [iudpMediaData][912]:[ZTESC ERROR]fec parity data error!iLen=1316!
09-09 12:07:46.138     0     0 W [  687.925394@2]  mem_desc: find bufferid 63 & 127 for es
09-09 12:07:46.132  3523  3618 I chatty  : uid=1000(system) vod_MainThread identical 4 lines
09-09 12:07:46.132  3523  3618 E MCSP_VOD.VOD_ERROR_OUT: [iudpMediaData][912]:[ZTESC ERROR]fec parity data error!iLen=1316!
09-09 12:07:46.132  3523  4857 I TsPlayer: [No-4](0xeaa90ea0) EsDataHandler dmx:0xe5fc3fd0
09-09 12:07:46.132  3523  3618 I MCSP_VOD.VOD_DEBUG_OUT: [MCSP_VodEvtProcess][697]:playerid = [0],iCmdType = 1601
09-09 12:07:46.133  3523  3618 I MCSP_VOD.VOD_DEBUG_OUT: [MediaClockGetDuration][846]:[ID=0]Duration is: 0!
09-09 12:07:46.133  3523  3618 I MCSP_VOD.VOD_DEBUG_OUT: [vodDecodeState][1589]:start of vodDecodeState nID = 0,msg = 29, wparam = 0, lparam = 0
09-09 12:07:46.133  3523  3618 I MCSP_VOD.VOD_DEBUG_OUT: [vodDecodeState][1797]:VOD:VOD MEDIA_DEC_DRM_ERR wparam = 0 ,lparam = 0. In vodDecodeState!
09-09 12:07:46.133  3523  3618 I MCSP_VOD.VOD_DEBUG_OUT: [vodDecodeState][1821]:unknow drm error evt.
09-09 12:07:46.133  3523  4857 I TsPlayer: [No-4](0xde8c8710) VideoTypeConvert type 3 fmt 2
09-09 12:07:46.133  3523  4857 I TsAmHwMultiDemuxWrapper: [No-4](0xe5fc3fd0) AmDemuxWrapperSetVideoParam vpid:0x100 seculevel 2
09-09 12:07:46.133  3523  4857 I TsAmHwMultiDemuxWrapper: [No-4](0xe5fc3fd0) AmDemuxWrapperSetVideoParam vparam.flags:0x30002  seculevel:2
09-09 12:07:46.133  3523  4857 I TsAmHwMultiDemuxWrapper: [No-4](0xe5fc3fd0) AmDemuxWrapperSetVideoParam AM_DMX_AllocateFilter
09-09 12:07:46.133  3523  4857 E TsAmLinuxDvb: [No-4](0xeabdf810) dvb_alloc_filter open (/dev/dvb0.demux0) ok! fd:82 
09-09 12:07:46.133  3523  4857 I TsAmHwMultiDemuxWrapper: [No-4](0xe5fc3fd0) AmDemuxWrapperSetVideoParam (fid:0) AM_DMX_SetCallback
09-09 12:07:46.133  3523  4857 I TsAmHwMultiDemuxWrapper: [No-4](0xe5fc3fd0) AmDemuxWrapperSetVideoParam AM_DMX_SetBufferSize
09-09 12:07:46.134  3523  4857 I TsAmHwMultiDemuxWrapper: [No-4](0xe5fc3fd0) AmDemuxWrapperSetVideoParam AM_DMX_SetPesFilter
09-09 12:07:46.134  3523  4857 I TsAmLinuxDvb: [No-4](0xeabdf810) dvb_set_pes_filter dvb_set_pes_filter success
09-09 12:07:46.134  3523  4857 I TsAmDmxDevice: [No-4](0xde680010) AM_DMX_SetPesFilter set pes filter 0 PID 256
09-09 12:07:46.134  3523  4857 I TsAmHwMultiDemuxWrapper: [No-4](0xe5fc3fd0) AmDemuxWrapperSetVideoParam AM_DMX_StartFilter
09-09 12:07:46.137  3523  4857 I TsAmHwMultiDemuxWrapper: [No-4](0xe5fc3fd0) AmDemuxWrapperSetVideoParam ok
09-09 12:07:46.137  3523  4857 I TsPlayer: [No-4](0xde8c8710) StartVideoDecoding new VideodecNonTunnelWrapper
09-09 12:07:46.137  3523  4857 I AmVideoDec: AmVideoDec version: V3.2.128-gf56c80f  (jian.cai  Wed May 25 20:45:03 CST 2022), mHalInstanceID 4, mHalInstancenum 1
09-09 12:07:46.137  3523  4857 I AmVideoDec: vendor.mediahal.loglevels is not set used def = 1
09-09 12:07:46.137  3523  4857 I AmVideoDec: [0] "new VideoDec\n"
09-09 12:07:46.137  3523  4857 I AmVideoDec: open dec_stat fd -1
09-09 12:07:46.137  3523  4857 I VideoTunnelDisplay: [No-4](0xeaa56390) VideoTunnelDisplay in
09-09 12:07:46.138  3523  4857 I VideoTunnelDisplay: [No-4](0xeaa56390) VideoTunnelDisplay ok
09-09 12:07:46.138  3523  4857 I VideoTunnelDisplay: [No-4](0xeaa56390) setClearLastFrame mClearLastFrame (0).
09-09 12:07:46.138  3523  4857 I VideodecNonTunnelWrapper: [No-4](0xe5f032d0) VideodecNonTunnelWrapper blackout:0
09-09 12:07:46.139  3523  4857 V VideodecNonTunnelWrapper: [No-4](0xe5f032d0) registerCallback 
09-09 12:07:46.139  3523  4857 I TsPlayer: [No-4](0xde8c8710) StartVideoDecoding non tunnel mode
09-09 12:07:46.139  3523  4857 I VideoTunnelDisplay: [No-4](0xeaa56390) SetSurface mTunnelId 0
09-09 12:07:46.139  3523  4857 I VideoTunnelDisplay: [No-4](0xeaa56390) Connect in
09-09 12:07:46.140  3523  4857 E VideoTunnelDisplay: [No-4](0xeaa56390) Connect meson_vt_open success with mVideoTunnelFd:83 mTunnelId:0
09-09 12:07:46.140  3523  4857 I VideoTunnelDisplay: [No-4](0xeaa56390) Connect meson_vt_connect success!
09-09 12:07:46.140  3523  4857 I VideoTunnelDisplay: [No-4](0xeaa56390) Connect ok
09-09 12:07:46.140  3523  4857 I Aml_MP  : AmlMpPlayerImpl_0 STATE_PREPARED -> STATE_RUNNING
09-09 12:07:46.140  3523  4857 I Aml_MP  : AmlMpPlayerImpl_0 [startVideoDecoding_l:1106] end
09-09 12:07:46.140  3523  4856 I TsPlayer: [No-4](0xde8c8710) TSP_onMessageReceived kWhatStartVideo dmx_buf_phy_start:0x647a0000 dmx_total_size:15728640
09-09 12:07:46.140  3523  4856 I TsPlayer: [No-4](0xde8c8710) TSP_onMessageReceived kWhatStartVideo mWriteEs->OnWriteEsStart Video
09-09 12:07:46.140  3523  4856 I TsPlayer: [No-4](0xeaa90ea0) StartVideoFilter EsDataHandler
09-09 12:07:46.140  3523  4857 I Aml_MP  : AmlMpPlayerImpl_0 [startAudioDecoding_l:1148] 
09-09 12:07:46.140  3523  4857 I Aml_MP  : AmlTsPlayer_0 amtsplayer audio params seted.
09-09 12:07:46.140  3523  4857 I Aml_MP  : AmlTsPlayer_0 amtsplayer handle:0xeabb77d0, audio codec:6, pid: 0x101
09-09 12:07:46.140  3523  4857 I TsPlayer: [No-4](0xde8c8710) SetAudioParams (Previous apid:0x1fff)
09-09 12:07:46.140  3523  4857 I TsPlayer: [No-4](0xde8c8710) SetAudioParams pid:0x101 dmxId:0 codetype:6
09-09 12:07:46.140  3523  4857 I TsPlayer: [No-4](0xde8c8710) StartAudioDecoding 
09-09 12:07:46.140  3523  4857 I Aml_MP  : AmlMpPlayerImpl_0 [startAudioDecoding_l:1186] end
09-09 12:07:46.140  3523  4857 I Aml_MP  : AmlMpPlayerImpl_0 [startSubtitleDecoding_l:1322] 
09-09 12:07:46.140  3523  4857 I Aml_MP  : AmlPlayerBase_0 startSubtitleDecoding
09-09 12:07:46.140  3523  4857 I Aml_MP  : AmlMpPlayerImpl_0 [startSubtitleDecoding_l:1352] end
09-09 12:07:46.140  3523  4857 I Aml_MP  : AmlMpPlayerImpl_0 [startADDecoding_l:1237] 
09-09 12:07:46.141  3523  4856 I TsPlayer: [No-4](0xde8c8710) VideoTypeConvert type 3 fmt 2
09-09 12:07:46.141  3523  4856 I TsPlayer: [No-4](0xde8c8710) AudioTypeConvert type 6 fmt 2
09-09 12:07:46.141  3523  4856 I AmVideoDec: [0] "initialize mime video/avc secureMode is 1\n"
09-09 12:07:46.141  3523  4861 I AmportsAdaptor: VideoCodecProfileToVFmt profile 10, vfmt 2
09-09 12:07:46.141  3523  4861 V c2dbg   : vendor.media.omx.dumpRecv is disabled
09-09 12:07:46.141  3523  4861 V c2dbg   : vendor.media.omx.dumpCodec is disabled
09-09 12:07:46.141  3523  3618 E MCSP_VOD.VOD_ERROR_OUT: [iudpMediaData][912]:[ZTESC ERROR]fec parity data error!iLen=1316!
09-09 12:07:46.141  3523  4861 I AmVideoDec: vendor.amportsAdaptor.debuglevel is not set used def = 0
09-09 12:07:46.142  3523  4861 I AmCodecVDA: [No--1](0xea5c3df0) AmCodecVDA debuglevel:0 
09-09 12:07:46.142  3523  4861 I AmCodecVDA: AmCodecVDAH264
09-09 12:07:46.146     0     0 D [  687.934755@2]  v4lvid: dbg: v4lvideo open
09-09 12:07:46.142  3523  3618 E MCSP_VOD.VOD_ERROR_OUT: [iudpMediaData][912]:[ZTESC ERROR]fec parity data error!iLen=1316!
09-09 12:07:46.146     0     0 I         : [  687.935267@1]  [mode_store]tsync_mode=1, buf=1
09-09 12:07:46.146     0     0 D         : [  687.935474@1]  the vdec            clock on, ref cnt: 1
09-09 12:07:46.146     0     0 D         : [  687.935497@1]  the clk_vdec_mux    clock on, ref cnt: 1
09-09 12:07:46.146     0     0 D         : [  687.935630@1]  vdec mux clock is 799999988 Hz
09-09 12:07:46.146     0     0 D         : [  687.935806@1]  the pwrc-vdec       power on
09-09 12:07:46.146     0     0 D         : [  687.935892@1]  vdec_create instance 00000000eeff75c4, total 1, PM: power-domain
09-09 12:07:46.146     0     0 E         : [  687.936016@1]  set drmmode, input must be normal buffer
09-09 12:07:46.146     0     0 E         : [  687.936024@1]  vdec port_flag with drmmode
09-09 12:07:46.146     0     0 I         : [  687.936215@1]  streambuf is alloced, buf_start 0x0, extbuf 0x647a0000
09-09 12:07:46.146     0     0 I         : [  687.936225@1]  vdec_init, dev_name:ammvdec_h264, vdec_type=VDEC_TYPE_STREAM_PARSER, format: 2
09-09 12:07:46.146     0     0 I [  687.936247@1]  [0]: [VIDEO-stbuf-0] addr: 647a0000, size: f00000, thrRW: 0, extbuf: 1, secure: 1
09-09 12:07:46.142  3523  3618 I chatty  : uid=1000(system) vod_MainThread identical 3 lines
09-09 12:07:46.142  3523  3618 E MCSP_VOD.VOD_ERROR_OUT: [iudpMediaData][912]:[ZTESC ERROR]fec parity data error!iLen=1316!
09-09 12:07:46.142  3523  4861 I AmCodecVDA: [No--1](0xea5c3df0) initialize mConfig.drmMode 2
09-09 12:07:46.142  3523  4861 I AmCodecWrapper: AmCodecWrapper mCodecParam 0xd24066e0, drmmode 2
09-09 12:07:46.143  3523  4861 I AmCodecWrapper: mVideoPath 0
09-09 12:07:46.143  3523  4861 I AmCodecVDA: AmCodecVDAH264::codecInit
09-09 12:07:46.143  3523  4861 I AmVideoDec: vendor.media.video.linkmode is not set used def = 0
09-09 12:07:46.143  3523  4861 I AmVideoDec: vendor.media.video.show_first_frame_nosync is not set used def = 1
09-09 12:07:46.143  3523  4861 I AmCodecVDA: [No--1](0xea5c3df0) codecInit DisPlay mode is V4LVIDEO
09-09 12:07:46.143  3523  4861 I AmCodecWrapper: AmCodecWrapper::setTsyncEnable 1
09-09 12:07:46.143  3523  4861 I AmCodecWrapper: AmCodecWrapper::setFastShowFrameEnable 1
09-09 12:07:46.143  3523  4861 I AmCodecVDA: [No--1](0xea5c3df0) codecInit decoder type 2, display mode 3, video path 9
09-09 12:07:46.143  3523  4861 I AmVideoDec: vendor.amportsAdaptor.v4lvideodebug is not set used def = 0
09-09 12:07:46.143  3523  4861 I AmCodecV4l2OutputDevice: [No--1](0xea981a50) AmCodecV4l2OutputDevice 
09-09 12:07:46.144  3523  4861 I AmCodecV4l2OutputDevice: [No--1](0xea981a50) init  open /dev/v4lvideo 
09-09 12:07:46.144  3523  4861 I AmCodecV4l2OutputDevice: [No--1](0xea981a50) init (0xea981a50) alloc v4lvideo device instance mV4lvideoHandle:86 ID:0
09-09 12:07:46.144  3523  4861 I AmCodecV4l2OutputDevice: [No--1](0xea981a50) init  open /dev/v4lvideo mDevName 
09-09 12:07:46.144  3523  4861 I AmCodecV4l2OutputDevice: [No--1](0xea981a50) init V4L DEVICE open /dev/video30, mFd 87
09-09 12:07:46.144  3523  4861 I AmCodecV4l2OutputDevice: [No--1](0xea981a50) init V4L DEVICE setfmt /dev/video30, ret 0
09-09 12:07:46.144  3523  4861 I AmCodecV4l2OutputDevice: [No--1](0xea981a50) start in
09-09 12:07:46.144  3523  4861 I AmCodecV4l2OutputDevice: [No--1](0xea981a50) start in
09-09 12:07:46.144  3523  4861 I AmCodecV4l2OutputDevice: [No--1](0xea981a50) init V4L DEVICE start ret 0
09-09 12:07:46.144  3523  4861 I AmCodecVDA: AmCodecVDAH264::doCodecSpec
09-09 12:07:46.144  3523  4861 I AmCodecWrapper: setVideoConfig config_len 14
09-09 12:07:46.144  3523  4861 I AmCodecWrapper: setFormat vformat 2, aformat 0, vpid 256, apid 257 pcrid 8191 
09-09 12:07:46.144  3523  4861 I AmCodecWrapper: setVideoStreamType type 1
09-09 12:07:46.144  3523  4861 I AmCodecWrapper: setResolution width 0, height 0
09-09 12:07:46.144  3523  4861 I AmCodecWrapper: setVideoType type 2
09-09 12:07:46.144  3523  4861 I AmCodecWrapper: setFramebasePath PATH 9
09-09 12:07:46.144  3523  4861 I AmCodecWrapper: setReceiveId receiveid 0
09-09 12:07:46.144  3523  4861 I AmCodecWrapper: AmCodecWrapper::setSyncMode 1
09-09 12:07:46.144  3523  4861 I AmCodecWrapper: mDemuxType 1 dmx_dev_id:0 dmx_player_id:0
09-09 12:07:46.144  3523  4861 I AmCodecWrapper: setDemuxStbufInfo start:0x647a0000 size:15728640
09-09 12:07:46.144  3523  4861 I amcodec : vcodec_video_es_init type 2, pcodec->video_type 2
09-09 12:07:46.144  3523  4861 I amcodec : vcodec_h_open port_addr /dev/amstream_vbuf_sched
09-09 12:07:46.145  3523  4861 I amcodec : set v4lvideo receive id 0, r 0
09-09 12:07:46.145  3523  4861 I amcodec : video config negative_dv:0;
09-09 12:07:46.145  3523  4861 I amcodec : vcodec_h_open port_addr /dev/amvideo
09-09 12:07:46.145  3523  4861 I amcodec : meta.stbuf_flag 0x1
09-09 12:07:46.145  3523  4861 I amcodec : MSTREAM_IOC_INIT_EX_STBUF start:0x647a0000 stbuf_size:15728640 
09-09 12:07:46.151  3523  3618 E MCSP_VOD.VOD_ERROR_OUT: [iudpMediaData][912]:[ZTESC ERROR]fec parity data error!iLen=1316!
09-09 12:07:46.158     0     0 D         : [  687.948068@1]  ammvdec_h264_mmu_init tvp = 0x4 mmu_enable 0
09-09 12:07:46.158     0     0 D         : [  687.948081@0]  decoder_bmmu_box_alloc_box, tvp_flags = 4
09-09 12:07:46.158     0     0 D [  687.948091@0]  0: pdata->config=negative_dv:0;
09-09 12:07:46.158     0     0 D [  687.948103@0]  0: discard dv data
09-09 12:07:46.158     0     0 D [  687.948112@0]  0: ammvdec_h264_probe mmu_enable 0 double_write_mode 0x0
09-09 12:07:46.158     0     0 D [  687.948151@0]  0: ammvdec_h264 mem-addr=0,buff_offset=5b880000,buf_start=5b870000
09-09 12:07:46.158     0     0 D         : [  687.948283@0]  vdec mux clock is 799999988 Hz
09-09 12:07:46.158     0     0 D         : [  687.948289@0]  vdec1 video changed to 3840 x 2160 60 fps clk->800MHZ
09-09 12:07:46.158     0     0 W         : [  687.948295@0]  H264 sysinfo: 0x0 duration=3200, pts_outside=0
09-09 12:07:46.158     0     0 D         : [  687.948299@0]  sync_outside=0, use_idr_framerate=0, is_used_v4l: 0
09-09 12:07:46.158     0     0 I         : [  687.948368@0]  [TEE], the fw (h264_multi) will be loaded...
09-09 12:07:46.158     0     0 D         : [  687.948392@0]  vh264_init, phy_addr=52886000 vaddr=000000004d7e6760
09-09 12:07:46.151  3523  3618 I chatty  : uid=1000(system) vod_MainThread identical 4 lines
09-09 12:07:46.151  3523  3618 E MCSP_VOD.VOD_ERROR_OUT: [iudpMediaData][912]:[ZTESC ERROR]fec parity data error!iLen=1316!
09-09 12:07:46.160  3523  4861 I AmCodecWrapper: vcodec_init format(2) [0:0], type 2, rate 0, path 9, ret 0
09-09 12:07:46.160  3523  4861 I AmVideoDec: vendor.amportsAdaptor.ptsdebug is not set used def = 0
09-09 12:07:46.160  3523  4861 I PtsServ : [No--1](0xea7c5ab0) PtsServ debug_level:0
09-09 12:07:46.160  3523  4861 I AmCodecVDA: [No--1](0xea5c3df0) startDecodeThread in
09-09 12:07:46.160  3523  4861 I AmCodecVDA: [No--1](0xea5c3df0) startDecodeThread end
09-09 12:07:46.160  3523  4861 I AmCodecVDA: [No--1](0xea5c3df0) initialize subtitleFlg : 2 
09-09 12:07:46.160  3523  4861 I AmCodecVDA: [No--1](0xea5c3df0) startDisplayThread in
09-09 12:07:46.160  3523  4862 I AmCodecVDA: [No--1](0xea5c3df0) decodeThreadLoop decodeThreadLoop in
09-09 12:07:46.162     0     0 D         : [  687.949929@0]  vfm map vdec-map-0 created
09-09 12:07:46.162     0     0 I [  687.949967@0]  dim: ch[1]:di_receiver_event_fun,8:_REG
09-09 12:07:46.162     0     0 I [  687.949973@0]  dim: reg:vdec.h264.00[4]
09-09 12:07:46.162     0     0 I [  687.950529@0]  dim: reg:use[1]ms
09-09 12:07:46.162     0     0 E [  687.950557@1]  reg: v4lvideo inst=0
09-09 12:07:46.162     0     0 I [  687.950571@1]  dim: ch[1]:di_receiver_event_fun,3:_START
09-09 12:07:46.160  3523  4861 I AmCodecVDA: [No--1](0xea5c3df0) initialize mNumOutputBuffers 8, mDecoderType 2, mVideoPath 9, mDisplayMode 3
09-09 12:07:46.162     0     0 D         : [  687.950577@1]  vdec_init, vf_provider_name = vdec.h264.00, b 0
09-09 12:07:46.160  3523  3618 E MCSP_VOD.VOD_ERROR_OUT: [iudpMediaData][912]:[ZTESC ERROR]fec parity data error!iLen=1316!
09-09 12:07:46.162     0     0 I         : [  687.950594@1]  vdec->port_flag=0x182, port_flag=0x10b
09-09 12:07:46.163     0     0 I         : [  687.952047@1]  AMSTREAM_SET_VIDEO_ID video_id: 4
